Archive member included to satisfy reference by file (symbol)

C:\Users\ripst\Desktop\stm32_f746_spectrum_analyzer\FFT_test\Lib\libarm_cortexM7lfsp_math.a(arm_rfft_fast_init_f32.o)
                              ./Core/Src/main.o (arm_rfft_fast_init_f32)
C:\Users\ripst\Desktop\stm32_f746_spectrum_analyzer\FFT_test\Lib\libarm_cortexM7lfsp_math.a(arm_rfft_fast_f32.o)
                              ./Core/Src/main.o (arm_rfft_fast_f32)
C:\Users\ripst\Desktop\stm32_f746_spectrum_analyzer\FFT_test\Lib\libarm_cortexM7lfsp_math.a(arm_cfft_f32.o)
                              C:\Users\ripst\Desktop\stm32_f746_spectrum_analyzer\FFT_test\Lib\libarm_cortexM7lfsp_math.a(arm_rfft_fast_f32.o) (arm_cfft_f32)
C:\Users\ripst\Desktop\stm32_f746_spectrum_analyzer\FFT_test\Lib\libarm_cortexM7lfsp_math.a(arm_common_tables.o)
                              C:\Users\ripst\Desktop\stm32_f746_spectrum_analyzer\FFT_test\Lib\libarm_cortexM7lfsp_math.a(arm_rfft_fast_init_f32.o) (twiddleCoef_rfft_4096)
C:\Users\ripst\Desktop\stm32_f746_spectrum_analyzer\FFT_test\Lib\libarm_cortexM7lfsp_math.a(arm_bitreversal2.o)
                              C:\Users\ripst\Desktop\stm32_f746_spectrum_analyzer\FFT_test\Lib\libarm_cortexM7lfsp_math.a(arm_cfft_f32.o) (arm_bitreversal_32)
C:\Users\ripst\Desktop\stm32_f746_spectrum_analyzer\FFT_test\Lib\libarm_cortexM7lfsp_math.a(arm_cfft_radix8_f32.o)
                              C:\Users\ripst\Desktop\stm32_f746_spectrum_analyzer\FFT_test\Lib\libarm_cortexM7lfsp_math.a(arm_cfft_f32.o) (arm_radix8_butterfly_f32)
c:/st/stm32cubeide_1.12.0/stm32cubeide/plugins/com.st.stm32cube.ide.mcu.externaltools.gnu-tools-for-stm32.10.3-2021.10.win32_1.0.200.202301161003/tools/bin/../lib/gcc/arm-none-eabi/10.3.1/../../../../arm-none-eabi/lib/thumb/v7e-m+fp/hard\libc_nano.a(lib_a-errno.o)
                              ./Core/Src/syscalls.o (__errno)
c:/st/stm32cubeide_1.12.0/stm32cubeide/plugins/com.st.stm32cube.ide.mcu.externaltools.gnu-tools-for-stm32.10.3-2021.10.win32_1.0.200.202301161003/tools/bin/../lib/gcc/arm-none-eabi/10.3.1/../../../../arm-none-eabi/lib/thumb/v7e-m+fp/hard\libc_nano.a(lib_a-exit.o)
                              c:/st/stm32cubeide_1.12.0/stm32cubeide/plugins/com.st.stm32cube.ide.mcu.externaltools.gnu-tools-for-stm32.10.3-2021.10.win32_1.0.200.202301161003/tools/bin/../lib/gcc/arm-none-eabi/10.3.1/../../../../arm-none-eabi/lib/thumb/v7e-m+fp/hard/crt0.o (exit)
c:/st/stm32cubeide_1.12.0/stm32cubeide/plugins/com.st.stm32cube.ide.mcu.externaltools.gnu-tools-for-stm32.10.3-2021.10.win32_1.0.200.202301161003/tools/bin/../lib/gcc/arm-none-eabi/10.3.1/../../../../arm-none-eabi/lib/thumb/v7e-m+fp/hard\libc_nano.a(lib_a-impure.o)
                              c:/st/stm32cubeide_1.12.0/stm32cubeide/plugins/com.st.stm32cube.ide.mcu.externaltools.gnu-tools-for-stm32.10.3-2021.10.win32_1.0.200.202301161003/tools/bin/../lib/gcc/arm-none-eabi/10.3.1/../../../../arm-none-eabi/lib/thumb/v7e-m+fp/hard\libc_nano.a(lib_a-exit.o) (_global_impure_ptr)
c:/st/stm32cubeide_1.12.0/stm32cubeide/plugins/com.st.stm32cube.ide.mcu.externaltools.gnu-tools-for-stm32.10.3-2021.10.win32_1.0.200.202301161003/tools/bin/../lib/gcc/arm-none-eabi/10.3.1/../../../../arm-none-eabi/lib/thumb/v7e-m+fp/hard\libc_nano.a(lib_a-init.o)
                              c:/st/stm32cubeide_1.12.0/stm32cubeide/plugins/com.st.stm32cube.ide.mcu.externaltools.gnu-tools-for-stm32.10.3-2021.10.win32_1.0.200.202301161003/tools/bin/../lib/gcc/arm-none-eabi/10.3.1/../../../../arm-none-eabi/lib/thumb/v7e-m+fp/hard/crt0.o (__libc_init_array)
c:/st/stm32cubeide_1.12.0/stm32cubeide/plugins/com.st.stm32cube.ide.mcu.externaltools.gnu-tools-for-stm32.10.3-2021.10.win32_1.0.200.202301161003/tools/bin/../lib/gcc/arm-none-eabi/10.3.1/../../../../arm-none-eabi/lib/thumb/v7e-m+fp/hard\libc_nano.a(lib_a-memset.o)
                              c:/st/stm32cubeide_1.12.0/stm32cubeide/plugins/com.st.stm32cube.ide.mcu.externaltools.gnu-tools-for-stm32.10.3-2021.10.win32_1.0.200.202301161003/tools/bin/../lib/gcc/arm-none-eabi/10.3.1/../../../../arm-none-eabi/lib/thumb/v7e-m+fp/hard/crt0.o (memset)
c:/st/stm32cubeide_1.12.0/stm32cubeide/plugins/com.st.stm32cube.ide.mcu.externaltools.gnu-tools-for-stm32.10.3-2021.10.win32_1.0.200.202301161003/tools/bin/../lib/gcc/arm-none-eabi/10.3.1/../../../../arm-none-eabi/lib/thumb/v7e-m+fp/hard\libc_nano.a(lib_a-nano-vfprintf_float.o)
                              (_printf_float)
c:/st/stm32cubeide_1.12.0/stm32cubeide/plugins/com.st.stm32cube.ide.mcu.externaltools.gnu-tools-for-stm32.10.3-2021.10.win32_1.0.200.202301161003/tools/bin/../lib/gcc/arm-none-eabi/10.3.1/../../../../arm-none-eabi/lib/thumb/v7e-m+fp/hard\libc_nano.a(lib_a-nano-vfprintf_i.o)
[...]
Memory Configuration

Name             Origin             Length             Attributes
RAM              0x0000000020000000 0x0000000000050000 xrw
FLASH            0x0000000008000000 0x0000000000100000 xr
*default*        0x0000000000000000 0xffffffffffffffff

Linker script and memory map

LOAD c:/st/stm32cubeide_1.12.0/stm32cubeide/plugins/com.st.stm32cube.ide.mcu.externaltools.gnu-tools-for-stm32.10.3-2021.10.win32_1.0.200.202301161003/tools/bin/../lib/gcc/arm-none-eabi/10.3.1/thumb/v7e-m+fp/hard/crti.o
LOAD c:/st/stm32cubeide_1.12.0/stm32cubeide/plugins/com.st.stm32cube.ide.mcu.externaltools.gnu-tools-for-stm32.10.3-2021.10.win32_1.0.200.202301161003/tools/bin/../lib/gcc/arm-none-eabi/10.3.1/thumb/v7e-m+fp/hard/crtbegin.o
LOAD c:/st/stm32cubeide_1.12.0/stm32cubeide/plugins/com.st.stm32cube.ide.mcu.externaltools.gnu-tools-for-stm32.10.3-2021.10.win32_1.0.200.202301161003/tools/bin/../lib/gcc/arm-none-eabi/10.3.1/../../../../arm-none-eabi/lib/thumb/v7e-m+fp/hard/crt0.o
LOAD ./Core/Src/gpio.o
LOAD ./Core/Src/led.o
LOAD ./Core/Src/main.o
LOAD ./Core/Src/rcc.o
LOAD ./Core/Src/stm32f7xx_hal_msp.o
LOAD ./Core/Src/stm32f7xx_it.o
LOAD ./Core/Src/syscalls.o
LOAD ./Core/Src/sysmem.o
LOAD ./Core/Src/system_stm32f7xx.o
LOAD ./Core/Src/uart.o
LOAD ./Core/Startup/startup_stm32f746zgtx.o
LOAD ./Drivers/STM32F7xx_HAL_Driver/Src/stm32f7xx_hal.o
LOAD ./Drivers/STM32F7xx_HAL_Driver/Src/stm32f7xx_hal_cortex.o
LOAD ./Drivers/STM32F7xx_HAL_Driver/Src/stm32f7xx_hal_dma.o
LOAD ./Drivers/STM32F7xx_HAL_Driver/Src/stm32f7xx_hal_dma_ex.o
LOAD ./Drivers/STM32F7xx_HAL_Driver/Src/stm32f7xx_hal_exti.o
LOAD ./Drivers/STM32F7xx_HAL_Driver/Src/stm32f7xx_hal_flash.o
LOAD ./Drivers/STM32F7xx_HAL_Driver/Src/stm32f7xx_hal_flash_ex.o
LOAD ./Drivers/STM32F7xx_HAL_Driver/Src/stm32f7xx_hal_gpio.o
LOAD ./Drivers/STM32F7xx_HAL_Driver/Src/stm32f7xx_hal_i2c.o
LOAD ./Drivers/STM32F7xx_HAL_Driver/Src/stm32f7xx_hal_i2c_ex.o
LOAD ./Drivers/STM32F7xx_HAL_Driver/Src/stm32f7xx_hal_i2s.o
LOAD ./Drivers/STM32F7xx_HAL_Driver/Src/stm32f7xx_hal_pwr.o
LOAD ./Drivers/STM32F7xx_HAL_Driver/Src/stm32f7xx_hal_pwr_ex.o
LOAD ./Drivers/STM32F7xx_HAL_Driver/Src/stm32f7xx_hal_rcc.o
LOAD ./Drivers/STM32F7xx_HAL_Driver/Src/stm32f7xx_hal_rcc_ex.o
LOAD ./Drivers/STM32F7xx_HAL_Driver/Src/stm32f7xx_hal_spi.o
LOAD ./Drivers/STM32F7xx_HAL_Driver/Src/stm32f7xx_hal_spi_ex.o
LOAD ./Drivers/STM32F7xx_HAL_Driver/Src/stm32f7xx_hal_tim.o
LOAD ./Drivers/STM32F7xx_HAL_Driver/Src/stm32f7xx_hal_tim_ex.o
LOAD ./Drivers/STM32F7xx_HAL_Driver/Src/stm32f7xx_hal_uart.o
LOAD ./Drivers/STM32F7xx_HAL_Driver/Src/stm32f7xx_hal_uart_ex.o
LOAD C:\Users\ripst\Desktop\stm32_f746_spectrum_analyzer\FFT_test\Lib\libarm_cortexM7lfsp_math.a
START GROUP
LOAD c:/st/stm32cubeide_1.12.0/stm32cubeide/plugins/com.st.stm32cube.ide.mcu.externaltools.gnu-tools-for-stm32.10.3-2021.10.win32_1.0.200.202301161003/tools/bin/../lib/gcc/arm-none-eabi/10.3.1/../../../../arm-none-eabi/lib/thumb/v7e-m+fp/hard\libc_nano.a
LOAD c:/st/stm32cubeide_1.12.0/stm32cubeide/plugins/com.st.stm32cube.ide.mcu.externaltools.gnu-tools-for-stm32.10.3-2021.10.win32_1.0.200.202301161003/tools/bin/../lib/gcc/arm-none-eabi/10.3.1/../../../../arm-none-eabi/lib/thumb/v7e-m+fp/hard\libm.a
END GROUP
START GROUP
LOAD c:/st/stm32cubeide_1.12.0/stm32cubeide/plugins/com.st.stm32cube.ide.mcu.externaltools.gnu-tools-for-stm32.10.3-2021.10.win32_1.0.200.202301161003/tools/bin/../lib/gcc/arm-none-eabi/10.3.1/thumb/v7e-m+fp/hard\libgcc.a
LOAD c:/st/stm32cubeide_1.12.0/stm32cubeide/plugins/com.st.stm32cube.ide.mcu.externaltools.gnu-tools-for-stm32.10.3-2021.10.win32_1.0.200.202301161003/tools/bin/../lib/gcc/arm-none-eabi/10.3.1/../../../../arm-none-eabi/lib/thumb/v7e-m+fp/hard\libc_nano.a
END GROUP
START GROUP
LOAD c:/st/stm32cubeide_1.12.0/stm32cubeide/plugins/com.st.stm32cube.ide.mcu.externaltools.gnu-tools-for-stm32.10.3-2021.10.win32_1.0.200.202301161003/tools/bin/../lib/gcc/arm-none-eabi/10.3.1/thumb/v7e-m+fp/hard\libgcc.a
LOAD c:/st/stm32cubeide_1.12.0/stm32cubeide/plugins/com.st.stm32cube.ide.mcu.externaltools.gnu-tools-for-stm32.10.3-2021.10.win32_1.0.200.202301161003/tools/bin/../lib/gcc/arm-none-eabi/10.3.1/../../../../arm-none-eabi/lib/thumb/v7e-m+fp/hard\libc_nano.a
LOAD c:/st/stm32cubeide_1.12.0/stm32cubeide/plugins/com.st.stm32cube.ide.mcu.externaltools.gnu-tools-for-stm32.10.3-2021.10.win32_1.0.200.202301161003/tools/bin/../lib/gcc/arm-none-eabi/10.3.1/../../../../arm-none-eabi/lib/thumb/v7e-m+fp/hard\libnosys.a
END GROUP
START GROUP
LOAD c:/st/stm32cubeide_1.12.0/stm32cubeide/plugins/com.st.stm32cube.ide.mcu.externaltools.gnu-tools-for-stm32.10.3-2021.10.win32_1.0.200.202301161003/tools/bin/../lib/gcc/arm-none-eabi/10.3.1/thumb/v7e-m+fp/hard\libgcc.a
LOAD c:/st/stm32cubeide_1.12.0/stm32cubeide/plugins/com.st.stm32cube.ide.mcu.externaltools.gnu-tools-for-stm32.10.3-2021.10.win32_1.0.200.202301161003/tools/bin/../lib/gcc/arm-none-eabi/10.3.1/../../../../arm-none-eabi/lib/thumb/v7e-m+fp/hard\libc_nano.a
LOAD c:/st/stm32cubeide_1.12.0/stm32cubeide/plugins/com.st.stm32cube.ide.mcu.externaltools.gnu-tools-for-stm32.10.3-2021.10.win32_1.0.200.202301161003/tools/bin/../lib/gcc/arm-none-eabi/10.3.1/../../../../arm-none-eabi/lib/thumb/v7e-m+fp/hard\libnosys.a
END GROUP
LOAD c:/st/stm32cubeide_1.12.0/stm32cubeide/plugins/com.st.stm32cube.ide.mcu.externaltools.gnu-tools-for-stm32.10.3-2021.10.win32_1.0.200.202301161003/tools/bin/../lib/gcc/arm-none-eabi/10.3.1/thumb/v7e-m+fp/hard/crtend.o
LOAD c:/st/stm32cubeide_1.12.0/stm32cubeide/plugins/com.st.stm32cube.ide.mcu.externaltools.gnu-tools-for-stm32.10.3-2021.10.win32_1.0.200.202301161003/tools/bin/../lib/gcc/arm-none-eabi/10.3.1/thumb/v7e-m+fp/hard/crtn.o
                0x0000000020050000                _estack = (ORIGIN (RAM) + LENGTH (RAM))
                0x0000000000000200                _Min_Heap_Size = 0x200
                0x0000000000000400                _Min_Stack_Size = 0x400

.isr_vector     0x0000000008000000      0x1c8
                0x0000000008000000                . = ALIGN (0x4)
 *(.isr_vector)
 .isr_vector    0x0000000008000000      0x1c8 ./Core/Startup/startup_stm32f746zgtx.o
                0x0000000008000000                g_pfnVectors
                0x00000000080001c8                . = ALIGN (0x4)

.text           0x00000000080001d0     0x8504
                0x00000000080001d0                . = ALIGN (0x4)
 *(.text)
 .text          0x00000000080001d0       0x40 c:/st/stm32cubeide_1.12.0/stm32cubeide/plugins/com.st.stm32cube.ide.mcu.externaltools.gnu-tools-for-stm32.10.3-2021.10.win32_1.0.200.202301161003/tools/bin/../lib/gcc/arm-none-eabi/10.3.1/thumb/v7e-m+fp/hard/crtbegin.o
 .text          0x0000000008000210       0xc0 C:\Users\ripst\Desktop\stm32_f746_spectrum_analyzer\FFT_test\Lib\libarm_cortexM7lfsp_math.a(arm_bitreversal2.o)
                0x0000000008000210                arm_bitreversal_32
                0x000000000800027a                arm_bitreversal_16
 .text          0x00000000080002d0       0x10 c:/st/stm32cubeide_1.12.0/stm32cubeide/plugins/com.st.stm32cube.ide.mcu.externaltools.gnu-tools-for-stm32.10.3-2021.10.win32_1.0.200.202301161003/tools/bin/../lib/gcc/arm-none-eabi/10.3.1/../../../../arm-none-eabi/lib/thumb/v7e-m+fp/hard\libc_nano.a(lib_a-strlen.o)
                0x00000000080002d0                strlen
 .text          0x00000000080002e0       0xa0 c:/st/stm32cubeide_1.12.0/stm32cubeide/plugins/com.st.stm32cube.ide.mcu.externaltools.gnu-tools-for-stm32.10.3-2021.10.win32_1.0.200.202301161003/tools/bin/../lib/gcc/arm-none-eabi/10.3.1/../../../../arm-none-eabi/lib/thumb/v7e-m+fp/hard\libc_nano.a(lib_a-memchr.o)
                0x00000000080002e0                memchr
 .text          0x0000000008000380      0x378 c:/st/stm32cubeide_1.12.0/stm32cubeide/plugins/com.st.stm32cube.ide.mcu.externaltools.gnu-tools-for-stm32.10.3-2021.10.win32_1.0.200.202301161003/tools/bin/../lib/gcc/arm-none-eabi/10.3.1/thumb/v7e-m+fp/hard\libgcc.a(_arm_addsubdf3.o)
                0x0000000008000380                __aeabi_drsub
                0x0000000008000388                __aeabi_dsub
                0x0000000008000388                __subdf3
                0x000000000800038c                __aeabi_dadd
                0x000000000800038c                __adddf3
                0x0000000008000604                __floatunsidf
                0x0000000008000604                __aeabi_ui2d
                0x0000000008000624                __floatsidf
                0x0000000008000624                __aeabi_i2d
                0x0000000008000648                __aeabi_f2d
                0x0000000008000648                __extendsfdf2
                0x000000000800068c                __floatundidf
                0x000000000800068c                __aeabi_ul2d
                0x000000000800069c                __floatdidf
                0x000000000800069c                __aeabi_l2d
 .text          0x00000000080006f8      0x424 c:/st/stm32cubeide_1.12.0/stm32cubeide/plugins/com.st.stm32cube.ide.mcu.externaltools.gnu-tools-for-stm32.10.3-2021.10.win32_1.0.200.202301161003/tools/bin/../lib/gcc/arm-none-eabi/10.3.1/thumb/v7e-m+fp/hard\libgcc.a(_arm_muldivdf3.o)
                0x00000000080006f8                __aeabi_dmul
                0x00000000080006f8                __muldf3
                0x000000000800094c                __divdf3
                0x000000000800094c                __aeabi_ddiv
 .text          0x0000000008000b1c      0x110 c:/st/stm32cubeide_1.12.0/stm32cubeide/plugins/com.st.stm32cube.ide.mcu.externaltools.gnu-tools-for-stm32.10.3-2021.10.win32_1.0.200.202301161003/tools/bin/../lib/gcc/arm-none-eabi/10.3.1/thumb/v7e-m+fp/hard\libgcc.a(_arm_cmpdf2.o)
                0x0000000008000b1c                __gtdf2
                0x0000000008000b1c                __gedf2
                0x0000000008000b24                __ltdf2
                0x0000000008000b24                __ledf2
                0x0000000008000b2c                __nedf2
                0x0000000008000b2c                __eqdf2
                0x0000000008000b2c                __cmpdf2
                0x0000000008000ba8                __aeabi_cdrcmple
                0x0000000008000bb8                __aeabi_cdcmpeq
                0x0000000008000bb8                __aeabi_cdcmple
                0x0000000008000bc8                __aeabi_dcmpeq
                0x0000000008000bdc                __aeabi_dcmplt
                0x0000000008000bf0                __aeabi_dcmple
                0x0000000008000c04                __aeabi_dcmpge
                0x0000000008000c18                __aeabi_dcmpgt
 .text          0x0000000008000c2c       0x2c c:/st/stm32cubeide_1.12.0/stm32cubeide/plugins/com.st.stm32cube.ide.mcu.externaltools.gnu-tools-for-stm32.10.3-2021.10.win32_1.0.200.202301161003/tools/bin/../lib/gcc/arm-none-eabi/10.3.1/thumb/v7e-m+fp/hard\libgcc.a(_arm_unorddf2.o)
                0x0000000008000c2c                __unorddf2
                0x0000000008000c2c                __aeabi_dcmpun
 .text          0x0000000008000c58       0x50 c:/st/stm32cubeide_1.12.0/stm32cubeide/plugins/com.st.stm32cube.ide.mcu.externaltools.gnu-tools-for-stm32.10.3-2021.10.win32_1.0.200.202301161003/tools/bin/../lib/gcc/arm-none-eabi/10.3.1/thumb/v7e-m+fp/hard\libgcc.a(_arm_fixdfsi.o)
                0x0000000008000c58                __aeabi_d2iz
                0x0000000008000c58                __fixdfsi
 .text          0x0000000008000ca8       0x30 c:/st/stm32cubeide_1.12.0/stm32cubeide/plugins/com.st.stm32cube.ide.mcu.externaltools.gnu-tools-for-stm32.10.3-2021.10.win32_1.0.200.202301161003/tools/bin/../lib/gcc/arm-none-eabi/10.3.1/thumb/v7e-m+fp/hard\libgcc.a(_aeabi_uldivmod.o)
                0x0000000008000ca8                __aeabi_uldivmod
 .text          0x0000000008000cd8      0x2d0 c:/st/stm32cubeide_1.12.0/stm32cubeide/plugins/com.st.stm32cube.ide.mcu.externaltools.gnu-tools-for-stm32.10.3-2021.10.win32_1.0.200.202301161003/tools/bin/../lib/gcc/arm-none-eabi/10.3.1/thumb/v7e-m+fp/hard\libgcc.a(_udivmoddi4.o)
                0x0000000008000cd8                __udivmoddi4
 .text          0x0000000008000fa8        0x4 c:/st/stm32cubeide_1.12.0/stm32cubeide/plugins/com.st.stm32cube.ide.mcu.externaltools.gnu-tools-for-stm32.10.3-2021.10.win32_1.0.200.202301161003/tools/bin/../lib/gcc/arm-none-eabi/10.3.1/thumb/v7e-m+fp/hard\libgcc.a(_dvmd_tls.o)
                0x0000000008000fa8                __aeabi_idiv0
                0x0000000008000fa8                __aeabi_ldiv0
 *(.text*)
 .text.user_leds_init
                0x0000000008000fac       0x6c ./Core/Src/led.o
                0x0000000008000fac                user_leds_init
 .text.led_toggle
                0x0000000008001018       0x24 ./Core/Src/led.o
                0x0000000008001018                led_toggle
 .text.led_on   0x000000000800103c       0x24 ./Core/Src/led.o
                0x000000000800103c                led_on
 .text.PeriphCommonClock_Config
                0x0000000008001060       0x48 ./Core/Src/main.o
                0x0000000008001060                PeriphCommonClock_Config
 .text.DoFFT    0x00000000080010a8      0x190 ./Core/Src/main.o
                0x00000000080010a8                DoFFT
 .text.HAL_I2S_RxHalfCpltCallback
                0x0000000008001238       0x20 ./Core/Src/main.o
                0x0000000008001238                HAL_I2S_RxHalfCpltCallback
 .text.HAL_I2S_RxCpltCallback
                0x0000000008001258       0x24 ./Core/Src/main.o
                0x0000000008001258                HAL_I2S_RxCpltCallback
 .text.main     0x000000000800127c      0x120 ./Core/Src/main.o
                0x000000000800127c                main
 .text.SystemClock_Config
                0x000000000800139c       0xd8 ./Core/Src/main.o
                0x000000000800139c                SystemClock_Config
 .text.MX_I2S2_Init
                0x0000000008001474       0x58 ./Core/Src/main.o
 .text.MX_SPI1_Init
                0x00000000080014cc       0x7c ./Core/Src/main.o
 .text.MX_USART3_UART_Init
                0x0000000008001548       0x60 ./Core/Src/main.o
 .text.MX_DMA_Init
                0x00000000080015a8       0x74 ./Core/Src/main.o
 .text.MX_GPIO_Init
                0x000000000800161c       0xb0 ./Core/Src/main.o
 .text._write   0x00000000080016cc       0x2c ./Core/Src/main.o
                0x00000000080016cc                _write
 .text.Error_Handler
                0x00000000080016f8        0xa ./Core/Src/main.o
                0x00000000080016f8                Error_Handler
 *fill*         0x0000000008001702        0x2 
 .text.HAL_MspInit
                0x0000000008001704       0x48 ./Core/Src/stm32f7xx_hal_msp.o
                0x0000000008001704                HAL_MspInit
 .text.HAL_I2S_MspInit
                0x000000000800174c      0x180 ./Core/Src/stm32f7xx_hal_msp.o
                0x000000000800174c                HAL_I2S_MspInit
 .text.HAL_SPI_MspInit
                0x00000000080018cc      0x154 ./Core/Src/stm32f7xx_hal_msp.o
                0x00000000080018cc                HAL_SPI_MspInit
 .text.HAL_UART_MspInit
                0x0000000008001a20       0xc0 ./Core/Src/stm32f7xx_hal_msp.o
                0x0000000008001a20                HAL_UART_MspInit
 .text.NMI_Handler
                0x0000000008001ae0        0x6 ./Core/Src/stm32f7xx_it.o
                0x0000000008001ae0                NMI_Handler
 .text.HardFault_Handler
                0x0000000008001ae6        0x6 ./Core/Src/stm32f7xx_it.o
                0x0000000008001ae6                HardFault_Handler
 .text.MemManage_Handler
                0x0000000008001aec        0x6 ./Core/Src/stm32f7xx_it.o
                0x0000000008001aec                MemManage_Handler
 .text.BusFault_Handler
                0x0000000008001af2        0x6 ./Core/Src/stm32f7xx_it.o
                0x0000000008001af2                BusFault_Handler
 .text.UsageFault_Handler
                0x0000000008001af8        0x6 ./Core/Src/stm32f7xx_it.o
                0x0000000008001af8                UsageFault_Handler
 .text.SVC_Handler
                0x0000000008001afe        0xe ./Core/Src/stm32f7xx_it.o
                0x0000000008001afe                SVC_Handler
 .text.DebugMon_Handler
                0x0000000008001b0c        0xe ./Core/Src/stm32f7xx_it.o
                0x0000000008001b0c                DebugMon_Handler
 .text.PendSV_Handler
                0x0000000008001b1a        0xe ./Core/Src/stm32f7xx_it.o
                0x0000000008001b1a                PendSV_Handler
 .text.SysTick_Handler
                0x0000000008001b28        0xc ./Core/Src/stm32f7xx_it.o
                0x0000000008001b28                SysTick_Handler
 .text.DMA1_Stream3_IRQHandler
                0x0000000008001b34       0x14 ./Core/Src/stm32f7xx_it.o
                0x0000000008001b34                DMA1_Stream3_IRQHandler
 .text.DMA2_Stream0_IRQHandler
                0x0000000008001b48       0x14 ./Core/Src/stm32f7xx_it.o
                0x0000000008001b48                DMA2_Stream0_IRQHandler
 .text.DMA2_Stream3_IRQHandler
                0x0000000008001b5c       0x14 ./Core/Src/stm32f7xx_it.o
                0x0000000008001b5c                DMA2_Stream3_IRQHandler
 .text._getpid  0x0000000008001b70       0x10 ./Core/Src/syscalls.o
                0x0000000008001b70                _getpid
 .text._kill    0x0000000008001b80       0x20 ./Core/Src/syscalls.o
                0x0000000008001b80                _kill
 .text._exit    0x0000000008001ba0       0x14 ./Core/Src/syscalls.o
                0x0000000008001ba0                _exit
 .text._read    0x0000000008001bb4       0x3a ./Core/Src/syscalls.o
                0x0000000008001bb4                _read
 .text._close   0x0000000008001bee       0x18 ./Core/Src/syscalls.o
                0x0000000008001bee                _close
 .text._fstat   0x0000000008001c06       0x20 ./Core/Src/syscalls.o
                0x0000000008001c06                _fstat
 .text._isatty  0x0000000008001c26       0x16 ./Core/Src/syscalls.o
                0x0000000008001c26                _isatty
 .text._lseek   0x0000000008001c3c       0x1a ./Core/Src/syscalls.o
                0x0000000008001c3c                _lseek
 *fill*         0x0000000008001c56        0x2 
 .text._sbrk    0x0000000008001c58       0x6c ./Core/Src/sysmem.o
                0x0000000008001c58                _sbrk
 .text.SystemInit
                0x0000000008001cc4       0x24 ./Core/Src/system_stm32f7xx.o
                0x0000000008001cc4                SystemInit
 .text.Reset_Handler
                0x0000000008001ce8       0x50 ./Core/Startup/startup_stm32f746zgtx.o
                0x0000000008001ce8                Reset_Handler
 .text.Default_Handler
                0x0000000008001d38        0x2 ./Core/Startup/startup_stm32f746zgtx.o
                0x0000000008001d38                RTC_Alarm_IRQHandler
                0x0000000008001d38                EXTI2_IRQHandler
                0x0000000008001d38                TIM8_CC_IRQHandler
                0x0000000008001d38                UART8_IRQHandler
                0x0000000008001d38                SPI4_IRQHandler
                0x0000000008001d38                TIM1_CC_IRQHandler
                0x0000000008001d38                DMA2_Stream5_IRQHandler
                0x0000000008001d38                DMA1_Stream5_IRQHandler
                0x0000000008001d38                PVD_IRQHandler
                0x0000000008001d38                TAMP_STAMP_IRQHandler
                0x0000000008001d38                CAN2_RX1_IRQHandler
                0x0000000008001d38                EXTI3_IRQHandler
                0x0000000008001d38                TIM8_TRG_COM_TIM14_IRQHandler
                0x0000000008001d38                TIM1_UP_TIM10_IRQHandler
                0x0000000008001d38                TIM8_UP_TIM13_IRQHandler
                0x0000000008001d38                I2C3_ER_IRQHandler
                0x0000000008001d38                EXTI0_IRQHandler
                0x0000000008001d38                I2C2_EV_IRQHandler
                0x0000000008001d38                DMA1_Stream2_IRQHandler
                0x0000000008001d38                CAN1_RX0_IRQHandler
                0x0000000008001d38                FPU_IRQHandler
                0x0000000008001d38                OTG_HS_WKUP_IRQHandler
                0x0000000008001d38                LTDC_ER_IRQHandler
                0x0000000008001d38                CAN2_SCE_IRQHandler
                0x0000000008001d38                DMA2_Stream2_IRQHandler
                0x0000000008001d38                SPI1_IRQHandler
                0x0000000008001d38                TIM6_DAC_IRQHandler
                0x0000000008001d38                TIM1_BRK_TIM9_IRQHandler
                0x0000000008001d38                DCMI_IRQHandler
                0x0000000008001d38                CAN2_RX0_IRQHandler
                0x0000000008001d38                SAI2_IRQHandler
                0x0000000008001d38                USART6_IRQHandler
                0x0000000008001d38                USART3_IRQHandler
                0x0000000008001d38                CAN1_RX1_IRQHandler
                0x0000000008001d38                UART5_IRQHandler
                0x0000000008001d38                TIM4_IRQHandler
                0x0000000008001d38                QUADSPI_IRQHandler
                0x0000000008001d38                I2C1_EV_IRQHandler
                0x0000000008001d38                DMA1_Stream6_IRQHandler
                0x0000000008001d38                DMA1_Stream1_IRQHandler
                0x0000000008001d38                UART4_IRQHandler
                0x0000000008001d38                TIM3_IRQHandler
                0x0000000008001d38                RCC_IRQHandler
                0x0000000008001d38                TIM8_BRK_TIM12_IRQHandler
                0x0000000008001d38                Default_Handler
                0x0000000008001d38                CEC_IRQHandler
                0x0000000008001d38                EXTI15_10_IRQHandler
                0x0000000008001d38                ADC_IRQHandler
                0x0000000008001d38                DMA1_Stream7_IRQHandler
                0x0000000008001d38                SPI5_IRQHandler
                0x0000000008001d38                TIM7_IRQHandler
                0x0000000008001d38                SDMMC1_IRQHandler
                0x0000000008001d38                CAN2_TX_IRQHandler
                0x0000000008001d38                TIM5_IRQHandler
                0x0000000008001d38                DMA2_Stream7_IRQHandler
                0x0000000008001d38                I2C3_EV_IRQHandler
                0x0000000008001d38                EXTI9_5_IRQHandler
                0x0000000008001d38                RTC_WKUP_IRQHandler
                0x0000000008001d38                LTDC_IRQHandler
                0x0000000008001d38                ETH_WKUP_IRQHandler
                0x0000000008001d38                SPDIF_RX_IRQHandler
                0x0000000008001d38                SPI2_IRQHandler
                0x0000000008001d38                OTG_HS_EP1_IN_IRQHandler
                0x0000000008001d38                DMA1_Stream0_IRQHandler
                0x0000000008001d38                CAN1_TX_IRQHandler
                0x0000000008001d38                EXTI4_IRQHandler
                0x0000000008001d38                RNG_IRQHandler
                0x0000000008001d38                ETH_IRQHandler
                0x0000000008001d38                OTG_HS_EP1_OUT_IRQHandler
                0x0000000008001d38                WWDG_IRQHandler
                0x0000000008001d38                SPI6_IRQHandler
                0x0000000008001d38                I2C4_EV_IRQHandler
                0x0000000008001d38                TIM2_IRQHandler
                0x0000000008001d38                OTG_FS_WKUP_IRQHandler
                0x0000000008001d38                TIM1_TRG_COM_TIM11_IRQHandler
                0x0000000008001d38                OTG_HS_IRQHandler
                0x0000000008001d38                DMA2D_IRQHandler
                0x0000000008001d38                EXTI1_IRQHandler
                0x0000000008001d38                UART7_IRQHandler
                0x0000000008001d38                USART2_IRQHandler
                0x0000000008001d38                I2C2_ER_IRQHandler
                0x0000000008001d38                DMA2_Stream1_IRQHandler
                0x0000000008001d38                CAN1_SCE_IRQHandler
                0x0000000008001d38                FLASH_IRQHandler
                0x0000000008001d38                DMA2_Stream4_IRQHandler
                0x0000000008001d38                USART1_IRQHandler
                0x0000000008001d38                OTG_FS_IRQHandler
                0x0000000008001d38                SPI3_IRQHandler
                0x0000000008001d38                DMA1_Stream4_IRQHandler
                0x0000000008001d38                I2C1_ER_IRQHandler
                0x0000000008001d38                FMC_IRQHandler
                0x0000000008001d38                LPTIM1_IRQHandler
                0x0000000008001d38                I2C4_ER_IRQHandler
                0x0000000008001d38                DMA2_Stream6_IRQHandler
                0x0000000008001d38                SAI1_IRQHandler
 .text.HAL_Init
                0x0000000008001d3a       0x1a ./Drivers/STM32F7xx_HAL_Driver/Src/stm32f7xx_hal.o
                0x0000000008001d3a                HAL_Init
 .text.HAL_InitTick
                0x0000000008001d54       0x60 ./Drivers/STM32F7xx_HAL_Driver/Src/stm32f7xx_hal.o
                0x0000000008001d54                HAL_InitTick
 .text.HAL_IncTick
                0x0000000008001db4       0x28 ./Drivers/STM32F7xx_HAL_Driver/Src/stm32f7xx_hal.o
                0x0000000008001db4                HAL_IncTick
 .text.HAL_GetTick
                0x0000000008001ddc       0x18 ./Drivers/STM32F7xx_HAL_Driver/Src/stm32f7xx_hal.o
                0x0000000008001ddc                HAL_GetTick
 .text.__NVIC_SetPriorityGrouping
                0x0000000008001df4       0x48 ./Drivers/STM32F7xx_HAL_Driver/Src/stm32f7xx_hal_cortex.o
 .text.__NVIC_GetPriorityGrouping
                0x0000000008001e3c       0x1c ./Drivers/STM32F7xx_HAL_Driver/Src/stm32f7xx_hal_cortex.o
 .text.__NVIC_EnableIRQ
                0x0000000008001e58       0x3c ./Drivers/STM32F7xx_HAL_Driver/Src/stm32f7xx_hal_cortex.o
 .text.__NVIC_SetPriority
                0x0000000008001e94       0x54 ./Drivers/STM32F7xx_HAL_Driver/Src/stm32f7xx_hal_cortex.o
 .text.NVIC_EncodePriority
                0x0000000008001ee8       0x66 ./Drivers/STM32F7xx_HAL_Driver/Src/stm32f7xx_hal_cortex.o
 *fill*         0x0000000008001f4e        0x2 
 .text.SysTick_Config
                0x0000000008001f50       0x44 ./Drivers/STM32F7xx_HAL_Driver/Src/stm32f7xx_hal_cortex.o
 .text.HAL_NVIC_SetPriorityGrouping
                0x0000000008001f94       0x16 ./Drivers/STM32F7xx_HAL_Driver/Src/stm32f7xx_hal_cortex.o
                0x0000000008001f94                HAL_NVIC_SetPriorityGrouping
 .text.HAL_NVIC_SetPriority
                0x0000000008001faa       0x38 ./Drivers/STM32F7xx_HAL_Driver/Src/stm32f7xx_hal_cortex.o
                0x0000000008001faa                HAL_NVIC_SetPriority
 .text.HAL_NVIC_EnableIRQ
                0x0000000008001fe2       0x1c ./Drivers/STM32F7xx_HAL_Driver/Src/stm32f7xx_hal_cortex.o
                0x0000000008001fe2                HAL_NVIC_EnableIRQ
 .text.HAL_SYSTICK_Config
                0x0000000008001ffe       0x18 ./Drivers/STM32F7xx_HAL_Driver/Src/stm32f7xx_hal_cortex.o
                0x0000000008001ffe                HAL_SYSTICK_Config
 *fill*         0x0000000008002016        0x2 
 .text.HAL_DMA_Init
                0x0000000008002018      0x15c ./Drivers/STM32F7xx_HAL_Driver/Src/stm32f7xx_hal_dma.o
                0x0000000008002018                HAL_DMA_Init
 .text.HAL_DMA_Start_IT
                0x0000000008002174       0xc0 ./Drivers/STM32F7xx_HAL_Driver/Src/stm32f7xx_hal_dma.o
                0x0000000008002174                HAL_DMA_Start_IT
 .text.HAL_DMA_IRQHandler
                0x0000000008002234      0x314 ./Drivers/STM32F7xx_HAL_Driver/Src/stm32f7xx_hal_dma.o
                0x0000000008002234                HAL_DMA_IRQHandler
 .text.DMA_SetConfig
                0x0000000008002548       0x5c ./Drivers/STM32F7xx_HAL_Driver/Src/stm32f7xx_hal_dma.o
 .text.DMA_CalcBaseAndBitshift
                0x00000000080025a4       0x6c ./Drivers/STM32F7xx_HAL_Driver/Src/stm32f7xx_hal_dma.o
 .text.DMA_CheckFifoParam
                0x0000000008002610       0xf8 ./Drivers/STM32F7xx_HAL_Driver/Src/stm32f7xx_hal_dma.o
 .text.HAL_GPIO_Init
                0x0000000008002708      0x358 ./Drivers/STM32F7xx_HAL_Driver/Src/stm32f7xx_hal_gpio.o
                0x0000000008002708                HAL_GPIO_Init
 .text.HAL_GPIO_WritePin
                0x0000000008002a60       0x32 ./Drivers/STM32F7xx_HAL_Driver/Src/stm32f7xx_hal_gpio.o
                0x0000000008002a60                HAL_GPIO_WritePin
 *fill*         0x0000000008002a92        0x2 
 .text.HAL_I2S_Init
                0x0000000008002a94      0x1cc ./Drivers/STM32F7xx_HAL_Driver/Src/stm32f7xx_hal_i2s.o
                0x0000000008002a94                HAL_I2S_Init
 .text.HAL_I2S_Receive_DMA
                0x0000000008002c60      0x178 ./Drivers/STM32F7xx_HAL_Driver/Src/stm32f7xx_hal_i2s.o
                0x0000000008002c60                HAL_I2S_Receive_DMA
 .text.HAL_I2S_ErrorCallback
                0x0000000008002dd8       0x14 ./Drivers/STM32F7xx_HAL_Driver/Src/stm32f7xx_hal_i2s.o
                0x0000000008002dd8                HAL_I2S_ErrorCallback
 .text.I2S_GetClockFreq
                0x0000000008002dec       0x98 ./Drivers/STM32F7xx_HAL_Driver/Src/stm32f7xx_hal_i2s.o
 .text.I2S_DMARxCplt
                0x0000000008002e84       0x42 ./Drivers/STM32F7xx_HAL_Driver/Src/stm32f7xx_hal_i2s.o
 .text.I2S_DMARxHalfCplt
                0x0000000008002ec6       0x1c ./Drivers/STM32F7xx_HAL_Driver/Src/stm32f7xx_hal_i2s.o
 .text.I2S_DMAError
                0x0000000008002ee2       0x4c ./Drivers/STM32F7xx_HAL_Driver/Src/stm32f7xx_hal_i2s.o
 *fill*         0x0000000008002f2e        0x2 
 .text.HAL_PWREx_EnableOverDrive
                0x0000000008002f30       0xa0 ./Drivers/STM32F7xx_HAL_Driver/Src/stm32f7xx_hal_pwr_ex.o
                0x0000000008002f30                HAL_PWREx_EnableOverDrive
 .text.HAL_RCC_OscConfig
                0x0000000008002fd0      0x548 ./Drivers/STM32F7xx_HAL_Driver/Src/stm32f7xx_hal_rcc.o
                0x0000000008002fd0                HAL_RCC_OscConfig
 .text.HAL_RCC_ClockConfig
                0x0000000008003518      0x1d8 ./Drivers/STM32F7xx_HAL_Driver/Src/stm32f7xx_hal_rcc.o
                0x0000000008003518                HAL_RCC_ClockConfig
 .text.HAL_RCC_GetSysClockFreq
                0x00000000080036f0      0x18c ./Drivers/STM32F7xx_HAL_Driver/Src/stm32f7xx_hal_rcc.o
                0x00000000080036f0                HAL_RCC_GetSysClockFreq
 .text.HAL_RCC_GetHCLKFreq
                0x000000000800387c       0x18 ./Drivers/STM32F7xx_HAL_Driver/Src/stm32f7xx_hal_rcc.o
                0x000000000800387c                HAL_RCC_GetHCLKFreq
 .text.HAL_RCC_GetPCLK1Freq
                0x0000000008003894       0x28 ./Drivers/STM32F7xx_HAL_Driver/Src/stm32f7xx_hal_rcc.o
                0x0000000008003894                HAL_RCC_GetPCLK1Freq
 .text.HAL_RCC_GetPCLK2Freq
                0x00000000080038bc       0x28 ./Drivers/STM32F7xx_HAL_Driver/Src/stm32f7xx_hal_rcc.o
                0x00000000080038bc                HAL_RCC_GetPCLK2Freq
 .text.HAL_RCCEx_PeriphCLKConfig
                0x00000000080038e4      0x7e0 ./Drivers/STM32F7xx_HAL_Driver/Src/stm32f7xx_hal_rcc_ex.o
                0x00000000080038e4                HAL_RCCEx_PeriphCLKConfig
 .text.HAL_SPI_Init
                0x00000000080040c4      0x156 ./Drivers/STM32F7xx_HAL_Driver/Src/stm32f7xx_hal_spi.o
                0x00000000080040c4                HAL_SPI_Init
 .text.HAL_UART_Init
                0x000000000800421a       0x9c ./Drivers/STM32F7xx_HAL_Driver/Src/stm32f7xx_hal_uart.o
                0x000000000800421a                HAL_UART_Init
 .text.HAL_UART_Transmit
                0x00000000080042b6      0x106 ./Drivers/STM32F7xx_HAL_Driver/Src/stm32f7xx_hal_uart.o
                0x00000000080042b6                HAL_UART_Transmit
 .text.UART_SetConfig
                0x00000000080043bc      0x4c8 ./Drivers/STM32F7xx_HAL_Driver/Src/stm32f7xx_hal_uart.o
                0x00000000080043bc                UART_SetConfig
 .text.UART_AdvFeatureConfig
                0x0000000008004884      0x144 ./Drivers/STM32F7xx_HAL_Driver/Src/stm32f7xx_hal_uart.o
                0x0000000008004884                UART_AdvFeatureConfig
 .text.UART_CheckIdleState
                0x00000000080049c8       0x6e ./Drivers/STM32F7xx_HAL_Driver/Src/stm32f7xx_hal_uart.o
                0x00000000080049c8                UART_CheckIdleState
 .text.UART_WaitOnFlagUntilTimeout
                0x0000000008004a36      0x18c ./Drivers/STM32F7xx_HAL_Driver/Src/stm32f7xx_hal_uart.o
                0x0000000008004a36                UART_WaitOnFlagUntilTimeout
 *fill*         0x0000000008004bc2        0x2 
 .text.arm_rfft_fast_init_f32
                0x0000000008004bc4      0x164 C:\Users\ripst\Desktop\stm32_f746_spectrum_analyzer\FFT_test\Lib\libarm_cortexM7lfsp_math.a(arm_rfft_fast_init_f32.o)
                0x0000000008004bc4                arm_rfft_fast_init_f32
 .text.arm_rfft_fast_f32
                0x0000000008004d28      0x188 C:\Users\ripst\Desktop\stm32_f746_spectrum_analyzer\FFT_test\Lib\libarm_cortexM7lfsp_math.a(arm_rfft_fast_f32.o)
                0x0000000008004d28                arm_rfft_fast_f32
 .text.arm_cfft_radix8by2_f32
                0x0000000008004eb0      0x1a4 C:\Users\ripst\Desktop\stm32_f746_spectrum_analyzer\FFT_test\Lib\libarm_cortexM7lfsp_math.a(arm_cfft_f32.o)
                0x0000000008004eb0                arm_cfft_radix8by2_f32
 .text.arm_cfft_radix8by4_f32
                0x0000000008005054      0x4b0 C:\Users\ripst\Desktop\stm32_f746_spectrum_analyzer\FFT_test\Lib\libarm_cortexM7lfsp_math.a(arm_cfft_f32.o)
                0x0000000008005054                arm_cfft_radix8by4_f32
 .text.arm_cfft_f32
                0x0000000008005504       0xf0 C:\Users\ripst\Desktop\stm32_f746_spectrum_analyzer\FFT_test\Lib\libarm_cortexM7lfsp_math.a(arm_cfft_f32.o)
                0x0000000008005504                arm_cfft_f32
 .text.arm_radix8_butterfly_f32
                0x00000000080055f4      0x5c0 C:\Users\ripst\Desktop\stm32_f746_spectrum_analyzer\FFT_test\Lib\libarm_cortexM7lfsp_math.a(arm_cfft_radix8_f32.o)
                0x00000000080055f4                arm_radix8_butterfly_f32
 .text.__errno  0x0000000008005bb4        0xc c:/st/stm32cubeide_1.12.0/stm32cubeide/plugins/com.st.stm32cube.ide.mcu.externaltools.gnu-tools-for-stm32.10.3-2021.10.win32_1.0.200.202301161003/tools/bin/../lib/gcc/arm-none-eabi/10.3.1/../../../../arm-none-eabi/lib/thumb/v7e-m+fp/hard\libc_nano.a(lib_a-errno.o)
                0x0000000008005bb4                __errno
 .text.__libc_init_array
                0x0000000008005bc0       0x48 c:/st/stm32cubeide_1.12.0/stm32cubeide/plugins/com.st.stm32cube.ide.mcu.externaltools.gnu-tools-for-stm32.10.3-2021.10.win32_1.0.200.202301161003/tools/bin/../lib/gcc/arm-none-eabi/10.3.1/../../../../arm-none-eabi/lib/thumb/v7e-m+fp/hard\libc_nano.a(lib_a-init.o)
                0x0000000008005bc0                __libc_init_array
 .text.memset   0x0000000008005c08       0x10 c:/st/stm32cubeide_1.12.0/stm32cubeide/plugins/com.st.stm32cube.ide.mcu.externaltools.gnu-tools-for-stm32.10.3-2021.10.win32_1.0.200.202301161003/tools/bin/../lib/gcc/arm-none-eabi/10.3.1/../../../../arm-none-eabi/lib/thumb/v7e-m+fp/hard\libc_nano.a(lib_a-memset.o)
                0x0000000008005c08                memset
 .text.__cvt    0x0000000008005c18       0xc4 c:/st/stm32cubeide_1.12.0/stm32cubeide/plugins/com.st.stm32cube.ide.mcu.externaltools.gnu-tools-for-stm32.10.3-2021.10.win32_1.0.200.202301161003/tools/bin/../lib/gcc/arm-none-eabi/10.3.1/../../../../arm-none-eabi/lib/thumb/v7e-m+fp/hard\libc_nano.a(lib_a-nano-vfprintf_float.o)
                0x0000000008005c18                __cvt
 .text.__exponent
                0x0000000008005cdc       0x7c c:/st/stm32cubeide_1.12.0/stm32cubeide/plugins/com.st.stm32cube.ide.mcu.externaltools.gnu-tools-for-stm32.10.3-2021.10.win32_1.0.200.202301161003/tools/bin/../lib/gcc/arm-none-eabi/10.3.1/../../../../arm-none-eabi/lib/thumb/v7e-m+fp/hard\libc_nano.a(lib_a-nano-vfprintf_float.o)
                0x0000000008005cdc                __exponent
 .text._printf_float
                0x0000000008005d58      0x46c c:/st/stm32cubeide_1.12.0/stm32cubeide/plugins/com.st.stm32cube.ide.mcu.externaltools.gnu-tools-for-stm32.10.3-2021.10.win32_1.0.200.202301161003/tools/bin/../lib/gcc/arm-none-eabi/10.3.1/../../../../arm-none-eabi/lib/thumb/v7e-m+fp/hard\libc_nano.a(lib_a-nano-vfprintf_float.o)
                0x0000000008005d58                _printf_float
 .text._printf_common
                0x00000000080061c4       0xda c:/st/stm32cubeide_1.12.0/stm32cubeide/plugins/com.st.stm32cube.ide.mcu.externaltools.gnu-tools-for-stm32.10.3-2021.10.win32_1.0.200.202301161003/tools/bin/../lib/gcc/arm-none-eabi/10.3.1/../../../../arm-none-eabi/lib/thumb/v7e-m+fp/hard\libc_nano.a(lib_a-nano-vfprintf_i.o)
                0x00000000080061c4                _printf_common
 *fill*         0x000000000800629e        0x2 
 .text._printf_i
                0x00000000080062a0      0x24c c:/st/stm32cubeide_1.12.0/stm32cubeide/plugins/com.st.stm32cube.ide.mcu.externaltools.gnu-tools-for-stm32.10.3-2021.10.win32_1.0.200.202301161003/tools/bin/../lib/gcc/arm-none-eabi/10.3.1/../../../../arm-none-eabi/lib/thumb/v7e-m+fp/hard\libc_nano.a(lib_a-nano-vfprintf_i.o)
                0x00000000080062a0                _printf_i
 .text.printf   0x00000000080064ec       0x30 c:/st/stm32cubeide_1.12.0/stm32cubeide/plugins/com.st.stm32cube.ide.mcu.externaltools.gnu-tools-for-stm32.10.3-2021.10.win32_1.0.200.202301161003/tools/bin/../lib/gcc/arm-none-eabi/10.3.1/../../../../arm-none-eabi/lib/thumb/v7e-m+fp/hard\libc_nano.a(lib_a-printf.o)
                0x00000000080064ec                iprintf
                0x00000000080064ec                printf
 .text.quorem   0x000000000800651c      0x116 c:/st/stm32cubeide_1.12.0/stm32cubeide/plugins/com.st.stm32cube.ide.mcu.externaltools.gnu-tools-for-stm32.10.3-2021.10.win32_1.0.200.202301161003/tools/bin/../lib/gcc/arm-none-eabi/10.3.1/../../../../arm-none-eabi/lib/thumb/v7e-m+fp/hard\libc_nano.a(lib_a-dtoa.o)
 *fill*         0x0000000008006632        0x6 
 .text._dtoa_r  0x0000000008006638      0xbdc c:/st/stm32cubeide_1.12.0/stm32cubeide/plugins/com.st.stm32cube.ide.mcu.externaltools.gnu-tools-for-stm32.10.3-2021.10.win32_1.0.200.202301161003/tools/bin/../lib/gcc/arm-none-eabi/10.3.1/../../../../arm-none-eabi/lib/thumb/v7e-m+fp/hard\libc_nano.a(lib_a-dtoa.o)
                0x0000000008006638                _dtoa_r
 .text.std      0x0000000008007214       0x48 c:/st/stm32cubeide_1.12.0/stm32cubeide/plugins/com.st.stm32cube.ide.mcu.externaltools.gnu-tools-for-stm32.10.3-2021.10.win32_1.0.200.202301161003/tools/bin/../lib/gcc/arm-none-eabi/10.3.1/../../../../arm-none-eabi/lib/thumb/v7e-m+fp/hard\libc_nano.a(lib_a-findfp.o)
 .text._cleanup_r
                0x000000000800725c        0xc c:/st/stm32cubeide_1.12.0/stm32cubeide/plugins/com.st.stm32cube.ide.mcu.externaltools.gnu-tools-for-stm32.10.3-2021.10.win32_1.0.200.202301161003/tools/bin/../lib/gcc/arm-none-eabi/10.3.1/../../../../arm-none-eabi/lib/thumb/v7e-m+fp/hard\libc_nano.a(lib_a-findfp.o)
                0x000000000800725c                _cleanup_r
 .text.__sfmoreglue
                0x0000000008007268       0x2c c:/st/stm32cubeide_1.12.0/stm32cubeide/plugins/com.st.stm32cube.ide.mcu.externaltools.gnu-tools-for-stm32.10.3-2021.10.win32_1.0.200.202301161003/tools/bin/../lib/gcc/arm-none-eabi/10.3.1/../../../../arm-none-eabi/lib/thumb/v7e-m+fp/hard\libc_nano.a(lib_a-findfp.o)
                0x0000000008007268                __sfmoreglue
 .text.__sfp_lock_acquire
                0x0000000008007294        0xc c:/st/stm32cubeide_1.12.0/stm32cubeide/plugins/com.st.stm32cube.ide.mcu.externaltools.gnu-tools-for-stm32.10.3-2021.10.win32_1.0.200.202301161003/tools/bin/../lib/gcc/arm-none-eabi/10.3.1/../../../../arm-none-eabi/lib/thumb/v7e-m+fp/hard\libc_nano.a(lib_a-findfp.o)
                0x0000000008007294                __sfp_lock_acquire
 .text.__sfp_lock_release
                0x00000000080072a0        0xc c:/st/stm32cubeide_1.12.0/stm32cubeide/plugins/com.st.stm32cube.ide.mcu.externaltools.gnu-tools-for-stm32.10.3-2021.10.win32_1.0.200.202301161003/tools/bin/../lib/gcc/arm-none-eabi/10.3.1/../../../../arm-none-eabi/lib/thumb/v7e-m+fp/hard\libc_nano.a(lib_a-findfp.o)
                0x00000000080072a0                __sfp_lock_release
 .text.__sinit_lock_acquire
                0x00000000080072ac        0xc c:/st/stm32cubeide_1.12.0/stm32cubeide/plugins/com.st.stm32cube.ide.mcu.externaltools.gnu-tools-for-stm32.10.3-2021.10.win32_1.0.200.202301161003/tools/bin/../lib/gcc/arm-none-eabi/10.3.1/../../../../arm-none-eabi/lib/thumb/v7e-m+fp/hard\libc_nano.a(lib_a-findfp.o)
                0x00000000080072ac                __sinit_lock_acquire
 .text.__sinit_lock_release
                0x00000000080072b8        0xc c:/st/stm32cubeide_1.12.0/stm32cubeide/plugins/com.st.stm32cube.ide.mcu.externaltools.gnu-tools-for-stm32.10.3-2021.10.win32_1.0.200.202301161003/tools/bin/../lib/gcc/arm-none-eabi/10.3.1/../../../../arm-none-eabi/lib/thumb/v7e-m+fp/hard\libc_nano.a(lib_a-findfp.o)
                0x00000000080072b8                __sinit_lock_release
 .text.__sinit  0x00000000080072c4       0x70 c:/st/stm32cubeide_1.12.0/stm32cubeide/plugins/com.st.stm32cube.ide.mcu.externaltools.gnu-tools-for-stm32.10.3-2021.10.win32_1.0.200.202301161003/tools/bin/../lib/gcc/arm-none-eabi/10.3.1/../../../../arm-none-eabi/lib/thumb/v7e-m+fp/hard\libc_nano.a(lib_a-findfp.o)
                0x00000000080072c4                __sinit
 .text.__sfp    0x0000000008007334       0x8c c:/st/stm32cubeide_1.12.0/stm32cubeide/plugins/com.st.stm32cube.ide.mcu.externaltools.gnu-tools-for-stm32.10.3-2021.10.win32_1.0.200.202301161003/tools/bin/../lib/gcc/arm-none-eabi/10.3.1/../../../../arm-none-eabi/lib/thumb/v7e-m+fp/hard\libc_nano.a(lib_a-findfp.o)
                0x0000000008007334                __sfp
 .text._fwalk_reent
                0x00000000080073c0       0x3e c:/st/stm32cubeide_1.12.0/stm32cubeide/plugins/com.st.stm32cube.ide.mcu.externaltools.gnu-tools-for-stm32.10.3-2021.10.win32_1.0.200.202301161003/tools/bin/../lib/gcc/arm-none-eabi/10.3.1/../../../../arm-none-eabi/lib/thumb/v7e-m+fp/hard\libc_nano.a(lib_a-fwalk.o)
                0x00000000080073c0                _fwalk_reent
 *fill*         0x00000000080073fe        0x2 
 .text._localeconv_r
                0x0000000008007400        0x8 c:/st/stm32cubeide_1.12.0/stm32cubeide/plugins/com.st.stm32cube.ide.mcu.externaltools.gnu-tools-for-stm32.10.3-2021.10.win32_1.0.200.202301161003/tools/bin/../lib/gcc/arm-none-eabi/10.3.1/../../../../arm-none-eabi/lib/thumb/v7e-m+fp/hard\libc_nano.a(lib_a-localeconv.o)
                0x0000000008007400                _localeconv_r
 .text.__retarget_lock_init_recursive
                0x0000000008007408        0x2 c:/st/stm32cubeide_1.12.0/stm32cubeide/plugins/com.st.stm32cube.ide.mcu.externaltools.gnu-tools-for-stm32.10.3-2021.10.win32_1.0.200.202301161003/tools/bin/../lib/gcc/arm-none-eabi/10.3.1/../../../../arm-none-eabi/lib/thumb/v7e-m+fp/hard\libc_nano.a(lib_a-lock.o)
                0x0000000008007408                __retarget_lock_init_recursive
 .text.__retarget_lock_acquire_recursive
                0x000000000800740a        0x2 c:/st/stm32cubeide_1.12.0/stm32cubeide/plugins/com.st.stm32cube.ide.mcu.externaltools.gnu-tools-for-stm32.10.3-2021.10.win32_1.0.200.202301161003/tools/bin/../lib/gcc/arm-none-eabi/10.3.1/../../../../arm-none-eabi/lib/thumb/v7e-m+fp/hard\libc_nano.a(lib_a-lock.o)
                0x000000000800740a                __retarget_lock_acquire_recursive
 .text.__retarget_lock_release_recursive
                0x000000000800740c        0x2 c:/st/stm32cubeide_1.12.0/stm32cubeide/plugins/com.st.stm32cube.ide.mcu.externaltools.gnu-tools-for-stm32.10.3-2021.10.win32_1.0.200.202301161003/tools/bin/../lib/gcc/arm-none-eabi/10.3.1/../../../../arm-none-eabi/lib/thumb/v7e-m+fp/hard\libc_nano.a(lib_a-lock.o)
                0x000000000800740c                __retarget_lock_release_recursive
 *fill*         0x000000000800740e        0x2 
 .text.malloc   0x0000000008007410       0x10 c:/st/stm32cubeide_1.12.0/stm32cubeide/plugins/com.st.stm32cube.ide.mcu.externaltools.gnu-tools-for-stm32.10.3-2021.10.win32_1.0.200.202301161003/tools/bin/../lib/gcc/arm-none-eabi/10.3.1/../../../../arm-none-eabi/lib/thumb/v7e-m+fp/hard\libc_nano.a(lib_a-malloc.o)
                0x0000000008007410                malloc
 .text.memcpy   0x0000000008007420       0x1c c:/st/stm32cubeide_1.12.0/stm32cubeide/plugins/com.st.stm32cube.ide.mcu.externaltools.gnu-tools-for-stm32.10.3-2021.10.win32_1.0.200.202301161003/tools/bin/../lib/gcc/arm-none-eabi/10.3.1/../../../../arm-none-eabi/lib/thumb/v7e-m+fp/hard\libc_nano.a(lib_a-memcpy-stub.o)
                0x0000000008007420                memcpy
 .text._Balloc  0x000000000800743c       0x80 c:/st/stm32cubeide_1.12.0/stm32cubeide/plugins/com.st.stm32cube.ide.mcu.externaltools.gnu-tools-for-stm32.10.3-2021.10.win32_1.0.200.202301161003/tools/bin/../lib/gcc/arm-none-eabi/10.3.1/../../../../arm-none-eabi/lib/thumb/v7e-m+fp/hard\libc_nano.a(lib_a-mprec.o)
                0x000000000800743c                _Balloc
 .text._Bfree   0x00000000080074bc       0x44 c:/st/stm32cubeide_1.12.0/stm32cubeide/plugins/com.st.stm32cube.ide.mcu.externaltools.gnu-tools-for-stm32.10.3-2021.10.win32_1.0.200.202301161003/tools/bin/../lib/gcc/arm-none-eabi/10.3.1/../../../../arm-none-eabi/lib/thumb/v7e-m+fp/hard\libc_nano.a(lib_a-mprec.o)
                0x00000000080074bc                _Bfree
 .text.__multadd
                0x0000000008007500       0x8c c:/st/stm32cubeide_1.12.0/stm32cubeide/plugins/com.st.stm32cube.ide.mcu.externaltools.gnu-tools-for-stm32.10.3-2021.10.win32_1.0.200.202301161003/tools/bin/../lib/gcc/arm-none-eabi/10.3.1/../../../../arm-none-eabi/lib/thumb/v7e-m+fp/hard\libc_nano.a(lib_a-mprec.o)
                0x0000000008007500                __multadd
 .text.__hi0bits
                0x000000000800758c       0x40 c:/st/stm32cubeide_1.12.0/stm32cubeide/plugins/com.st.stm32cube.ide.mcu.externaltools.gnu-tools-for-stm32.10.3-2021.10.win32_1.0.200.202301161003/tools/bin/../lib/gcc/arm-none-eabi/10.3.1/../../../../arm-none-eabi/lib/thumb/v7e-m+fp/hard\libc_nano.a(lib_a-mprec.o)
                0x000000000800758c                __hi0bits
 .text.__lo0bits
                0x00000000080075cc       0x5e c:/st/stm32cubeide_1.12.0/stm32cubeide/plugins/com.st.stm32cube.ide.mcu.externaltools.gnu-tools-for-stm32.10.3-2021.10.win32_1.0.200.202301161003/tools/bin/../lib/gcc/arm-none-eabi/10.3.1/../../../../arm-none-eabi/lib/thumb/v7e-m+fp/hard\libc_nano.a(lib_a-mprec.o)
                0x00000000080075cc                __lo0bits
 *fill*         0x000000000800762a        0x2 
 .text.__i2b    0x000000000800762c       0x2c c:/st/stm32cubeide_1.12.0/stm32cubeide/plugins/com.st.stm32cube.ide.mcu.externaltools.gnu-tools-for-stm32.10.3-2021.10.win32_1.0.200.202301161003/tools/bin/../lib/gcc/arm-none-eabi/10.3.1/../../../../arm-none-eabi/lib/thumb/v7e-m+fp/hard\libc_nano.a(lib_a-mprec.o)
                0x000000000800762c                __i2b
 .text.__multiply
                0x0000000008007658      0x154 c:/st/stm32cubeide_1.12.0/stm32cubeide/plugins/com.st.stm32cube.ide.mcu.externaltools.gnu-tools-for-stm32.10.3-2021.10.win32_1.0.200.202301161003/tools/bin/../lib/gcc/arm-none-eabi/10.3.1/../../../../arm-none-eabi/lib/thumb/v7e-m+fp/hard\libc_nano.a(lib_a-mprec.o)
                0x0000000008007658                __multiply
 .text.__pow5mult
                0x00000000080077ac       0xb4 c:/st/stm32cubeide_1.12.0/stm32cubeide/plugins/com.st.stm32cube.ide.mcu.externaltools.gnu-tools-for-stm32.10.3-2021.10.win32_1.0.200.202301161003/tools/bin/../lib/gcc/arm-none-eabi/10.3.1/../../../../arm-none-eabi/lib/thumb/v7e-m+fp/hard\libc_nano.a(lib_a-mprec.o)
                0x00000000080077ac                __pow5mult
 .text.__lshift
                0x0000000008007860       0xe0 c:/st/stm32cubeide_1.12.0/stm32cubeide/plugins/com.st.stm32cube.ide.mcu.externaltools.gnu-tools-for-stm32.10.3-2021.10.win32_1.0.200.202301161003/tools/bin/../lib/gcc/arm-none-eabi/10.3.1/../../../../arm-none-eabi/lib/thumb/v7e-m+fp/hard\libc_nano.a(lib_a-mprec.o)
                0x0000000008007860                __lshift
 .text.__mcmp   0x0000000008007940       0x38 c:/st/stm32cubeide_1.12.0/stm32cubeide/plugins/com.st.stm32cube.ide.mcu.externaltools.gnu-tools-for-stm32.10.3-2021.10.win32_1.0.200.202301161003/tools/bin/../lib/gcc/arm-none-eabi/10.3.1/../../../../arm-none-eabi/lib/thumb/v7e-m+fp/hard\libc_nano.a(lib_a-mprec.o)
                0x0000000008007940                __mcmp
 .text.__mdiff  0x0000000008007978      0x114 c:/st/stm32cubeide_1.12.0/stm32cubeide/plugins/com.st.stm32cube.ide.mcu.externaltools.gnu-tools-for-stm32.10.3-2021.10.win32_1.0.200.202301161003/tools/bin/../lib/gcc/arm-none-eabi/10.3.1/../../../../arm-none-eabi/lib/thumb/v7e-m+fp/hard\libc_nano.a(lib_a-mprec.o)
                0x0000000008007978                __mdiff
 .text.__d2b    0x0000000008007a8c       0xb8 c:/st/stm32cubeide_1.12.0/stm32cubeide/plugins/com.st.stm32cube.ide.mcu.externaltools.gnu-tools-for-stm32.10.3-2021.10.win32_1.0.200.202301161003/tools/bin/../lib/gcc/arm-none-eabi/10.3.1/../../../../arm-none-eabi/lib/thumb/v7e-m+fp/hard\libc_nano.a(lib_a-mprec.o)
                0x0000000008007a8c                __d2b
 .text._calloc_r
                0x0000000008007b44       0x2c c:/st/stm32cubeide_1.12.0/stm32cubeide/plugins/com.st.stm32cube.ide.mcu.externaltools.gnu-tools-for-stm32.10.3-2021.10.win32_1.0.200.202301161003/tools/bin/../lib/gcc/arm-none-eabi/10.3.1/../../../../arm-none-eabi/lib/thumb/v7e-m+fp/hard\libc_nano.a(lib_a-nano-callocr.o)
                0x0000000008007b44                _calloc_r
 .text._free_r  0x0000000008007b70       0x98 c:/st/stm32cubeide_1.12.0/stm32cubeide/plugins/com.st.stm32cube.ide.mcu.externaltools.gnu-tools-for-stm32.10.3-2021.10.win32_1.0.200.202301161003/tools/bin/../lib/gcc/arm-none-eabi/10.3.1/../../../../arm-none-eabi/lib/thumb/v7e-m+fp/hard\libc_nano.a(lib_a-nano-freer.o)
                0x0000000008007b70                _free_r
 .text.sbrk_aligned
                0x0000000008007c08       0x40 c:/st/stm32cubeide_1.12.0/stm32cubeide/plugins/com.st.stm32cube.ide.mcu.externaltools.gnu-tools-for-stm32.10.3-2021.10.win32_1.0.200.202301161003/tools/bin/../lib/gcc/arm-none-eabi/10.3.1/../../../../arm-none-eabi/lib/thumb/v7e-m+fp/hard\libc_nano.a(lib_a-nano-mallocr.o)
 .text._malloc_r
                0x0000000008007c48       0xe8 c:/st/stm32cubeide_1.12.0/stm32cubeide/plugins/com.st.stm32cube.ide.mcu.externaltools.gnu-tools-for-stm32.10.3-2021.10.win32_1.0.200.202301161003/tools/bin/../lib/gcc/arm-none-eabi/10.3.1/../../../../arm-none-eabi/lib/thumb/v7e-m+fp/hard\libc_nano.a(lib_a-nano-mallocr.o)
                0x0000000008007c48                _malloc_r
 .text.__sfputc_r
                0x0000000008007d30       0x2e c:/st/stm32cubeide_1.12.0/stm32cubeide/plugins/com.st.stm32cube.ide.mcu.externaltools.gnu-tools-for-stm32.10.3-2021.10.win32_1.0.200.202301161003/tools/bin/../lib/gcc/arm-none-eabi/10.3.1/../../../../arm-none-eabi/lib/thumb/v7e-m+fp/hard\libc_nano.a(lib_a-nano-vfprintf.o)
 .text.__sfputs_r
                0x0000000008007d5e       0x24 c:/st/stm32cubeide_1.12.0/stm32cubeide/plugins/com.st.stm32cube.ide.mcu.externaltools.gnu-tools-for-stm32.10.3-2021.10.win32_1.0.200.202301161003/tools/bin/../lib/gcc/arm-none-eabi/10.3.1/../../../../arm-none-eabi/lib/thumb/v7e-m+fp/hard\libc_nano.a(lib_a-nano-vfprintf.o)
                0x0000000008007d5e                __sfputs_r
 *fill*         0x0000000008007d82        0x2 
 .text._vfprintf_r
                0x0000000008007d84      0x260 c:/st/stm32cubeide_1.12.0/stm32cubeide/plugins/com.st.stm32cube.ide.mcu.externaltools.gnu-tools-for-stm32.10.3-2021.10.win32_1.0.200.202301161003/tools/bin/../lib/gcc/arm-none-eabi/10.3.1/../../../../arm-none-eabi/lib/thumb/v7e-m+fp/hard\libc_nano.a(lib_a-nano-vfprintf.o)
                0x0000000008007d84                _vfprintf_r
                0x0000000008007d84                _vfiprintf_r
 .text._sbrk_r  0x0000000008007fe4       0x20 c:/st/stm32cubeide_1.12.0/stm32cubeide/plugins/com.st.stm32cube.ide.mcu.externaltools.gnu-tools-for-stm32.10.3-2021.10.win32_1.0.200.202301161003/tools/bin/../lib/gcc/arm-none-eabi/10.3.1/../../../../arm-none-eabi/lib/thumb/v7e-m+fp/hard\libc_nano.a(lib_a-sbrkr.o)
                0x0000000008007fe4                _sbrk_r
 .text.__sread  0x0000000008008004       0x22 c:/st/stm32cubeide_1.12.0/stm32cubeide/plugins/com.st.stm32cube.ide.mcu.externaltools.gnu-tools-for-stm32.10.3-2021.10.win32_1.0.200.202301161003/tools/bin/../lib/gcc/arm-none-eabi/10.3.1/../../../../arm-none-eabi/lib/thumb/v7e-m+fp/hard\libc_nano.a(lib_a-stdio.o)
                0x0000000008008004                __sread
 .text.__swrite
                0x0000000008008026       0x38 c:/st/stm32cubeide_1.12.0/stm32cubeide/plugins/com.st.stm32cube.ide.mcu.externaltools.gnu-tools-for-stm32.10.3-2021.10.win32_1.0.200.202301161003/tools/bin/../lib/gcc/arm-none-eabi/10.3.1/../../../../arm-none-eabi/lib/thumb/v7e-m+fp/hard\libc_nano.a(lib_a-stdio.o)
                0x0000000008008026                __swrite
 .text.__sseek  0x000000000800805e       0x24 c:/st/stm32cubeide_1.12.0/stm32cubeide/plugins/com.st.stm32cube.ide.mcu.externaltools.gnu-tools-for-stm32.10.3-2021.10.win32_1.0.200.202301161003/tools/bin/../lib/gcc/arm-none-eabi/10.3.1/../../../../arm-none-eabi/lib/thumb/v7e-m+fp/hard\libc_nano.a(lib_a-stdio.o)
                0x000000000800805e                __sseek
 .text.__sclose
                0x0000000008008082        0x8 c:/st/stm32cubeide_1.12.0/stm32cubeide/plugins/com.st.stm32cube.ide.mcu.externaltools.gnu-tools-for-stm32.10.3-2021.10.win32_1.0.200.202301161003/tools/bin/../lib/gcc/arm-none-eabi/10.3.1/../../../../arm-none-eabi/lib/thumb/v7e-m+fp/hard\libc_nano.a(lib_a-stdio.o)
                0x0000000008008082                __sclose
 *fill*         0x000000000800808a        0x2 
 .text.__swbuf_r
                0x000000000800808c       0xa4 c:/st/stm32cubeide_1.12.0/stm32cubeide/plugins/com.st.stm32cube.ide.mcu.externaltools.gnu-tools-for-stm32.10.3-2021.10.win32_1.0.200.202301161003/tools/bin/../lib/gcc/arm-none-eabi/10.3.1/../../../../arm-none-eabi/lib/thumb/v7e-m+fp/hard\libc_nano.a(lib_a-wbuf.o)
                0x000000000800808c                __swbuf_r
 .text._write_r
                0x0000000008008130       0x24 c:/st/stm32cubeide_1.12.0/stm32cubeide/plugins/com.st.stm32cube.ide.mcu.externaltools.gnu-tools-for-stm32.10.3-2021.10.win32_1.0.200.202301161003/tools/bin/../lib/gcc/arm-none-eabi/10.3.1/../../../../arm-none-eabi/lib/thumb/v7e-m+fp/hard\libc_nano.a(lib_a-writer.o)
                0x0000000008008130                _write_r
 .text.__swsetup_r
                0x0000000008008154       0xdc c:/st/stm32cubeide_1.12.0/stm32cubeide/plugins/com.st.stm32cube.ide.mcu.externaltools.gnu-tools-for-stm32.10.3-2021.10.win32_1.0.200.202301161003/tools/bin/../lib/gcc/arm-none-eabi/10.3.1/../../../../arm-none-eabi/lib/thumb/v7e-m+fp/hard\libc_nano.a(lib_a-wsetup.o)
                0x0000000008008154                __swsetup_r
 .text.__assert_func
                0x0000000008008230       0x3c c:/st/stm32cubeide_1.12.0/stm32cubeide/plugins/com.st.stm32cube.ide.mcu.externaltools.gnu-tools-for-stm32.10.3-2021.10.win32_1.0.200.202301161003/tools/bin/../lib/gcc/arm-none-eabi/10.3.1/../../../../arm-none-eabi/lib/thumb/v7e-m+fp/hard\libc_nano.a(lib_a-assert.o)
                0x0000000008008230                __assert_func
 .text._close_r
                0x000000000800826c       0x20 c:/st/stm32cubeide_1.12.0/stm32cubeide/plugins/com.st.stm32cube.ide.mcu.externaltools.gnu-tools-for-stm32.10.3-2021.10.win32_1.0.200.202301161003/tools/bin/../lib/gcc/arm-none-eabi/10.3.1/../../../../arm-none-eabi/lib/thumb/v7e-m+fp/hard\libc_nano.a(lib_a-closer.o)
                0x000000000800826c                _close_r
 .text.__sflush_r
                0x000000000800828c      0x10c c:/st/stm32cubeide_1.12.0/stm32cubeide/plugins/com.st.stm32cube.ide.mcu.externaltools.gnu-tools-for-stm32.10.3-2021.10.win32_1.0.200.202301161003/tools/bin/../lib/gcc/arm-none-eabi/10.3.1/../../../../arm-none-eabi/lib/thumb/v7e-m+fp/hard\libc_nano.a(lib_a-fflush.o)
                0x000000000800828c                __sflush_r
 .text._fflush_r
                0x0000000008008398       0x78 c:/st/stm32cubeide_1.12.0/stm32cubeide/plugins/com.st.stm32cube.ide.mcu.externaltools.gnu-tools-for-stm32.10.3-2021.10.win32_1.0.200.202301161003/tools/bin/../lib/gcc/arm-none-eabi/10.3.1/../../../../arm-none-eabi/lib/thumb/v7e-m+fp/hard\libc_nano.a(lib_a-fflush.o)
                0x0000000008008398                _fflush_r
 .text.fprintf  0x0000000008008410       0x24 c:/st/stm32cubeide_1.12.0/stm32cubeide/plugins/com.st.stm32cube.ide.mcu.externaltools.gnu-tools-for-stm32.10.3-2021.10.win32_1.0.200.202301161003/tools/bin/../lib/gcc/arm-none-eabi/10.3.1/../../../../arm-none-eabi/lib/thumb/v7e-m+fp/hard\libc_nano.a(lib_a-fprintf.o)
                0x0000000008008410                fiprintf
                0x0000000008008410                fprintf
 .text._lseek_r
                0x0000000008008434       0x24 c:/st/stm32cubeide_1.12.0/stm32cubeide/plugins/com.st.stm32cube.ide.mcu.externaltools.gnu-tools-for-stm32.10.3-2021.10.win32_1.0.200.202301161003/tools/bin/../lib/gcc/arm-none-eabi/10.3.1/../../../../arm-none-eabi/lib/thumb/v7e-m+fp/hard\libc_nano.a(lib_a-lseekr.o)
                0x0000000008008434                _lseek_r
 .text.__swhatbuf_r
                0x0000000008008458       0x4a c:/st/stm32cubeide_1.12.0/stm32cubeide/plugins/com.st.stm32cube.ide.mcu.externaltools.gnu-tools-for-stm32.10.3-2021.10.win32_1.0.200.202301161003/tools/bin/../lib/gcc/arm-none-eabi/10.3.1/../../../../arm-none-eabi/lib/thumb/v7e-m+fp/hard\libc_nano.a(lib_a-makebuf.o)
                0x0000000008008458                __swhatbuf_r
 *fill*         0x00000000080084a2        0x2 
 .text.__smakebuf_r
                0x00000000080084a4       0x80 c:/st/stm32cubeide_1.12.0/stm32cubeide/plugins/com.st.stm32cube.ide.mcu.externaltools.gnu-tools-for-stm32.10.3-2021.10.win32_1.0.200.202301161003/tools/bin/../lib/gcc/arm-none-eabi/10.3.1/../../../../arm-none-eabi/lib/thumb/v7e-m+fp/hard\libc_nano.a(lib_a-makebuf.o)
                0x00000000080084a4                __smakebuf_r
 .text.__ascii_mbtowc
                0x0000000008008524       0x24 c:/st/stm32cubeide_1.12.0/stm32cubeide/plugins/com.st.stm32cube.ide.mcu.externaltools.gnu-tools-for-stm32.10.3-2021.10.win32_1.0.200.202301161003/tools/bin/../lib/gcc/arm-none-eabi/10.3.1/../../../../arm-none-eabi/lib/thumb/v7e-m+fp/hard\libc_nano.a(lib_a-mbtowc_r.o)
                0x0000000008008524                __ascii_mbtowc
 .text.__malloc_lock
                0x0000000008008548        0xc c:/st/stm32cubeide_1.12.0/stm32cubeide/plugins/com.st.stm32cube.ide.mcu.externaltools.gnu-tools-for-stm32.10.3-2021.10.win32_1.0.200.202301161003/tools/bin/../lib/gcc/arm-none-eabi/10.3.1/../../../../arm-none-eabi/lib/thumb/v7e-m+fp/hard\libc_nano.a(lib_a-mlock.o)
                0x0000000008008548                __malloc_lock
 .text.__malloc_unlock
                0x0000000008008554        0xc c:/st/stm32cubeide_1.12.0/stm32cubeide/plugins/com.st.stm32cube.ide.mcu.externaltools.gnu-tools-for-stm32.10.3-2021.10.win32_1.0.200.202301161003/tools/bin/../lib/gcc/arm-none-eabi/10.3.1/../../../../arm-none-eabi/lib/thumb/v7e-m+fp/hard\libc_nano.a(lib_a-mlock.o)
                0x0000000008008554                __malloc_unlock
 .text._read_r  0x0000000008008560       0x24 c:/st/stm32cubeide_1.12.0/stm32cubeide/plugins/com.st.stm32cube.ide.mcu.externaltools.gnu-tools-for-stm32.10.3-2021.10.win32_1.0.200.202301161003/tools/bin/../lib/gcc/arm-none-eabi/10.3.1/../../../../arm-none-eabi/lib/thumb/v7e-m+fp/hard\libc_nano.a(lib_a-readr.o)
                0x0000000008008560                _read_r
 .text.__ascii_wctomb
                0x0000000008008584       0x1a c:/st/stm32cubeide_1.12.0/stm32cubeide/plugins/com.st.stm32cube.ide.mcu.externaltools.gnu-tools-for-stm32.10.3-2021.10.win32_1.0.200.202301161003/tools/bin/../lib/gcc/arm-none-eabi/10.3.1/../../../../arm-none-eabi/lib/thumb/v7e-m+fp/hard\libc_nano.a(lib_a-wctomb_r.o)
                0x0000000008008584                __ascii_wctomb
 .text.abort    0x000000000800859e        0xe c:/st/stm32cubeide_1.12.0/stm32cubeide/plugins/com.st.stm32cube.ide.mcu.externaltools.gnu-tools-for-stm32.10.3-2021.10.win32_1.0.200.202301161003/tools/bin/../lib/gcc/arm-none-eabi/10.3.1/../../../../arm-none-eabi/lib/thumb/v7e-m+fp/hard\libc_nano.a(lib_a-abort.o)
                0x000000000800859e                abort
 .text._fstat_r
                0x00000000080085ac       0x24 c:/st/stm32cubeide_1.12.0/stm32cubeide/plugins/com.st.stm32cube.ide.mcu.externaltools.gnu-tools-for-stm32.10.3-2021.10.win32_1.0.200.202301161003/tools/bin/../lib/gcc/arm-none-eabi/10.3.1/../../../../arm-none-eabi/lib/thumb/v7e-m+fp/hard\libc_nano.a(lib_a-fstatr.o)
                0x00000000080085ac                _fstat_r
 .text._isatty_r
                0x00000000080085d0       0x20 c:/st/stm32cubeide_1.12.0/stm32cubeide/plugins/com.st.stm32cube.ide.mcu.externaltools.gnu-tools-for-stm32.10.3-2021.10.win32_1.0.200.202301161003/tools/bin/../lib/gcc/arm-none-eabi/10.3.1/../../../../arm-none-eabi/lib/thumb/v7e-m+fp/hard\libc_nano.a(lib_a-isattyr.o)
                0x00000000080085d0                _isatty_r
 .text._raise_r
                0x00000000080085f0       0x50 c:/st/stm32cubeide_1.12.0/stm32cubeide/plugins/com.st.stm32cube.ide.mcu.externaltools.gnu-tools-for-stm32.10.3-2021.10.win32_1.0.200.202301161003/tools/bin/../lib/gcc/arm-none-eabi/10.3.1/../../../../arm-none-eabi/lib/thumb/v7e-m+fp/hard\libc_nano.a(lib_a-signal.o)
                0x00000000080085f0                _raise_r
 .text.raise    0x0000000008008640       0x10 c:/st/stm32cubeide_1.12.0/stm32cubeide/plugins/com.st.stm32cube.ide.mcu.externaltools.gnu-tools-for-stm32.10.3-2021.10.win32_1.0.200.202301161003/tools/bin/../lib/gcc/arm-none-eabi/10.3.1/../../../../arm-none-eabi/lib/thumb/v7e-m+fp/hard\libc_nano.a(lib_a-signal.o)
                0x0000000008008640                raise
 .text._kill_r  0x0000000008008650       0x24 c:/st/stm32cubeide_1.12.0/stm32cubeide/plugins/com.st.stm32cube.ide.mcu.externaltools.gnu-tools-for-stm32.10.3-2021.10.win32_1.0.200.202301161003/tools/bin/../lib/gcc/arm-none-eabi/10.3.1/../../../../arm-none-eabi/lib/thumb/v7e-m+fp/hard\libc_nano.a(lib_a-signalr.o)
                0x0000000008008650                _kill_r
 .text._getpid_r
                0x0000000008008674        0x4 c:/st/stm32cubeide_1.12.0/stm32cubeide/plugins/com.st.stm32cube.ide.mcu.externaltools.gnu-tools-for-stm32.10.3-2021.10.win32_1.0.200.202301161003/tools/bin/../lib/gcc/arm-none-eabi/10.3.1/../../../../arm-none-eabi/lib/thumb/v7e-m+fp/hard\libc_nano.a(lib_a-signalr.o)
                0x0000000008008674                _getpid_r
 .text.sqrtf    0x0000000008008678       0x3c c:/st/stm32cubeide_1.12.0/stm32cubeide/plugins/com.st.stm32cube.ide.mcu.externaltools.gnu-tools-for-stm32.10.3-2021.10.win32_1.0.200.202301161003/tools/bin/../lib/gcc/arm-none-eabi/10.3.1/../../../../arm-none-eabi/lib/thumb/v7e-m+fp/hard\libm.a(lib_a-wf_sqrt.o)
                0x0000000008008678                sqrtf
 .text.__ieee754_sqrtf
                0x00000000080086b4        0x6 c:/st/stm32cubeide_1.12.0/stm32cubeide/plugins/com.st.stm32cube.ide.mcu.externaltools.gnu-tools-for-stm32.10.3-2021.10.win32_1.0.200.202301161003/tools/bin/../lib/gcc/arm-none-eabi/10.3.1/../../../../arm-none-eabi/lib/thumb/v7e-m+fp/hard\libm.a(lib_a-ef_sqrt.o)
                0x00000000080086b4                __ieee754_sqrtf
 *(.glue_7)
 .glue_7        0x00000000080086ba        0x0 linker stubs
 *(.glue_7t)
 .glue_7t       0x00000000080086ba        0x0 linker stubs
 *(.eh_frame)
 *fill*         0x00000000080086ba        0x2 
 .eh_frame      0x00000000080086bc        0x0 c:/st/stm32cubeide_1.12.0/stm32cubeide/plugins/com.st.stm32cube.ide.mcu.externaltools.gnu-tools-for-stm32.10.3-2021.10.win32_1.0.200.202301161003/tools/bin/../lib/gcc/arm-none-eabi/10.3.1/thumb/v7e-m+fp/hard/crtbegin.o
 *(.init)
 .init          0x00000000080086bc        0x4 c:/st/stm32cubeide_1.12.0/stm32cubeide/plugins/com.st.stm32cube.ide.mcu.externaltools.gnu-tools-for-stm32.10.3-2021.10.win32_1.0.200.202301161003/tools/bin/../lib/gcc/arm-none-eabi/10.3.1/thumb/v7e-m+fp/hard/crti.o
                0x00000000080086bc                _init
 .init          0x00000000080086c0        0x8 c:/st/stm32cubeide_1.12.0/stm32cubeide/plugins/com.st.stm32cube.ide.mcu.externaltools.gnu-tools-for-stm32.10.3-2021.10.win32_1.0.200.202301161003/tools/bin/../lib/gcc/arm-none-eabi/10.3.1/thumb/v7e-m+fp/hard/crtn.o
 *(.fini)
 .fini          0x00000000080086c8        0x4 c:/st/stm32cubeide_1.12.0/stm32cubeide/plugins/com.st.stm32cube.ide.mcu.externaltools.gnu-tools-for-stm32.10.3-2021.10.win32_1.0.200.202301161003/tools/bin/../lib/gcc/arm-none-eabi/10.3.1/thumb/v7e-m+fp/hard/crti.o
                0x00000000080086c8                _fini
 .fini          0x00000000080086cc        0x8 c:/st/stm32cubeide_1.12.0/stm32cubeide/plugins/com.st.stm32cube.ide.mcu.externaltools.gnu-tools-for-stm32.10.3-2021.10.win32_1.0.200.202301161003/tools/bin/../lib/gcc/arm-none-eabi/10.3.1/thumb/v7e-m+fp/hard/crtn.o
                0x00000000080086d4                . = ALIGN (0x4)
                0x00000000080086d4                _etext = .

.vfp11_veneer   0x00000000080086d4        0x0
 .vfp11_veneer  0x00000000080086d4        0x0 linker stubs

.v4_bx          0x00000000080086d4        0x0
 .v4_bx         0x00000000080086d4        0x0 linker stubs

.iplt           0x00000000080086d4        0x0
 .iplt          0x00000000080086d4        0x0 c:/st/stm32cubeide_1.12.0/stm32cubeide/plugins/com.st.stm32cube.ide.mcu.externaltools.gnu-tools-for-stm32.10.3-2021.10.win32_1.0.200.202301161003/tools/bin/../lib/gcc/arm-none-eabi/10.3.1/thumb/v7e-m+fp/hard/crtbegin.o

.rodata         0x00000000080086d8    0x13864
                0x00000000080086d8                . = ALIGN (0x4)
 *(.rodata)
 .rodata        0x00000000080086d8        0xe ./Core/Src/main.o
 *(.rodata*)
 *fill*         0x00000000080086e6        0x2 
 .rodata.AHBPrescTable
                0x00000000080086e8       0x10 ./Core/Src/system_stm32f7xx.o
                0x00000000080086e8                AHBPrescTable
 .rodata.APBPrescTable
                0x00000000080086f8        0x8 ./Core/Src/system_stm32f7xx.o
                0x00000000080086f8                APBPrescTable
 .rodata.flagBitshiftOffset.0
                0x0000000008008700        0x8 ./Drivers/STM32F7xx_HAL_Driver/Src/stm32f7xx_hal_dma.o
 .rodata.twiddleCoef_2048
                0x0000000008008708     0x4000 C:\Users\ripst\Desktop\stm32_f746_spectrum_analyzer\FFT_test\Lib\libarm_cortexM7lfsp_math.a(arm_common_tables.o)
                0x0000000008008708                twiddleCoef_2048
 .rodata.twiddleCoef_rfft_64
                0x000000000800c708      0x100 C:\Users\ripst\Desktop\stm32_f746_spectrum_analyzer\FFT_test\Lib\libarm_cortexM7lfsp_math.a(arm_common_tables.o)
                0x000000000800c708                twiddleCoef_rfft_64
 .rodata.armBitRevIndexTable64
                0x000000000800c808       0x70 C:\Users\ripst\Desktop\stm32_f746_spectrum_analyzer\FFT_test\Lib\libarm_cortexM7lfsp_math.a(arm_common_tables.o)
                0x000000000800c808                armBitRevIndexTable64
 .rodata.twiddleCoef_rfft_2048
                0x000000000800c878     0x2000 C:\Users\ripst\Desktop\stm32_f746_spectrum_analyzer\FFT_test\Lib\libarm_cortexM7lfsp_math.a(arm_common_tables.o)
                0x000000000800c878                twiddleCoef_rfft_2048
 .rodata.twiddleCoef_rfft_4096
                0x000000000800e878     0x4000 C:\Users\ripst\Desktop\stm32_f746_spectrum_analyzer\FFT_test\Lib\libarm_cortexM7lfsp_math.a(arm_common_tables.o)
                0x000000000800e878                twiddleCoef_rfft_4096
 .rodata.twiddleCoef_256
                0x0000000008012878      0x800 C:\Users\ripst\Desktop\stm32_f746_spectrum_analyzer\FFT_test\Lib\libarm_cortexM7lfsp_math.a(arm_common_tables.o)
                0x0000000008012878                twiddleCoef_256
 .rodata.twiddleCoef_16
                0x0000000008013078       0x80 C:\Users\ripst\Desktop\stm32_f746_spectrum_analyzer\FFT_test\Lib\libarm_cortexM7lfsp_math.a(arm_common_tables.o)
                0x0000000008013078                twiddleCoef_16
 .rodata.twiddleCoef_1024
                0x00000000080130f8     0x2000 C:\Users\ripst\Desktop\stm32_f746_spectrum_analyzer\FFT_test\Lib\libarm_cortexM7lfsp_math.a(arm_common_tables.o)
                0x00000000080130f8                twiddleCoef_1024
 .rodata.twiddleCoef_32
                0x00000000080150f8      0x100 C:\Users\ripst\Desktop\stm32_f746_spectrum_analyzer\FFT_test\Lib\libarm_cortexM7lfsp_math.a(arm_common_tables.o)
                0x00000000080150f8                twiddleCoef_32
 .rodata.armBitRevIndexTable1024
                0x00000000080151f8      0xe10 C:\Users\ripst\Desktop\stm32_f746_spectrum_analyzer\FFT_test\Lib\libarm_cortexM7lfsp_math.a(arm_common_tables.o)
                0x00000000080151f8                armBitRevIndexTable1024
 .rodata.armBitRevIndexTable16
                0x0000000008016008       0x28 C:\Users\ripst\Desktop\stm32_f746_spectrum_analyzer\FFT_test\Lib\libarm_cortexM7lfsp_math.a(arm_common_tables.o)
                0x0000000008016008                armBitRevIndexTable16
 .rodata.twiddleCoef_rfft_32
                0x0000000008016030       0x80 C:\Users\ripst\Desktop\stm32_f746_spectrum_analyzer\FFT_test\Lib\libarm_cortexM7lfsp_math.a(arm_common_tables.o)
                0x0000000008016030                twiddleCoef_rfft_32
 .rodata.armBitRevIndexTable32
                0x00000000080160b0       0x60 C:\Users\ripst\Desktop\stm32_f746_spectrum_analyzer\FFT_test\Lib\libarm_cortexM7lfsp_math.a(arm_common_tables.o)
                0x00000000080160b0                armBitRevIndexTable32
 .rodata.twiddleCoef_128
                0x0000000008016110      0x400 C:\Users\ripst\Desktop\stm32_f746_spectrum_analyzer\FFT_test\Lib\libarm_cortexM7lfsp_math.a(arm_common_tables.o)
                0x0000000008016110                twiddleCoef_128
 .rodata.twiddleCoef_512
                0x0000000008016510     0x1000 C:\Users\ripst\Desktop\stm32_f746_spectrum_analyzer\FFT_test\Lib\libarm_cortexM7lfsp_math.a(arm_common_tables.o)
                0x0000000008016510                twiddleCoef_512
 .rodata.armBitRevIndexTable2048
                0x0000000008017510     0x1dc0 C:\Users\ripst\Desktop\stm32_f746_spectrum_analyzer\FFT_test\Lib\libarm_cortexM7lfsp_math.a(arm_common_tables.o)
                0x0000000008017510                armBitRevIndexTable2048
 .rodata.twiddleCoef_64
                0x00000000080192d0      0x200 C:\Users\ripst\Desktop\stm32_f746_spectrum_analyzer\FFT_test\Lib\libarm_cortexM7lfsp_math.a(arm_common_tables.o)
                0x00000000080192d0                twiddleCoef_64
 .rodata.twiddleCoef_rfft_512
                0x00000000080194d0      0x800 C:\Users\ripst\Desktop\stm32_f746_spectrum_analyzer\FFT_test\Lib\libarm_cortexM7lfsp_math.a(arm_common_tables.o)
                0x00000000080194d0                twiddleCoef_rfft_512
 .rodata.armBitRevIndexTable512
                0x0000000008019cd0      0x380 C:\Users\ripst\Desktop\stm32_f746_spectrum_analyzer\FFT_test\Lib\libarm_cortexM7lfsp_math.a(arm_common_tables.o)
                0x0000000008019cd0                armBitRevIndexTable512
 .rodata.twiddleCoef_rfft_1024
                0x000000000801a050     0x1000 C:\Users\ripst\Desktop\stm32_f746_spectrum_analyzer\FFT_test\Lib\libarm_cortexM7lfsp_math.a(arm_common_tables.o)
                0x000000000801a050                twiddleCoef_rfft_1024
 .rodata.twiddleCoef_rfft_256
                0x000000000801b050      0x400 C:\Users\ripst\Desktop\stm32_f746_spectrum_analyzer\FFT_test\Lib\libarm_cortexM7lfsp_math.a(arm_common_tables.o)
                0x000000000801b050                twiddleCoef_rfft_256
 .rodata.armBitRevIndexTable256
                0x000000000801b450      0x370 C:\Users\ripst\Desktop\stm32_f746_spectrum_analyzer\FFT_test\Lib\libarm_cortexM7lfsp_math.a(arm_common_tables.o)
                0x000000000801b450                armBitRevIndexTable256
 .rodata.twiddleCoef_rfft_128
                0x000000000801b7c0      0x200 C:\Users\ripst\Desktop\stm32_f746_spectrum_analyzer\FFT_test\Lib\libarm_cortexM7lfsp_math.a(arm_common_tables.o)
                0x000000000801b7c0                twiddleCoef_rfft_128
 .rodata.armBitRevIndexTable128
                0x000000000801b9c0      0x1a0 C:\Users\ripst\Desktop\stm32_f746_spectrum_analyzer\FFT_test\Lib\libarm_cortexM7lfsp_math.a(arm_common_tables.o)
                0x000000000801b9c0                armBitRevIndexTable128
 .rodata._global_impure_ptr
                0x000000000801bb60        0x4 c:/st/stm32cubeide_1.12.0/stm32cubeide/plugins/com.st.stm32cube.ide.mcu.externaltools.gnu-tools-for-stm32.10.3-2021.10.win32_1.0.200.202301161003/tools/bin/../lib/gcc/arm-none-eabi/10.3.1/../../../../arm-none-eabi/lib/thumb/v7e-m+fp/hard\libc_nano.a(lib_a-impure.o)
                0x000000000801bb60                _global_impure_ptr
 .rodata._printf_float.str1.1
                0x000000000801bb64       0x12 c:/st/stm32cubeide_1.12.0/stm32cubeide/plugins/com.st.stm32cube.ide.mcu.externaltools.gnu-tools-for-stm32.10.3-2021.10.win32_1.0.200.202301161003/tools/bin/../lib/gcc/arm-none-eabi/10.3.1/../../../../arm-none-eabi/lib/thumb/v7e-m+fp/hard\libc_nano.a(lib_a-nano-vfprintf_float.o)
 .rodata._printf_i.str1.1
                0x000000000801bb76       0x22 c:/st/stm32cubeide_1.12.0/stm32cubeide/plugins/com.st.stm32cube.ide.mcu.externaltools.gnu-tools-for-stm32.10.3-2021.10.win32_1.0.200.202301161003/tools/bin/../lib/gcc/arm-none-eabi/10.3.1/../../../../arm-none-eabi/lib/thumb/v7e-m+fp/hard\libc_nano.a(lib_a-nano-vfprintf_i.o)
 .rodata._dtoa_r.str1.1
                0x000000000801bb98       0x90 c:/st/stm32cubeide_1.12.0/stm32cubeide/plugins/com.st.stm32cube.ide.mcu.externaltools.gnu-tools-for-stm32.10.3-2021.10.win32_1.0.200.202301161003/tools/bin/../lib/gcc/arm-none-eabi/10.3.1/../../../../arm-none-eabi/lib/thumb/v7e-m+fp/hard\libc_nano.a(lib_a-dtoa.o)
                                         0x92 (size before relaxing)
 .rodata.__sf_fake_stderr
                0x000000000801bc28       0x20 c:/st/stm32cubeide_1.12.0/stm32cubeide/plugins/com.st.stm32cube.ide.mcu.externaltools.gnu-tools-for-stm32.10.3-2021.10.win32_1.0.200.202301161003/tools/bin/../lib/gcc/arm-none-eabi/10.3.1/../../../../arm-none-eabi/lib/thumb/v7e-m+fp/hard\libc_nano.a(lib_a-findfp.o)
                0x000000000801bc28                __sf_fake_stderr
 .rodata.__sf_fake_stdin
                0x000000000801bc48       0x20 c:/st/stm32cubeide_1.12.0/stm32cubeide/plugins/com.st.stm32cube.ide.mcu.externaltools.gnu-tools-for-stm32.10.3-2021.10.win32_1.0.200.202301161003/tools/bin/../lib/gcc/arm-none-eabi/10.3.1/../../../../arm-none-eabi/lib/thumb/v7e-m+fp/hard\libc_nano.a(lib_a-findfp.o)
                0x000000000801bc48                __sf_fake_stdin
 .rodata.__sf_fake_stdout
                0x000000000801bc68       0x20 c:/st/stm32cubeide_1.12.0/stm32cubeide/plugins/com.st.stm32cube.ide.mcu.externaltools.gnu-tools-for-stm32.10.3-2021.10.win32_1.0.200.202301161003/tools/bin/../lib/gcc/arm-none-eabi/10.3.1/../../../../arm-none-eabi/lib/thumb/v7e-m+fp/hard\libc_nano.a(lib_a-findfp.o)
                0x000000000801bc68                __sf_fake_stdout
 .rodata._Balloc.str1.1
                0x000000000801bc88       0x5c c:/st/stm32cubeide_1.12.0/stm32cubeide/plugins/com.st.stm32cube.ide.mcu.externaltools.gnu-tools-for-stm32.10.3-2021.10.win32_1.0.200.202301161003/tools/bin/../lib/gcc/arm-none-eabi/10.3.1/../../../../arm-none-eabi/lib/thumb/v7e-m+fp/hard\libc_nano.a(lib_a-mprec.o)
                                         0x73 (size before relaxing)
 .rodata.__multadd.str1.1
                0x000000000801bce4       0x11 c:/st/stm32cubeide_1.12.0/stm32cubeide/plugins/com.st.stm32cube.ide.mcu.externaltools.gnu-tools-for-stm32.10.3-2021.10.win32_1.0.200.202301161003/tools/bin/../lib/gcc/arm-none-eabi/10.3.1/../../../../arm-none-eabi/lib/thumb/v7e-m+fp/hard\libc_nano.a(lib_a-mprec.o)
 *fill*         0x000000000801bce4        0x4 
 .rodata.__mprec_bigtens
                0x000000000801bce8       0x28 c:/st/stm32cubeide_1.12.0/stm32cubeide/plugins/com.st.stm32cube.ide.mcu.externaltools.gnu-tools-for-stm32.10.3-2021.10.win32_1.0.200.202301161003/tools/bin/../lib/gcc/arm-none-eabi/10.3.1/../../../../arm-none-eabi/lib/thumb/v7e-m+fp/hard\libc_nano.a(lib_a-mprec.o)
                0x000000000801bce8                __mprec_bigtens
 .rodata.__mprec_tens
                0x000000000801bd10       0xc8 c:/st/stm32cubeide_1.12.0/stm32cubeide/plugins/com.st.stm32cube.ide.mcu.externaltools.gnu-tools-for-stm32.10.3-2021.10.win32_1.0.200.202301161003/tools/bin/../lib/gcc/arm-none-eabi/10.3.1/../../../../arm-none-eabi/lib/thumb/v7e-m+fp/hard\libc_nano.a(lib_a-mprec.o)
                0x000000000801bd10                __mprec_tens
 .rodata.p05.0  0x000000000801bdd8        0xc c:/st/stm32cubeide_1.12.0/stm32cubeide/plugins/com.st.stm32cube.ide.mcu.externaltools.gnu-tools-for-stm32.10.3-2021.10.win32_1.0.200.202301161003/tools/bin/../lib/gcc/arm-none-eabi/10.3.1/../../../../arm-none-eabi/lib/thumb/v7e-m+fp/hard\libc_nano.a(lib_a-mprec.o)
 .rodata._vfprintf_r.str1.1
                0x000000000801bde4       0x11 c:/st/stm32cubeide_1.12.0/stm32cubeide/plugins/com.st.stm32cube.ide.mcu.externaltools.gnu-tools-for-stm32.10.3-2021.10.win32_1.0.200.202301161003/tools/bin/../lib/gcc/arm-none-eabi/10.3.1/../../../../arm-none-eabi/lib/thumb/v7e-m+fp/hard\libc_nano.a(lib_a-nano-vfprintf.o)
 .rodata.__assert_func.str1.1
                0x000000000801bdf5       0x3c c:/st/stm32cubeide_1.12.0/stm32cubeide/plugins/com.st.stm32cube.ide.mcu.externaltools.gnu-tools-for-stm32.10.3-2021.10.win32_1.0.200.202301161003/tools/bin/../lib/gcc/arm-none-eabi/10.3.1/../../../../arm-none-eabi/lib/thumb/v7e-m+fp/hard\libc_nano.a(lib_a-assert.o)
                                         0x3d (size before relaxing)
 .rodata._setlocale_r.str1.1
                0x000000000801be31        0x8 c:/st/stm32cubeide_1.12.0/stm32cubeide/plugins/com.st.stm32cube.ide.mcu.externaltools.gnu-tools-for-stm32.10.3-2021.10.win32_1.0.200.202301161003/tools/bin/../lib/gcc/arm-none-eabi/10.3.1/../../../../arm-none-eabi/lib/thumb/v7e-m+fp/hard\libc_nano.a(lib_a-locale.o)
                                          0x9 (size before relaxing)
 .rodata.str1.1
                0x000000000801be39        0x2 c:/st/stm32cubeide_1.12.0/stm32cubeide/plugins/com.st.stm32cube.ide.mcu.externaltools.gnu-tools-for-stm32.10.3-2021.10.win32_1.0.200.202301161003/tools/bin/../lib/gcc/arm-none-eabi/10.3.1/../../../../arm-none-eabi/lib/thumb/v7e-m+fp/hard\libc_nano.a(lib_a-locale.o)
 .rodata._ctype_
                0x000000000801be3b      0x101 c:/st/stm32cubeide_1.12.0/stm32cubeide/plugins/com.st.stm32cube.ide.mcu.externaltools.gnu-tools-for-stm32.10.3-2021.10.win32_1.0.200.202301161003/tools/bin/../lib/gcc/arm-none-eabi/10.3.1/../../../../arm-none-eabi/lib/thumb/v7e-m+fp/hard\libc_nano.a(lib_a-ctype_.o)
                0x000000000801be3b                _ctype_
                0x000000000801bf3c                . = ALIGN (0x4)

.ARM.extab      0x000000000801bf3c        0x0
                0x000000000801bf3c                . = ALIGN (0x4)
 *(.ARM.extab* .gnu.linkonce.armextab.*)
                0x000000000801bf3c                . = ALIGN (0x4)

.ARM            0x000000000801bf3c        0x8
                0x000000000801bf3c                . = ALIGN (0x4)
                0x000000000801bf3c                __exidx_start = .
 *(.ARM.exidx*)
 .ARM.exidx     0x000000000801bf3c        0x8 c:/st/stm32cubeide_1.12.0/stm32cubeide/plugins/com.st.stm32cube.ide.mcu.externaltools.gnu-tools-for-stm32.10.3-2021.10.win32_1.0.200.202301161003/tools/bin/../lib/gcc/arm-none-eabi/10.3.1/thumb/v7e-m+fp/hard\libgcc.a(_udivmoddi4.o)
                0x000000000801bf44                __exidx_end = .
                0x000000000801bf44                . = ALIGN (0x4)

.rel.dyn        0x000000000801bf44        0x0
 .rel.iplt      0x000000000801bf44        0x0 c:/st/stm32cubeide_1.12.0/stm32cubeide/plugins/com.st.stm32cube.ide.mcu.externaltools.gnu-tools-for-stm32.10.3-2021.10.win32_1.0.200.202301161003/tools/bin/../lib/gcc/arm-none-eabi/10.3.1/thumb/v7e-m+fp/hard/crtbegin.o

.preinit_array  0x000000000801bf44        0x0
                0x000000000801bf44                . = ALIGN (0x4)
                0x000000000801bf44                PROVIDE (__preinit_array_start = .)
 *(.preinit_array*)
                0x000000000801bf44                PROVIDE (__preinit_array_end = .)
                0x000000000801bf44                . = ALIGN (0x4)

.init_array     0x000000000801bf44        0x4
                0x000000000801bf44                . = ALIGN (0x4)
                0x000000000801bf44                PROVIDE (__init_array_start = .)
 *(SORT_BY_NAME(.init_array.*))
 *(.init_array*)
 .init_array    0x000000000801bf44        0x4 c:/st/stm32cubeide_1.12.0/stm32cubeide/plugins/com.st.stm32cube.ide.mcu.externaltools.gnu-tools-for-stm32.10.3-2021.10.win32_1.0.200.202301161003/tools/bin/../lib/gcc/arm-none-eabi/10.3.1/thumb/v7e-m+fp/hard/crtbegin.o
                0x000000000801bf48                PROVIDE (__init_array_end = .)
                0x000000000801bf48                . = ALIGN (0x4)

.fini_array     0x000000000801bf48        0x4
                0x000000000801bf48                . = ALIGN (0x4)
                [!provide]                        PROVIDE (__fini_array_start = .)
 *(SORT_BY_NAME(.fini_array.*))
 *(.fini_array*)
 .fini_array    0x000000000801bf48        0x4 c:/st/stm32cubeide_1.12.0/stm32cubeide/plugins/com.st.stm32cube.ide.mcu.externaltools.gnu-tools-for-stm32.10.3-2021.10.win32_1.0.200.202301161003/tools/bin/../lib/gcc/arm-none-eabi/10.3.1/thumb/v7e-m+fp/hard/crtbegin.o
                [!provide]                        PROVIDE (__fini_array_end = .)
                0x000000000801bf4c                . = ALIGN (0x4)
                0x000000000801bf4c                _sidata = LOADADDR (.data)

.data           0x0000000020000000      0x1dc load address 0x000000000801bf4c
                0x0000000020000000                . = ALIGN (0x4)
                0x0000000020000000                _sdata = .
 *(.data)
 *(.data*)
 .data.SystemCoreClock
                0x0000000020000000        0x4 ./Core/Src/system_stm32f7xx.o
                0x0000000020000000                SystemCoreClock
 .data.uwTickPrio
                0x0000000020000004        0x4 ./Drivers/STM32F7xx_HAL_Driver/Src/stm32f7xx_hal.o
                0x0000000020000004                uwTickPrio
 .data.uwTickFreq
                0x0000000020000008        0x1 ./Drivers/STM32F7xx_HAL_Driver/Src/stm32f7xx_hal.o
                0x0000000020000008                uwTickFreq
 *fill*         0x0000000020000009        0x3 
 .data._impure_ptr
                0x000000002000000c        0x4 c:/st/stm32cubeide_1.12.0/stm32cubeide/plugins/com.st.stm32cube.ide.mcu.externaltools.gnu-tools-for-stm32.10.3-2021.10.win32_1.0.200.202301161003/tools/bin/../lib/gcc/arm-none-eabi/10.3.1/../../../../arm-none-eabi/lib/thumb/v7e-m+fp/hard\libc_nano.a(lib_a-impure.o)
                0x000000002000000c                _impure_ptr
 .data.impure_data
                0x0000000020000010       0x60 c:/st/stm32cubeide_1.12.0/stm32cubeide/plugins/com.st.stm32cube.ide.mcu.externaltools.gnu-tools-for-stm32.10.3-2021.10.win32_1.0.200.202301161003/tools/bin/../lib/gcc/arm-none-eabi/10.3.1/../../../../arm-none-eabi/lib/thumb/v7e-m+fp/hard\libc_nano.a(lib_a-impure.o)
 .data.__global_locale
                0x0000000020000070      0x16c c:/st/stm32cubeide_1.12.0/stm32cubeide/plugins/com.st.stm32cube.ide.mcu.externaltools.gnu-tools-for-stm32.10.3-2021.10.win32_1.0.200.202301161003/tools/bin/../lib/gcc/arm-none-eabi/10.3.1/../../../../arm-none-eabi/lib/thumb/v7e-m+fp/hard\libc_nano.a(lib_a-locale.o)
                0x0000000020000070                __global_locale
 *(.RamFunc)
 *(.RamFunc*)
                0x00000000200001dc                . = ALIGN (0x4)
                0x00000000200001dc                _edata = .

.igot.plt       0x00000000200001dc        0x0 load address 0x000000000801c128
 .igot.plt      0x00000000200001dc        0x0 c:/st/stm32cubeide_1.12.0/stm32cubeide/plugins/com.st.stm32cube.ide.mcu.externaltools.gnu-tools-for-stm32.10.3-2021.10.win32_1.0.200.202301161003/tools/bin/../lib/gcc/arm-none-eabi/10.3.1/thumb/v7e-m+fp/hard/crtbegin.o
                0x00000000200001dc                . = ALIGN (0x4)

.bss            0x00000000200001dc     0x629c load address 0x000000000801c128
                0x00000000200001dc                _sbss = .
                0x00000000200001dc                __bss_start__ = _sbss
 *(.bss)
 .bss           0x00000000200001dc       0x1c c:/st/stm32cubeide_1.12.0/stm32cubeide/plugins/com.st.stm32cube.ide.mcu.externaltools.gnu-tools-for-stm32.10.3-2021.10.win32_1.0.200.202301161003/tools/bin/../lib/gcc/arm-none-eabi/10.3.1/thumb/v7e-m+fp/hard/crtbegin.o
 *(.bss*)
 .bss.hi2s2     0x00000000200001f8       0x40 ./Core/Src/main.o
                0x00000000200001f8                hi2s2
 .bss.hdma_spi2_rx
                0x0000000020000238       0x60 ./Core/Src/main.o
                0x0000000020000238                hdma_spi2_rx
 .bss.hspi1     0x0000000020000298       0x64 ./Core/Src/main.o
                0x0000000020000298                hspi1
 .bss.hdma_spi1_tx
                0x00000000200002fc       0x60 ./Core/Src/main.o
                0x00000000200002fc                hdma_spi1_tx
 .bss.hdma_spi1_rx
                0x000000002000035c       0x60 ./Core/Src/main.o
                0x000000002000035c                hdma_spi1_rx
 .bss.huart3    0x00000000200003bc       0x88 ./Core/Src/main.o
                0x00000000200003bc                huart3
 .bss.rxBuf     0x0000000020000444     0x2000 ./Core/Src/main.o
                0x0000000020000444                rxBuf
 .bss.txBuf     0x0000000020002444     0x2000 ./Core/Src/main.o
                0x0000000020002444                txBuf
 .bss.fft_in_buf
                0x0000000020004444     0x1000 ./Core/Src/main.o
                0x0000000020004444                fft_in_buf
 .bss.fft_out_buf
                0x0000000020005444     0x1000 ./Core/Src/main.o
                0x0000000020005444                fft_out_buf
 .bss.dataReadyFlag
                0x0000000020006444        0x1 ./Core/Src/main.o
                0x0000000020006444                dataReadyFlag
 *fill*         0x0000000020006445        0x3 
 .bss.fft_handler
                0x0000000020006448       0x18 ./Core/Src/main.o
                0x0000000020006448                fft_handler
 .bss.__sbrk_heap_end
                0x0000000020006460        0x4 ./Core/Src/sysmem.o
 .bss.uwTick    0x0000000020006464        0x4 ./Drivers/STM32F7xx_HAL_Driver/Src/stm32f7xx_hal.o
                0x0000000020006464                uwTick
 .bss.__lock___malloc_recursive_mutex
                0x0000000020006468        0x1 c:/st/stm32cubeide_1.12.0/stm32cubeide/plugins/com.st.stm32cube.ide.mcu.externaltools.gnu-tools-for-stm32.10.3-2021.10.win32_1.0.200.202301161003/tools/bin/../lib/gcc/arm-none-eabi/10.3.1/../../../../arm-none-eabi/lib/thumb/v7e-m+fp/hard\libc_nano.a(lib_a-lock.o)
                0x0000000020006468                __lock___malloc_recursive_mutex
 .bss.__lock___sfp_recursive_mutex
                0x0000000020006469        0x1 c:/st/stm32cubeide_1.12.0/stm32cubeide/plugins/com.st.stm32cube.ide.mcu.externaltools.gnu-tools-for-stm32.10.3-2021.10.win32_1.0.200.202301161003/tools/bin/../lib/gcc/arm-none-eabi/10.3.1/../../../../arm-none-eabi/lib/thumb/v7e-m+fp/hard\libc_nano.a(lib_a-lock.o)
                0x0000000020006469                __lock___sfp_recursive_mutex
 .bss.__lock___sinit_recursive_mutex
                0x000000002000646a        0x1 c:/st/stm32cubeide_1.12.0/stm32cubeide/plugins/com.st.stm32cube.ide.mcu.externaltools.gnu-tools-for-stm32.10.3-2021.10.win32_1.0.200.202301161003/tools/bin/../lib/gcc/arm-none-eabi/10.3.1/../../../../arm-none-eabi/lib/thumb/v7e-m+fp/hard\libc_nano.a(lib_a-lock.o)
                0x000000002000646a                __lock___sinit_recursive_mutex
 *fill*         0x000000002000646b        0x1 
 .bss.__malloc_free_list
                0x000000002000646c        0x4 c:/st/stm32cubeide_1.12.0/stm32cubeide/plugins/com.st.stm32cube.ide.mcu.externaltools.gnu-tools-for-stm32.10.3-2021.10.win32_1.0.200.202301161003/tools/bin/../lib/gcc/arm-none-eabi/10.3.1/../../../../arm-none-eabi/lib/thumb/v7e-m+fp/hard\libc_nano.a(lib_a-nano-mallocr.o)
                0x000000002000646c                __malloc_free_list
 .bss.__malloc_sbrk_start
                0x0000000020006470        0x4 c:/st/stm32cubeide_1.12.0/stm32cubeide/plugins/com.st.stm32cube.ide.mcu.externaltools.gnu-tools-for-stm32.10.3-2021.10.win32_1.0.200.202301161003/tools/bin/../lib/gcc/arm-none-eabi/10.3.1/../../../../arm-none-eabi/lib/thumb/v7e-m+fp/hard\libc_nano.a(lib_a-nano-mallocr.o)
                0x0000000020006470                __malloc_sbrk_start
 .bss.errno     0x0000000020006474        0x4 c:/st/stm32cubeide_1.12.0/stm32cubeide/plugins/com.st.stm32cube.ide.mcu.externaltools.gnu-tools-for-stm32.10.3-2021.10.win32_1.0.200.202301161003/tools/bin/../lib/gcc/arm-none-eabi/10.3.1/../../../../arm-none-eabi/lib/thumb/v7e-m+fp/hard\libc_nano.a(lib_a-reent.o)
                0x0000000020006474                errno
 *(COMMON)
                0x0000000020006478                . = ALIGN (0x4)
                0x0000000020006478                _ebss = .
                0x0000000020006478                __bss_end__ = _ebss

._user_heap_stack
                0x0000000020006478      0x600 load address 0x000000000801c128
                0x0000000020006478                . = ALIGN (0x8)
                [!provide]                        PROVIDE (end = .)
                0x0000000020006478                PROVIDE (_end = .)
                0x0000000020006678                . = (. + _Min_Heap_Size)
 *fill*         0x0000000020006478      0x200 
                0x0000000020006a78                . = (. + _Min_Stack_Size)
 *fill*         0x0000000020006678      0x400 
                0x0000000020006a78                . = ALIGN (0x8)

/DISCARD/
 libc.a(*)
 libm.a(*)
 libgcc.a(*)

.ARM.attributes
                0x0000000000000000       0x30
 *(.ARM.attributes)
 .ARM.attributes
                0x0000000000000000       0x1e c:/st/stm32cubeide_1.12.0/stm32cubeide/plugins/com.st.stm32cube.ide.mcu.externaltools.gnu-tools-for-stm32.10.3-2021.10.win32_1.0.200.202301161003/tools/bin/../lib/gcc/arm-none-eabi/10.3.1/thumb/v7e-m+fp/hard/crti.o
 .ARM.attributes
                0x000000000000001e       0x34 c:/st/stm32cubeide_1.12.0/stm32cubeide/plugins/com.st.stm32cube.ide.mcu.externaltools.gnu-tools-for-stm32.10.3-2021.10.win32_1.0.200.202301161003/tools/bin/../lib/gcc/arm-none-eabi/10.3.1/thumb/v7e-m+fp/hard/crtbegin.o
 .ARM.attributes
                0x0000000000000052       0x34 ./Core/Src/led.o
 .ARM.attributes
                0x0000000000000086       0x34 ./Core/Src/main.o
 .ARM.attributes
                0x00000000000000ba       0x34 ./Core/Src/stm32f7xx_hal_msp.o
 .ARM.attributes
                0x00000000000000ee       0x34 ./Core/Src/stm32f7xx_it.o
 .ARM.attributes
                0x0000000000000122       0x34 ./Core/Src/syscalls.o
 .ARM.attributes
                0x0000000000000156       0x34 ./Core/Src/sysmem.o
 .ARM.attributes
                0x000000000000018a       0x34 ./Core/Src/system_stm32f7xx.o
 .ARM.attributes
                0x00000000000001be       0x21 ./Core/Startup/startup_stm32f746zgtx.o
 .ARM.attributes
                0x00000000000001df       0x34 ./Drivers/STM32F7xx_HAL_Driver/Src/stm32f7xx_hal.o
 .ARM.attributes
                0x0000000000000213       0x34 ./Drivers/STM32F7xx_HAL_Driver/Src/stm32f7xx_hal_cortex.o
 .ARM.attributes
                0x0000000000000247       0x34 ./Drivers/STM32F7xx_HAL_Driver/Src/stm32f7xx_hal_dma.o
 .ARM.attributes
                0x000000000000027b       0x34 ./Drivers/STM32F7xx_HAL_Driver/Src/stm32f7xx_hal_gpio.o
 .ARM.attributes
                0x00000000000002af       0x34 ./Drivers/STM32F7xx_HAL_Driver/Src/stm32f7xx_hal_i2s.o
 .ARM.attributes
                0x00000000000002e3       0x34 ./Drivers/STM32F7xx_HAL_Driver/Src/stm32f7xx_hal_pwr_ex.o
 .ARM.attributes
                0x0000000000000317       0x34 ./Drivers/STM32F7xx_HAL_Driver/Src/stm32f7xx_hal_rcc.o
 .ARM.attributes
                0x000000000000034b       0x34 ./Drivers/STM32F7xx_HAL_Driver/Src/stm32f7xx_hal_rcc_ex.o
 .ARM.attributes
                0x000000000000037f       0x34 ./Drivers/STM32F7xx_HAL_Driver/Src/stm32f7xx_hal_spi.o
 .ARM.attributes
                0x00000000000003b3       0x34 ./Drivers/STM32F7xx_HAL_Driver/Src/stm32f7xx_hal_uart.o
 .ARM.attributes
                0x00000000000003e7       0x39 C:\Users\ripst\Desktop\stm32_f746_spectrum_analyzer\FFT_test\Lib\libarm_cortexM7lfsp_math.a(arm_rfft_fast_init_f32.o)
 .ARM.attributes
                0x0000000000000420       0x39 C:\Users\ripst\Desktop\stm32_f746_spectrum_analyzer\FFT_test\Lib\libarm_cortexM7lfsp_math.a(arm_rfft_fast_f32.o)
 .ARM.attributes
                0x0000000000000459       0x39 C:\Users\ripst\Desktop\stm32_f746_spectrum_analyzer\FFT_test\Lib\libarm_cortexM7lfsp_math.a(arm_cfft_f32.o)
 .ARM.attributes
                0x0000000000000492       0x39 C:\Users\ripst\Desktop\stm32_f746_spectrum_analyzer\FFT_test\Lib\libarm_cortexM7lfsp_math.a(arm_common_tables.o)
 .ARM.attributes