Archive member included to satisfy reference by file (symbol)

C:\Users\ripst\Desktop\stm32_f746_spectrum_analyzer\FFT_LCD\Lib\libarm_cortexM7lfsp_math.a(arm_rfft_fast_init_f32.o)
                              ./Core/Src/main.o (arm_rfft_fast_init_f32)
C:\Users\ripst\Desktop\stm32_f746_spectrum_analyzer\FFT_LCD\Lib\libarm_cortexM7lfsp_math.a(arm_rfft_fast_f32.o)
                              ./Core/Src/main.o (arm_rfft_fast_f32)
C:\Users\ripst\Desktop\stm32_f746_spectrum_analyzer\FFT_LCD\Lib\libarm_cortexM7lfsp_math.a(arm_cfft_f32.o)
                              C:\Users\ripst\Desktop\stm32_f746_spectrum_analyzer\FFT_LCD\Lib\libarm_cortexM7lfsp_math.a(arm_rfft_fast_f32.o) (arm_cfft_f32)
C:\Users\ripst\Desktop\stm32_f746_spectrum_analyzer\FFT_LCD\Lib\libarm_cortexM7lfsp_math.a(arm_common_tables.o)
                              C:\Users\ripst\Desktop\stm32_f746_spectrum_analyzer\FFT_LCD\Lib\libarm_cortexM7lfsp_math.a(arm_rfft_fast_init_f32.o) (twiddleCoef_rfft_4096)
C:\Users\ripst\Desktop\stm32_f746_spectrum_analyzer\FFT_LCD\Lib\libarm_cortexM7lfsp_math.a(arm_bitreversal2.o)
                              C:\Users\ripst\Desktop\stm32_f746_spectrum_analyzer\FFT_LCD\Lib\libarm_cortexM7lfsp_math.a(arm_cfft_f32.o) (arm_bitreversal_32)
C:\Users\ripst\Desktop\stm32_f746_spectrum_analyzer\FFT_LCD\Lib\libarm_cortexM7lfsp_math.a(arm_cfft_radix8_f32.o)
                              C:\Users\ripst\Desktop\stm32_f746_spectrum_analyzer\FFT_LCD\Lib\libarm_cortexM7lfsp_math.a(arm_cfft_f32.o) (arm_radix8_butterfly_f32)
c:/st/stm32cubeide_1.12.0/stm32cubeide/plugins/com.st.stm32cube.ide.mcu.externaltools.gnu-tools-for-stm32.10.3-2021.10.win32_1.0.200.202301161003/tools/bin/../lib/gcc/arm-none-eabi/10.3.1/../../../../arm-none-eabi/lib/thumb/v7e-m+fp/hard\libc_nano.a(lib_a-errno.o)
                              ./Core/Src/syscalls.o (__errno)
c:/st/stm32cubeide_1.12.0/stm32cubeide/plugins/com.st.stm32cube.ide.mcu.externaltools.gnu-tools-for-stm32.10.3-2021.10.win32_1.0.200.202301161003/tools/bin/../lib/gcc/arm-none-eabi/10.3.1/../../../../arm-none-eabi/lib/thumb/v7e-m+fp/hard\libc_nano.a(lib_a-exit.o)
                              c:/st/stm32cubeide_1.12.0/stm32cubeide/plugins/com.st.stm32cube.ide.mcu.externaltools.gnu-tools-for-stm32.10.3-2021.10.win32_1.0.200.202301161003/tools/bin/../lib/gcc/arm-none-eabi/10.3.1/../../../../arm-none-eabi/lib/thumb/v7e-m+fp/hard/crt0.o (exit)
c:/st/stm32cubeide_1.12.0/stm32cubeide/plugins/com.st.stm32cube.ide.mcu.externaltools.gnu-tools-for-stm32.10.3-2021.10.win32_1.0.200.202301161003/tools/bin/../lib/gcc/arm-none-eabi/10.3.1/../../../../arm-none-eabi/lib/thumb/v7e-m+fp/hard\libc_nano.a(lib_a-impure.o)
                              c:/st/stm32cubeide_1.12.0/stm32cubeide/plugins/com.st.stm32cube.ide.mcu.externaltools.gnu-tools-for-stm32.10.3-2021.10.win32_1.0.200.202301161003/tools/bin/../lib/gcc/arm-none-eabi/10.3.1/../../../../arm-none-eabi/lib/thumb/v7e-m+fp/hard\libc_nano.a(lib_a-exit.o) (_global_impure_ptr)
c:/st/stm32cubeide_1.12.0/stm32cubeide/plugins/com.st.stm32cube.ide.mcu.externaltools.gnu-tools-for-stm32.10.3-2021.10.win32_1.0.200.202301161003/tools/bin/../lib/gcc/arm-none-eabi/10.3.1/../../../../arm-none-eabi/lib/thumb/v7e-m+fp/hard\libc_nano.a(lib_a-init.o)
                              c:/st/stm32cubeide_1.12.0/stm32cubeide/plugins/com.st.stm32cube.ide.mcu.externaltools.gnu-tools-for-stm32.10.3-2021.10.win32_1.0.200.202301161003/tools/bin/../lib/gcc/arm-none-eabi/10.3.1/../../../../arm-none-eabi/lib/thumb/v7e-m+fp/hard/crt0.o (__libc_init_array)
c:/st/stm32cubeide_1.12.0/stm32cubeide/plugins/com.st.stm32cube.ide.mcu.externaltools.gnu-tools-for-stm32.10.3-2021.10.win32_1.0.200.202301161003/tools/bin/../lib/gcc/arm-none-eabi/10.3.1/../../../../arm-none-eabi/lib/thumb/v7e-m+fp/hard\libc_nano.a(lib_a-memset.o)
                              c:/st/stm32cubeide_1.12.0/stm32cubeide/plugins/com.st.stm32cube.ide.mcu.externaltools.gnu-tools-for-stm32.10.3-2021.10.win32_1.0.200.202301161003/tools/bin/../lib/gcc/arm-none-eabi/10.3.1/../../../../arm-none-eabi/lib/thumb/v7e-m+fp/hard/crt0.o (memset)
c:/st/stm32cubeide_1.12.0/stm32cubeide/plugins/com.st.stm32cube.ide.mcu.externaltools.gnu-tools-for-stm32.10.3-2021.10.win32_1.0.200.202301161003/tools/bin/../lib/gcc/arm-none-eabi/10.3.1/../../../../arm-none-eabi/lib/thumb/v7e-m+fp/hard\libc_nano.a(lib_a-nano-vfprintf_float.o)
                              (_printf_float)
c:/st/stm32cubeide_1.12.0/stm32cubeide/plugins/com.st.stm32cube.ide.mcu.externaltools.gnu-tools-for-stm32.10.3-2021.10.win32_1.0.200.202301161003/tools/bin/../lib/gcc/arm-none-eabi/10.3.1/../../../../arm-none-eabi/lib/thumb/v7e-m+fp/hard\libc_nano.a(lib_a-nano-vfprintf_i.o)
[...]
Memory Configuration

Name             Origin             Length             Attributes
RAM              0x0000000020000000 0x0000000000050000 xrw
FLASH            0x0000000008000000 0x0000000000100000 xr
*default*        0x0000000000000000 0xffffffffffffffff

Linker script and memory map

LOAD c:/st/stm32cubeide_1.12.0/stm32cubeide/plugins/com.st.stm32cube.ide.mcu.externaltools.gnu-tools-for-stm32.10.3-2021.10.win32_1.0.200.202301161003/tools/bin/../lib/gcc/arm-none-eabi/10.3.1/thumb/v7e-m+fp/hard/crti.o
LOAD c:/st/stm32cubeide_1.12.0/stm32cubeide/plugins/com.st.stm32cube.ide.mcu.externaltools.gnu-tools-for-stm32.10.3-2021.10.win32_1.0.200.202301161003/tools/bin/../lib/gcc/arm-none-eabi/10.3.1/thumb/v7e-m+fp/hard/crtbegin.o
LOAD c:/st/stm32cubeide_1.12.0/stm32cubeide/plugins/com.st.stm32cube.ide.mcu.externaltools.gnu-tools-for-stm32.10.3-2021.10.win32_1.0.200.202301161003/tools/bin/../lib/gcc/arm-none-eabi/10.3.1/../../../../arm-none-eabi/lib/thumb/v7e-m+fp/hard/crt0.o
LOAD ./Core/Src/ILI9341/ILI9341_GFX.o
LOAD ./Core/Src/ILI9341/ILI9341_STM32_Driver.o
LOAD ./Core/Src/gpio.o
LOAD ./Core/Src/led.o
LOAD ./Core/Src/main.o
LOAD ./Core/Src/rcc.o
LOAD ./Core/Src/spi.o
LOAD ./Core/Src/stm32f7xx_hal_msp.o
LOAD ./Core/Src/stm32f7xx_it.o
LOAD ./Core/Src/syscalls.o
LOAD ./Core/Src/sysmem.o
LOAD ./Core/Src/system_stm32f7xx.o
LOAD ./Core/Src/uart.o
LOAD ./Core/Startup/startup_stm32f746zgtx.o
LOAD ./Drivers/STM32F7xx_HAL_Driver/Src/stm32f7xx_hal.o
LOAD ./Drivers/STM32F7xx_HAL_Driver/Src/stm32f7xx_hal_cortex.o
LOAD ./Drivers/STM32F7xx_HAL_Driver/Src/stm32f7xx_hal_dma.o
LOAD ./Drivers/STM32F7xx_HAL_Driver/Src/stm32f7xx_hal_dma_ex.o
LOAD ./Drivers/STM32F7xx_HAL_Driver/Src/stm32f7xx_hal_exti.o
LOAD ./Drivers/STM32F7xx_HAL_Driver/Src/stm32f7xx_hal_flash.o
LOAD ./Drivers/STM32F7xx_HAL_Driver/Src/stm32f7xx_hal_flash_ex.o
LOAD ./Drivers/STM32F7xx_HAL_Driver/Src/stm32f7xx_hal_gpio.o
LOAD ./Drivers/STM32F7xx_HAL_Driver/Src/stm32f7xx_hal_i2c.o
LOAD ./Drivers/STM32F7xx_HAL_Driver/Src/stm32f7xx_hal_i2c_ex.o
LOAD ./Drivers/STM32F7xx_HAL_Driver/Src/stm32f7xx_hal_i2s.o
LOAD ./Drivers/STM32F7xx_HAL_Driver/Src/stm32f7xx_hal_pwr.o
LOAD ./Drivers/STM32F7xx_HAL_Driver/Src/stm32f7xx_hal_pwr_ex.o
LOAD ./Drivers/STM32F7xx_HAL_Driver/Src/stm32f7xx_hal_rcc.o
LOAD ./Drivers/STM32F7xx_HAL_Driver/Src/stm32f7xx_hal_rcc_ex.o
LOAD ./Drivers/STM32F7xx_HAL_Driver/Src/stm32f7xx_hal_spi.o
LOAD ./Drivers/STM32F7xx_HAL_Driver/Src/stm32f7xx_hal_spi_ex.o
LOAD ./Drivers/STM32F7xx_HAL_Driver/Src/stm32f7xx_hal_tim.o
LOAD ./Drivers/STM32F7xx_HAL_Driver/Src/stm32f7xx_hal_tim_ex.o
LOAD ./Drivers/STM32F7xx_HAL_Driver/Src/stm32f7xx_hal_uart.o
LOAD ./Drivers/STM32F7xx_HAL_Driver/Src/stm32f7xx_hal_uart_ex.o
LOAD C:\Users\ripst\Desktop\stm32_f746_spectrum_analyzer\FFT_LCD\Lib\libarm_cortexM7lfsp_math.a
START GROUP
LOAD c:/st/stm32cubeide_1.12.0/stm32cubeide/plugins/com.st.stm32cube.ide.mcu.externaltools.gnu-tools-for-stm32.10.3-2021.10.win32_1.0.200.202301161003/tools/bin/../lib/gcc/arm-none-eabi/10.3.1/../../../../arm-none-eabi/lib/thumb/v7e-m+fp/hard\libc_nano.a
LOAD c:/st/stm32cubeide_1.12.0/stm32cubeide/plugins/com.st.stm32cube.ide.mcu.externaltools.gnu-tools-for-stm32.10.3-2021.10.win32_1.0.200.202301161003/tools/bin/../lib/gcc/arm-none-eabi/10.3.1/../../../../arm-none-eabi/lib/thumb/v7e-m+fp/hard\libm.a
END GROUP
START GROUP
LOAD c:/st/stm32cubeide_1.12.0/stm32cubeide/plugins/com.st.stm32cube.ide.mcu.externaltools.gnu-tools-for-stm32.10.3-2021.10.win32_1.0.200.202301161003/tools/bin/../lib/gcc/arm-none-eabi/10.3.1/thumb/v7e-m+fp/hard\libgcc.a
LOAD c:/st/stm32cubeide_1.12.0/stm32cubeide/plugins/com.st.stm32cube.ide.mcu.externaltools.gnu-tools-for-stm32.10.3-2021.10.win32_1.0.200.202301161003/tools/bin/../lib/gcc/arm-none-eabi/10.3.1/../../../../arm-none-eabi/lib/thumb/v7e-m+fp/hard\libc_nano.a
END GROUP
START GROUP
LOAD c:/st/stm32cubeide_1.12.0/stm32cubeide/plugins/com.st.stm32cube.ide.mcu.externaltools.gnu-tools-for-stm32.10.3-2021.10.win32_1.0.200.202301161003/tools/bin/../lib/gcc/arm-none-eabi/10.3.1/thumb/v7e-m+fp/hard\libgcc.a
LOAD c:/st/stm32cubeide_1.12.0/stm32cubeide/plugins/com.st.stm32cube.ide.mcu.externaltools.gnu-tools-for-stm32.10.3-2021.10.win32_1.0.200.202301161003/tools/bin/../lib/gcc/arm-none-eabi/10.3.1/../../../../arm-none-eabi/lib/thumb/v7e-m+fp/hard\libc_nano.a
LOAD c:/st/stm32cubeide_1.12.0/stm32cubeide/plugins/com.st.stm32cube.ide.mcu.externaltools.gnu-tools-for-stm32.10.3-2021.10.win32_1.0.200.202301161003/tools/bin/../lib/gcc/arm-none-eabi/10.3.1/../../../../arm-none-eabi/lib/thumb/v7e-m+fp/hard\libnosys.a
END GROUP
START GROUP
LOAD c:/st/stm32cubeide_1.12.0/stm32cubeide/plugins/com.st.stm32cube.ide.mcu.externaltools.gnu-tools-for-stm32.10.3-2021.10.win32_1.0.200.202301161003/tools/bin/../lib/gcc/arm-none-eabi/10.3.1/thumb/v7e-m+fp/hard\libgcc.a
LOAD c:/st/stm32cubeide_1.12.0/stm32cubeide/plugins/com.st.stm32cube.ide.mcu.externaltools.gnu-tools-for-stm32.10.3-2021.10.win32_1.0.200.202301161003/tools/bin/../lib/gcc/arm-none-eabi/10.3.1/../../../../arm-none-eabi/lib/thumb/v7e-m+fp/hard\libc_nano.a
LOAD c:/st/stm32cubeide_1.12.0/stm32cubeide/plugins/com.st.stm32cube.ide.mcu.externaltools.gnu-tools-for-stm32.10.3-2021.10.win32_1.0.200.202301161003/tools/bin/../lib/gcc/arm-none-eabi/10.3.1/../../../../arm-none-eabi/lib/thumb/v7e-m+fp/hard\libnosys.a
END GROUP
LOAD c:/st/stm32cubeide_1.12.0/stm32cubeide/plugins/com.st.stm32cube.ide.mcu.externaltools.gnu-tools-for-stm32.10.3-2021.10.win32_1.0.200.202301161003/tools/bin/../lib/gcc/arm-none-eabi/10.3.1/thumb/v7e-m+fp/hard/crtend.o
LOAD c:/st/stm32cubeide_1.12.0/stm32cubeide/plugins/com.st.stm32cube.ide.mcu.externaltools.gnu-tools-for-stm32.10.3-2021.10.win32_1.0.200.202301161003/tools/bin/../lib/gcc/arm-none-eabi/10.3.1/thumb/v7e-m+fp/hard/crtn.o
                0x0000000020050000                _estack = (ORIGIN (RAM) + LENGTH (RAM))
                0x0000000000000200                _Min_Heap_Size = 0x200
                0x0000000000000400                _Min_Stack_Size = 0x400

.isr_vector     0x0000000008000000      0x1c8
                0x0000000008000000                . = ALIGN (0x4)
 *(.isr_vector)
 .isr_vector    0x0000000008000000      0x1c8 ./Core/Startup/startup_stm32f746zgtx.o
                0x0000000008000000                g_pfnVectors
                0x00000000080001c8                . = ALIGN (0x4)

.text           0x00000000080001d0     0x92c4
                0x00000000080001d0                . = ALIGN (0x4)
 *(.text)
 .text          0x00000000080001d0       0x40 c:/st/stm32cubeide_1.12.0/stm32cubeide/plugins/com.st.stm32cube.ide.mcu.externaltools.gnu-tools-for-stm32.10.3-2021.10.win32_1.0.200.202301161003/tools/bin/../lib/gcc/arm-none-eabi/10.3.1/thumb/v7e-m+fp/hard/crtbegin.o
 .text          0x0000000008000210       0xc0 C:\Users\ripst\Desktop\stm32_f746_spectrum_analyzer\FFT_LCD\Lib\libarm_cortexM7lfsp_math.a(arm_bitreversal2.o)
                0x0000000008000210                arm_bitreversal_32
                0x000000000800027a                arm_bitreversal_16
 .text          0x00000000080002d0       0x10 c:/st/stm32cubeide_1.12.0/stm32cubeide/plugins/com.st.stm32cube.ide.mcu.externaltools.gnu-tools-for-stm32.10.3-2021.10.win32_1.0.200.202301161003/tools/bin/../lib/gcc/arm-none-eabi/10.3.1/../../../../arm-none-eabi/lib/thumb/v7e-m+fp/hard\libc_nano.a(lib_a-strlen.o)
                0x00000000080002d0                strlen
 .text          0x00000000080002e0       0xa0 c:/st/stm32cubeide_1.12.0/stm32cubeide/plugins/com.st.stm32cube.ide.mcu.externaltools.gnu-tools-for-stm32.10.3-2021.10.win32_1.0.200.202301161003/tools/bin/../lib/gcc/arm-none-eabi/10.3.1/../../../../arm-none-eabi/lib/thumb/v7e-m+fp/hard\libc_nano.a(lib_a-memchr.o)
                0x00000000080002e0                memchr
 .text          0x0000000008000380      0x378 c:/st/stm32cubeide_1.12.0/stm32cubeide/plugins/com.st.stm32cube.ide.mcu.externaltools.gnu-tools-for-stm32.10.3-2021.10.win32_1.0.200.202301161003/tools/bin/../lib/gcc/arm-none-eabi/10.3.1/thumb/v7e-m+fp/hard\libgcc.a(_arm_addsubdf3.o)
                0x0000000008000380                __aeabi_drsub
                0x0000000008000388                __aeabi_dsub
                0x0000000008000388                __subdf3
                0x000000000800038c                __aeabi_dadd
                0x000000000800038c                __adddf3
                0x0000000008000604                __floatunsidf
                0x0000000008000604                __aeabi_ui2d
                0x0000000008000624                __floatsidf
                0x0000000008000624                __aeabi_i2d
                0x0000000008000648                __aeabi_f2d
                0x0000000008000648                __extendsfdf2
                0x000000000800068c                __floatundidf
                0x000000000800068c                __aeabi_ul2d
                0x000000000800069c                __floatdidf
                0x000000000800069c                __aeabi_l2d
 .text          0x00000000080006f8      0x424 c:/st/stm32cubeide_1.12.0/stm32cubeide/plugins/com.st.stm32cube.ide.mcu.externaltools.gnu-tools-for-stm32.10.3-2021.10.win32_1.0.200.202301161003/tools/bin/../lib/gcc/arm-none-eabi/10.3.1/thumb/v7e-m+fp/hard\libgcc.a(_arm_muldivdf3.o)
                0x00000000080006f8                __aeabi_dmul
                0x00000000080006f8                __muldf3
                0x000000000800094c                __divdf3
                0x000000000800094c                __aeabi_ddiv
 .text          0x0000000008000b1c      0x110 c:/st/stm32cubeide_1.12.0/stm32cubeide/plugins/com.st.stm32cube.ide.mcu.externaltools.gnu-tools-for-stm32.10.3-2021.10.win32_1.0.200.202301161003/tools/bin/../lib/gcc/arm-none-eabi/10.3.1/thumb/v7e-m+fp/hard\libgcc.a(_arm_cmpdf2.o)
                0x0000000008000b1c                __gtdf2
                0x0000000008000b1c                __gedf2
                0x0000000008000b24                __ltdf2
                0x0000000008000b24                __ledf2
                0x0000000008000b2c                __nedf2
                0x0000000008000b2c                __eqdf2
                0x0000000008000b2c                __cmpdf2
                0x0000000008000ba8                __aeabi_cdrcmple
                0x0000000008000bb8                __aeabi_cdcmpeq
                0x0000000008000bb8                __aeabi_cdcmple
                0x0000000008000bc8                __aeabi_dcmpeq
                0x0000000008000bdc                __aeabi_dcmplt
                0x0000000008000bf0                __aeabi_dcmple
                0x0000000008000c04                __aeabi_dcmpge
                0x0000000008000c18                __aeabi_dcmpgt
 .text          0x0000000008000c2c       0x2c c:/st/stm32cubeide_1.12.0/stm32cubeide/plugins/com.st.stm32cube.ide.mcu.externaltools.gnu-tools-for-stm32.10.3-2021.10.win32_1.0.200.202301161003/tools/bin/../lib/gcc/arm-none-eabi/10.3.1/thumb/v7e-m+fp/hard\libgcc.a(_arm_unorddf2.o)
                0x0000000008000c2c                __unorddf2
                0x0000000008000c2c                __aeabi_dcmpun
 .text          0x0000000008000c58       0x50 c:/st/stm32cubeide_1.12.0/stm32cubeide/plugins/com.st.stm32cube.ide.mcu.externaltools.gnu-tools-for-stm32.10.3-2021.10.win32_1.0.200.202301161003/tools/bin/../lib/gcc/arm-none-eabi/10.3.1/thumb/v7e-m+fp/hard\libgcc.a(_arm_fixdfsi.o)
                0x0000000008000c58                __aeabi_d2iz
                0x0000000008000c58                __fixdfsi
 .text          0x0000000008000ca8       0x30 c:/st/stm32cubeide_1.12.0/stm32cubeide/plugins/com.st.stm32cube.ide.mcu.externaltools.gnu-tools-for-stm32.10.3-2021.10.win32_1.0.200.202301161003/tools/bin/../lib/gcc/arm-none-eabi/10.3.1/thumb/v7e-m+fp/hard\libgcc.a(_aeabi_uldivmod.o)
                0x0000000008000ca8                __aeabi_uldivmod
 .text          0x0000000008000cd8      0x2d0 c:/st/stm32cubeide_1.12.0/stm32cubeide/plugins/com.st.stm32cube.ide.mcu.externaltools.gnu-tools-for-stm32.10.3-2021.10.win32_1.0.200.202301161003/tools/bin/../lib/gcc/arm-none-eabi/10.3.1/thumb/v7e-m+fp/hard\libgcc.a(_udivmoddi4.o)
                0x0000000008000cd8                __udivmoddi4
 .text          0x0000000008000fa8        0x4 c:/st/stm32cubeide_1.12.0/stm32cubeide/plugins/com.st.stm32cube.ide.mcu.externaltools.gnu-tools-for-stm32.10.3-2021.10.win32_1.0.200.202301161003/tools/bin/../lib/gcc/arm-none-eabi/10.3.1/thumb/v7e-m+fp/hard\libgcc.a(_dvmd_tls.o)
                0x0000000008000fa8                __aeabi_idiv0
                0x0000000008000fa8                __aeabi_ldiv0
 *(.text*)
 .text.ILI9341_Draw_Char
                0x0000000008000fac      0x134 ./Core/Src/ILI9341/ILI9341_GFX.o
                0x0000000008000fac                ILI9341_Draw_Char
 .text.ILI9341_Draw_Text
                0x00000000080010e0       0x5e ./Core/Src/ILI9341/ILI9341_GFX.o
                0x00000000080010e0                ILI9341_Draw_Text
 *fill*         0x000000000800113e        0x2 
 .text.ILI9341_SPI_Send
                0x0000000008001140       0x24 ./Core/Src/ILI9341/ILI9341_STM32_Driver.o
                0x0000000008001140                ILI9341_SPI_Send
 .text.ILI9341_Write_Command
                0x0000000008001164       0x44 ./Core/Src/ILI9341/ILI9341_STM32_Driver.o
                0x0000000008001164                ILI9341_Write_Command
 .text.ILI9341_Write_Data
                0x00000000080011a8       0x44 ./Core/Src/ILI9341/ILI9341_STM32_Driver.o
                0x00000000080011a8                ILI9341_Write_Data
 .text.ILI9341_Set_Address
                0x00000000080011ec       0x98 ./Core/Src/ILI9341/ILI9341_STM32_Driver.o
                0x00000000080011ec                ILI9341_Set_Address
 .text.ILI9341_Set_Rotation
                0x0000000008001284       0xa4 ./Core/Src/ILI9341/ILI9341_STM32_Driver.o
                0x0000000008001284                ILI9341_Set_Rotation
 .text.ILI9341_Draw_Colour_Burst
                0x0000000008001328      0x13c ./Core/Src/ILI9341/ILI9341_STM32_Driver.o
                0x0000000008001328                ILI9341_Draw_Colour_Burst
 .text.ILI9341_Fill_Screen
                0x0000000008001464       0x4c ./Core/Src/ILI9341/ILI9341_STM32_Driver.o
                0x0000000008001464                ILI9341_Fill_Screen
 .text.ILI9341_Draw_Pixel
                0x00000000080014b0      0x1b4 ./Core/Src/ILI9341/ILI9341_STM32_Driver.o
                0x00000000080014b0                ILI9341_Draw_Pixel
 .text.ILI9341_Draw_Rectangle
                0x0000000008001664       0xb8 ./Core/Src/ILI9341/ILI9341_STM32_Driver.o
                0x0000000008001664                ILI9341_Draw_Rectangle
 .text.MX_GPIO_Init
                0x000000000800171c       0xc8 ./Core/Src/gpio.o
                0x000000000800171c                MX_GPIO_Init
 .text.user_leds_init
                0x00000000080017e4       0x6c ./Core/Src/led.o
                0x00000000080017e4                user_leds_init
 .text.led_toggle
                0x0000000008001850       0x24 ./Core/Src/led.o
                0x0000000008001850                led_toggle
 .text.led_on   0x0000000008001874       0x24 ./Core/Src/led.o
                0x0000000008001874                led_on
 .text.PeriphCommonClock_Config
                0x0000000008001898       0x48 ./Core/Src/main.o
                0x0000000008001898                PeriphCommonClock_Config
 .text.DoFFT    0x00000000080018e0      0x190 ./Core/Src/main.o
                0x00000000080018e0                DoFFT
 .text.HAL_I2S_RxHalfCpltCallback
                0x0000000008001a70       0x20 ./Core/Src/main.o
                0x0000000008001a70                HAL_I2S_RxHalfCpltCallback
 .text.HAL_I2S_RxCpltCallback
                0x0000000008001a90       0x24 ./Core/Src/main.o
                0x0000000008001a90                HAL_I2S_RxCpltCallback
 .text.main     0x0000000008001ab4      0x170 ./Core/Src/main.o
                0x0000000008001ab4                main
 .text.SystemClock_Config
                0x0000000008001c24       0xd8 ./Core/Src/main.o
                0x0000000008001c24                SystemClock_Config
 .text.MX_I2S2_Init
                0x0000000008001cfc       0x58 ./Core/Src/main.o
 .text.MX_SPI1_Init
                0x0000000008001d54       0x7c ./Core/Src/main.o
 .text.MX_USART3_UART_Init
                0x0000000008001dd0       0x60 ./Core/Src/main.o
 .text.MX_DMA_Init
                0x0000000008001e30       0x74 ./Core/Src/main.o
 .text._write   0x0000000008001ea4       0x2c ./Core/Src/main.o
                0x0000000008001ea4                _write
 .text.Error_Handler
                0x0000000008001ed0        0xa ./Core/Src/main.o
                0x0000000008001ed0                Error_Handler
 *fill*         0x0000000008001eda        0x2 
 .text.MX_SPI5_Init
                0x0000000008001edc       0x7c ./Core/Src/spi.o
                0x0000000008001edc                MX_SPI5_Init
 .text.HAL_SPI_MspInit
                0x0000000008001f58       0x88 ./Core/Src/spi.o
                0x0000000008001f58                HAL_SPI_MspInit
 .text.HAL_MspInit
                0x0000000008001fe0       0x48 ./Core/Src/stm32f7xx_hal_msp.o
                0x0000000008001fe0                HAL_MspInit
 .text.HAL_I2S_MspInit
                0x0000000008002028      0x180 ./Core/Src/stm32f7xx_hal_msp.o
                0x0000000008002028                HAL_I2S_MspInit
 .text.HAL_UART_MspInit
                0x00000000080021a8       0xc0 ./Core/Src/stm32f7xx_hal_msp.o
                0x00000000080021a8                HAL_UART_MspInit
 .text.NMI_Handler
                0x0000000008002268        0x6 ./Core/Src/stm32f7xx_it.o
                0x0000000008002268                NMI_Handler
 .text.HardFault_Handler
                0x000000000800226e        0x6 ./Core/Src/stm32f7xx_it.o
                0x000000000800226e                HardFault_Handler
 .text.MemManage_Handler
                0x0000000008002274        0x6 ./Core/Src/stm32f7xx_it.o
                0x0000000008002274                MemManage_Handler
 .text.BusFault_Handler
                0x000000000800227a        0x6 ./Core/Src/stm32f7xx_it.o
                0x000000000800227a                BusFault_Handler
 .text.UsageFault_Handler
                0x0000000008002280        0x6 ./Core/Src/stm32f7xx_it.o
                0x0000000008002280                UsageFault_Handler
 .text.SVC_Handler
                0x0000000008002286        0xe ./Core/Src/stm32f7xx_it.o
                0x0000000008002286                SVC_Handler
 .text.DebugMon_Handler
                0x0000000008002294        0xe ./Core/Src/stm32f7xx_it.o
                0x0000000008002294                DebugMon_Handler
 .text.PendSV_Handler
                0x00000000080022a2        0xe ./Core/Src/stm32f7xx_it.o
                0x00000000080022a2                PendSV_Handler
 .text.SysTick_Handler
                0x00000000080022b0        0xc ./Core/Src/stm32f7xx_it.o
                0x00000000080022b0                SysTick_Handler
 .text.DMA1_Stream3_IRQHandler
                0x00000000080022bc       0x14 ./Core/Src/stm32f7xx_it.o
                0x00000000080022bc                DMA1_Stream3_IRQHandler
 .text.DMA2_Stream0_IRQHandler
                0x00000000080022d0       0x14 ./Core/Src/stm32f7xx_it.o
                0x00000000080022d0                DMA2_Stream0_IRQHandler
 .text.DMA2_Stream3_IRQHandler
                0x00000000080022e4       0x14 ./Core/Src/stm32f7xx_it.o
                0x00000000080022e4                DMA2_Stream3_IRQHandler
 .text._getpid  0x00000000080022f8       0x10 ./Core/Src/syscalls.o
                0x00000000080022f8                _getpid
 .text._kill    0x0000000008002308       0x20 ./Core/Src/syscalls.o
                0x0000000008002308                _kill
 .text._exit    0x0000000008002328       0x14 ./Core/Src/syscalls.o
                0x0000000008002328                _exit
 .text._read    0x000000000800233c       0x3a ./Core/Src/syscalls.o
                0x000000000800233c                _read
 .text._close   0x0000000008002376       0x18 ./Core/Src/syscalls.o
                0x0000000008002376                _close
 .text._fstat   0x000000000800238e       0x20 ./Core/Src/syscalls.o
                0x000000000800238e                _fstat
 .text._isatty  0x00000000080023ae       0x16 ./Core/Src/syscalls.o
                0x00000000080023ae                _isatty
 .text._lseek   0x00000000080023c4       0x1a ./Core/Src/syscalls.o
                0x00000000080023c4                _lseek
 *fill*         0x00000000080023de        0x2 
 .text._sbrk    0x00000000080023e0       0x6c ./Core/Src/sysmem.o
                0x00000000080023e0                _sbrk
 .text.SystemInit
                0x000000000800244c       0x24 ./Core/Src/system_stm32f7xx.o
                0x000000000800244c                SystemInit
 .text.Reset_Handler
                0x0000000008002470       0x50 ./Core/Startup/startup_stm32f746zgtx.o
                0x0000000008002470                Reset_Handler
 .text.Default_Handler
                0x00000000080024c0        0x2 ./Core/Startup/startup_stm32f746zgtx.o
                0x00000000080024c0                RTC_Alarm_IRQHandler
                0x00000000080024c0                EXTI2_IRQHandler
                0x00000000080024c0                TIM8_CC_IRQHandler
                0x00000000080024c0                UART8_IRQHandler
                0x00000000080024c0                SPI4_IRQHandler
                0x00000000080024c0                TIM1_CC_IRQHandler
                0x00000000080024c0                DMA2_Stream5_IRQHandler
                0x00000000080024c0                DMA1_Stream5_IRQHandler
                0x00000000080024c0                PVD_IRQHandler
                0x00000000080024c0                TAMP_STAMP_IRQHandler
                0x00000000080024c0                CAN2_RX1_IRQHandler
                0x00000000080024c0                EXTI3_IRQHandler
                0x00000000080024c0                TIM8_TRG_COM_TIM14_IRQHandler
                0x00000000080024c0                TIM1_UP_TIM10_IRQHandler
                0x00000000080024c0                TIM8_UP_TIM13_IRQHandler
                0x00000000080024c0                I2C3_ER_IRQHandler
                0x00000000080024c0                EXTI0_IRQHandler
                0x00000000080024c0                I2C2_EV_IRQHandler
                0x00000000080024c0                DMA1_Stream2_IRQHandler
                0x00000000080024c0                CAN1_RX0_IRQHandler
                0x00000000080024c0                FPU_IRQHandler
                0x00000000080024c0                OTG_HS_WKUP_IRQHandler
                0x00000000080024c0                LTDC_ER_IRQHandler
                0x00000000080024c0                CAN2_SCE_IRQHandler
                0x00000000080024c0                DMA2_Stream2_IRQHandler
                0x00000000080024c0                SPI1_IRQHandler
                0x00000000080024c0                TIM6_DAC_IRQHandler
                0x00000000080024c0                TIM1_BRK_TIM9_IRQHandler
                0x00000000080024c0                DCMI_IRQHandler
                0x00000000080024c0                CAN2_RX0_IRQHandler
                0x00000000080024c0                SAI2_IRQHandler
                0x00000000080024c0                USART6_IRQHandler
                0x00000000080024c0                USART3_IRQHandler
                0x00000000080024c0                CAN1_RX1_IRQHandler
                0x00000000080024c0                UART5_IRQHandler
                0x00000000080024c0                TIM4_IRQHandler
                0x00000000080024c0                QUADSPI_IRQHandler
                0x00000000080024c0                I2C1_EV_IRQHandler
                0x00000000080024c0                DMA1_Stream6_IRQHandler
                0x00000000080024c0                DMA1_Stream1_IRQHandler
                0x00000000080024c0                UART4_IRQHandler
                0x00000000080024c0                TIM3_IRQHandler
                0x00000000080024c0                RCC_IRQHandler
                0x00000000080024c0                TIM8_BRK_TIM12_IRQHandler
                0x00000000080024c0                Default_Handler
                0x00000000080024c0                CEC_IRQHandler
                0x00000000080024c0                EXTI15_10_IRQHandler
                0x00000000080024c0                ADC_IRQHandler
                0x00000000080024c0                DMA1_Stream7_IRQHandler
                0x00000000080024c0                SPI5_IRQHandler
                0x00000000080024c0                TIM7_IRQHandler
                0x00000000080024c0                SDMMC1_IRQHandler
                0x00000000080024c0                CAN2_TX_IRQHandler
                0x00000000080024c0                TIM5_IRQHandler
                0x00000000080024c0                DMA2_Stream7_IRQHandler
                0x00000000080024c0                I2C3_EV_IRQHandler
                0x00000000080024c0                EXTI9_5_IRQHandler
                0x00000000080024c0                RTC_WKUP_IRQHandler
                0x00000000080024c0                LTDC_IRQHandler
                0x00000000080024c0                ETH_WKUP_IRQHandler
                0x00000000080024c0                SPDIF_RX_IRQHandler
                0x00000000080024c0                SPI2_IRQHandler
                0x00000000080024c0                OTG_HS_EP1_IN_IRQHandler
                0x00000000080024c0                DMA1_Stream0_IRQHandler
                0x00000000080024c0                CAN1_TX_IRQHandler
                0x00000000080024c0                EXTI4_IRQHandler
                0x00000000080024c0                RNG_IRQHandler
                0x00000000080024c0                ETH_IRQHandler
                0x00000000080024c0                OTG_HS_EP1_OUT_IRQHandler
                0x00000000080024c0                WWDG_IRQHandler
                0x00000000080024c0                SPI6_IRQHandler
                0x00000000080024c0                I2C4_EV_IRQHandler
                0x00000000080024c0                TIM2_IRQHandler
                0x00000000080024c0                OTG_FS_WKUP_IRQHandler
                0x00000000080024c0                TIM1_TRG_COM_TIM11_IRQHandler
                0x00000000080024c0                OTG_HS_IRQHandler
                0x00000000080024c0                DMA2D_IRQHandler
                0x00000000080024c0                EXTI1_IRQHandler
                0x00000000080024c0                UART7_IRQHandler
                0x00000000080024c0                USART2_IRQHandler
                0x00000000080024c0                I2C2_ER_IRQHandler
                0x00000000080024c0                DMA2_Stream1_IRQHandler
                0x00000000080024c0                CAN1_SCE_IRQHandler
                0x00000000080024c0                FLASH_IRQHandler
                0x00000000080024c0                DMA2_Stream4_IRQHandler
                0x00000000080024c0                USART1_IRQHandler
                0x00000000080024c0                OTG_FS_IRQHandler
                0x00000000080024c0                SPI3_IRQHandler
                0x00000000080024c0                DMA1_Stream4_IRQHandler
                0x00000000080024c0                I2C1_ER_IRQHandler
                0x00000000080024c0                FMC_IRQHandler
                0x00000000080024c0                LPTIM1_IRQHandler
                0x00000000080024c0                I2C4_ER_IRQHandler
                0x00000000080024c0                DMA2_Stream6_IRQHandler
                0x00000000080024c0                SAI1_IRQHandler
 .text.HAL_Init
                0x00000000080024c2       0x1a ./Drivers/STM32F7xx_HAL_Driver/Src/stm32f7xx_hal.o
                0x00000000080024c2                HAL_Init
 .text.HAL_InitTick
                0x00000000080024dc       0x60 ./Drivers/STM32F7xx_HAL_Driver/Src/stm32f7xx_hal.o
                0x00000000080024dc                HAL_InitTick
 .text.HAL_IncTick
                0x000000000800253c       0x28 ./Drivers/STM32F7xx_HAL_Driver/Src/stm32f7xx_hal.o
                0x000000000800253c                HAL_IncTick
 .text.HAL_GetTick
                0x0000000008002564       0x18 ./Drivers/STM32F7xx_HAL_Driver/Src/stm32f7xx_hal.o
                0x0000000008002564                HAL_GetTick
 .text.HAL_Delay
                0x000000000800257c       0x48 ./Drivers/STM32F7xx_HAL_Driver/Src/stm32f7xx_hal.o
                0x000000000800257c                HAL_Delay
 .text.__NVIC_SetPriorityGrouping
                0x00000000080025c4       0x48 ./Drivers/STM32F7xx_HAL_Driver/Src/stm32f7xx_hal_cortex.o
 .text.__NVIC_GetPriorityGrouping
                0x000000000800260c       0x1c ./Drivers/STM32F7xx_HAL_Driver/Src/stm32f7xx_hal_cortex.o
 .text.__NVIC_EnableIRQ
                0x0000000008002628       0x3c ./Drivers/STM32F7xx_HAL_Driver/Src/stm32f7xx_hal_cortex.o
 .text.__NVIC_SetPriority
                0x0000000008002664       0x54 ./Drivers/STM32F7xx_HAL_Driver/Src/stm32f7xx_hal_cortex.o
 .text.NVIC_EncodePriority
                0x00000000080026b8       0x66 ./Drivers/STM32F7xx_HAL_Driver/Src/stm32f7xx_hal_cortex.o
 *fill*         0x000000000800271e        0x2 
 .text.SysTick_Config
                0x0000000008002720       0x44 ./Drivers/STM32F7xx_HAL_Driver/Src/stm32f7xx_hal_cortex.o
 .text.HAL_NVIC_SetPriorityGrouping
                0x0000000008002764       0x16 ./Drivers/STM32F7xx_HAL_Driver/Src/stm32f7xx_hal_cortex.o
                0x0000000008002764                HAL_NVIC_SetPriorityGrouping
 .text.HAL_NVIC_SetPriority
                0x000000000800277a       0x38 ./Drivers/STM32F7xx_HAL_Driver/Src/stm32f7xx_hal_cortex.o
                0x000000000800277a                HAL_NVIC_SetPriority
 .text.HAL_NVIC_EnableIRQ
                0x00000000080027b2       0x1c ./Drivers/STM32F7xx_HAL_Driver/Src/stm32f7xx_hal_cortex.o
                0x00000000080027b2                HAL_NVIC_EnableIRQ
 .text.HAL_SYSTICK_Config
                0x00000000080027ce       0x18 ./Drivers/STM32F7xx_HAL_Driver/Src/stm32f7xx_hal_cortex.o
                0x00000000080027ce                HAL_SYSTICK_Config
 *fill*         0x00000000080027e6        0x2 
 .text.HAL_DMA_Init
                0x00000000080027e8      0x15c ./Drivers/STM32F7xx_HAL_Driver/Src/stm32f7xx_hal_dma.o
                0x00000000080027e8                HAL_DMA_Init
 .text.HAL_DMA_Start_IT
                0x0000000008002944       0xc0 ./Drivers/STM32F7xx_HAL_Driver/Src/stm32f7xx_hal_dma.o
                0x0000000008002944                HAL_DMA_Start_IT
 .text.HAL_DMA_IRQHandler
                0x0000000008002a04      0x314 ./Drivers/STM32F7xx_HAL_Driver/Src/stm32f7xx_hal_dma.o
                0x0000000008002a04                HAL_DMA_IRQHandler
 .text.DMA_SetConfig
                0x0000000008002d18       0x5c ./Drivers/STM32F7xx_HAL_Driver/Src/stm32f7xx_hal_dma.o
 .text.DMA_CalcBaseAndBitshift
                0x0000000008002d74       0x6c ./Drivers/STM32F7xx_HAL_Driver/Src/stm32f7xx_hal_dma.o
 .text.DMA_CheckFifoParam
                0x0000000008002de0       0xf8 ./Drivers/STM32F7xx_HAL_Driver/Src/stm32f7xx_hal_dma.o
 .text.HAL_GPIO_Init
                0x0000000008002ed8      0x358 ./Drivers/STM32F7xx_HAL_Driver/Src/stm32f7xx_hal_gpio.o
                0x0000000008002ed8                HAL_GPIO_Init
 .text.HAL_GPIO_WritePin
                0x0000000008003230       0x32 ./Drivers/STM32F7xx_HAL_Driver/Src/stm32f7xx_hal_gpio.o
                0x0000000008003230                HAL_GPIO_WritePin
 *fill*         0x0000000008003262        0x2 
 .text.HAL_I2S_Init
                0x0000000008003264      0x1cc ./Drivers/STM32F7xx_HAL_Driver/Src/stm32f7xx_hal_i2s.o
                0x0000000008003264                HAL_I2S_Init
 .text.HAL_I2S_Receive_DMA
                0x0000000008003430      0x178 ./Drivers/STM32F7xx_HAL_Driver/Src/stm32f7xx_hal_i2s.o
                0x0000000008003430                HAL_I2S_Receive_DMA
 .text.HAL_I2S_ErrorCallback
                0x00000000080035a8       0x14 ./Drivers/STM32F7xx_HAL_Driver/Src/stm32f7xx_hal_i2s.o
                0x00000000080035a8                HAL_I2S_ErrorCallback
 .text.I2S_GetClockFreq
                0x00000000080035bc       0x98 ./Drivers/STM32F7xx_HAL_Driver/Src/stm32f7xx_hal_i2s.o
 .text.I2S_DMARxCplt
                0x0000000008003654       0x42 ./Drivers/STM32F7xx_HAL_Driver/Src/stm32f7xx_hal_i2s.o
 .text.I2S_DMARxHalfCplt
                0x0000000008003696       0x1c ./Drivers/STM32F7xx_HAL_Driver/Src/stm32f7xx_hal_i2s.o
 .text.I2S_DMAError
                0x00000000080036b2       0x4c ./Drivers/STM32F7xx_HAL_Driver/Src/stm32f7xx_hal_i2s.o
 *fill*         0x00000000080036fe        0x2 
 .text.HAL_PWREx_EnableOverDrive
                0x0000000008003700       0xa0 ./Drivers/STM32F7xx_HAL_Driver/Src/stm32f7xx_hal_pwr_ex.o
                0x0000000008003700                HAL_PWREx_EnableOverDrive
 .text.HAL_RCC_OscConfig
                0x00000000080037a0      0x548 ./Drivers/STM32F7xx_HAL_Driver/Src/stm32f7xx_hal_rcc.o
                0x00000000080037a0                HAL_RCC_OscConfig
 .text.HAL_RCC_ClockConfig
                0x0000000008003ce8      0x1d8 ./Drivers/STM32F7xx_HAL_Driver/Src/stm32f7xx_hal_rcc.o
                0x0000000008003ce8                HAL_RCC_ClockConfig
 .text.HAL_RCC_GetSysClockFreq
                0x0000000008003ec0      0x18c ./Drivers/STM32F7xx_HAL_Driver/Src/stm32f7xx_hal_rcc.o
                0x0000000008003ec0                HAL_RCC_GetSysClockFreq
 .text.HAL_RCC_GetHCLKFreq
                0x000000000800404c       0x18 ./Drivers/STM32F7xx_HAL_Driver/Src/stm32f7xx_hal_rcc.o
                0x000000000800404c                HAL_RCC_GetHCLKFreq
 .text.HAL_RCC_GetPCLK1Freq
                0x0000000008004064       0x28 ./Drivers/STM32F7xx_HAL_Driver/Src/stm32f7xx_hal_rcc.o
                0x0000000008004064                HAL_RCC_GetPCLK1Freq
 .text.HAL_RCC_GetPCLK2Freq
                0x000000000800408c       0x28 ./Drivers/STM32F7xx_HAL_Driver/Src/stm32f7xx_hal_rcc.o
                0x000000000800408c                HAL_RCC_GetPCLK2Freq
 .text.HAL_RCCEx_PeriphCLKConfig
                0x00000000080040b4      0x7e0 ./Drivers/STM32F7xx_HAL_Driver/Src/stm32f7xx_hal_rcc_ex.o
                0x00000000080040b4                HAL_RCCEx_PeriphCLKConfig
 .text.HAL_SPI_Init
                0x0000000008004894      0x156 ./Drivers/STM32F7xx_HAL_Driver/Src/stm32f7xx_hal_spi.o
                0x0000000008004894                HAL_SPI_Init
 .text.HAL_SPI_Transmit
                0x00000000080049ea      0x2dc ./Drivers/STM32F7xx_HAL_Driver/Src/stm32f7xx_hal_spi.o
                0x00000000080049ea                HAL_SPI_Transmit
 *fill*         0x0000000008004cc6        0x2 
 .text.SPI_WaitFlagStateUntilTimeout
                0x0000000008004cc8      0x110 ./Drivers/STM32F7xx_HAL_Driver/Src/stm32f7xx_hal_spi.o
 .text.SPI_WaitFifoStateUntilTimeout
                0x0000000008004dd8      0x12c ./Drivers/STM32F7xx_HAL_Driver/Src/stm32f7xx_hal_spi.o
 .text.SPI_EndRxTxTransaction
                0x0000000008004f04       0xd4 ./Drivers/STM32F7xx_HAL_Driver/Src/stm32f7xx_hal_spi.o
 .text.HAL_UART_Init
                0x0000000008004fd8       0x9c ./Drivers/STM32F7xx_HAL_Driver/Src/stm32f7xx_hal_uart.o
                0x0000000008004fd8                HAL_UART_Init
 .text.HAL_UART_Transmit
                0x0000000008005074      0x106 ./Drivers/STM32F7xx_HAL_Driver/Src/stm32f7xx_hal_uart.o
                0x0000000008005074                HAL_UART_Transmit
 *fill*         0x000000000800517a        0x2 
 .text.UART_SetConfig
                0x000000000800517c      0x4c8 ./Drivers/STM32F7xx_HAL_Driver/Src/stm32f7xx_hal_uart.o
                0x000000000800517c                UART_SetConfig
 .text.UART_AdvFeatureConfig
                0x0000000008005644      0x144 ./Drivers/STM32F7xx_HAL_Driver/Src/stm32f7xx_hal_uart.o
                0x0000000008005644                UART_AdvFeatureConfig
 .text.UART_CheckIdleState
                0x0000000008005788       0x6e ./Drivers/STM32F7xx_HAL_Driver/Src/stm32f7xx_hal_uart.o
                0x0000000008005788                UART_CheckIdleState
 .text.UART_WaitOnFlagUntilTimeout
                0x00000000080057f6      0x18c ./Drivers/STM32F7xx_HAL_Driver/Src/stm32f7xx_hal_uart.o
                0x00000000080057f6                UART_WaitOnFlagUntilTimeout
 *fill*         0x0000000008005982        0x2 
 .text.arm_rfft_fast_init_f32
                0x0000000008005984      0x164 C:\Users\ripst\Desktop\stm32_f746_spectrum_analyzer\FFT_LCD\Lib\libarm_cortexM7lfsp_math.a(arm_rfft_fast_init_f32.o)
                0x0000000008005984                arm_rfft_fast_init_f32
 .text.arm_rfft_fast_f32
                0x0000000008005ae8      0x188 C:\Users\ripst\Desktop\stm32_f746_spectrum_analyzer\FFT_LCD\Lib\libarm_cortexM7lfsp_math.a(arm_rfft_fast_f32.o)
                0x0000000008005ae8                arm_rfft_fast_f32
 .text.arm_cfft_radix8by2_f32
                0x0000000008005c70      0x1a4 C:\Users\ripst\Desktop\stm32_f746_spectrum_analyzer\FFT_LCD\Lib\libarm_cortexM7lfsp_math.a(arm_cfft_f32.o)
                0x0000000008005c70                arm_cfft_radix8by2_f32
 .text.arm_cfft_radix8by4_f32
                0x0000000008005e14      0x4b0 C:\Users\ripst\Desktop\stm32_f746_spectrum_analyzer\FFT_LCD\Lib\libarm_cortexM7lfsp_math.a(arm_cfft_f32.o)
                0x0000000008005e14                arm_cfft_radix8by4_f32
 .text.arm_cfft_f32
                0x00000000080062c4       0xf0 C:\Users\ripst\Desktop\stm32_f746_spectrum_analyzer\FFT_LCD\Lib\libarm_cortexM7lfsp_math.a(arm_cfft_f32.o)
                0x00000000080062c4                arm_cfft_f32
 .text.arm_radix8_butterfly_f32
                0x00000000080063b4      0x5c0 C:\Users\ripst\Desktop\stm32_f746_spectrum_analyzer\FFT_LCD\Lib\libarm_cortexM7lfsp_math.a(arm_cfft_radix8_f32.o)
                0x00000000080063b4                arm_radix8_butterfly_f32
 .text.__errno  0x0000000008006974        0xc c:/st/stm32cubeide_1.12.0/stm32cubeide/plugins/com.st.stm32cube.ide.mcu.externaltools.gnu-tools-for-stm32.10.3-2021.10.win32_1.0.200.202301161003/tools/bin/../lib/gcc/arm-none-eabi/10.3.1/../../../../arm-none-eabi/lib/thumb/v7e-m+fp/hard\libc_nano.a(lib_a-errno.o)
                0x0000000008006974                __errno
 .text.__libc_init_array
                0x0000000008006980       0x48 c:/st/stm32cubeide_1.12.0/stm32cubeide/plugins/com.st.stm32cube.ide.mcu.externaltools.gnu-tools-for-stm32.10.3-2021.10.win32_1.0.200.202301161003/tools/bin/../lib/gcc/arm-none-eabi/10.3.1/../../../../arm-none-eabi/lib/thumb/v7e-m+fp/hard\libc_nano.a(lib_a-init.o)
                0x0000000008006980                __libc_init_array
 .text.memset   0x00000000080069c8       0x10 c:/st/stm32cubeide_1.12.0/stm32cubeide/plugins/com.st.stm32cube.ide.mcu.externaltools.gnu-tools-for-stm32.10.3-2021.10.win32_1.0.200.202301161003/tools/bin/../lib/gcc/arm-none-eabi/10.3.1/../../../../arm-none-eabi/lib/thumb/v7e-m+fp/hard\libc_nano.a(lib_a-memset.o)
                0x00000000080069c8                memset
 .text.__cvt    0x00000000080069d8       0xc4 c:/st/stm32cubeide_1.12.0/stm32cubeide/plugins/com.st.stm32cube.ide.mcu.externaltools.gnu-tools-for-stm32.10.3-2021.10.win32_1.0.200.202301161003/tools/bin/../lib/gcc/arm-none-eabi/10.3.1/../../../../arm-none-eabi/lib/thumb/v7e-m+fp/hard\libc_nano.a(lib_a-nano-vfprintf_float.o)
                0x00000000080069d8                __cvt
 .text.__exponent
                0x0000000008006a9c       0x7c c:/st/stm32cubeide_1.12.0/stm32cubeide/plugins/com.st.stm32cube.ide.mcu.externaltools.gnu-tools-for-stm32.10.3-2021.10.win32_1.0.200.202301161003/tools/bin/../lib/gcc/arm-none-eabi/10.3.1/../../../../arm-none-eabi/lib/thumb/v7e-m+fp/hard\libc_nano.a(lib_a-nano-vfprintf_float.o)
                0x0000000008006a9c                __exponent
 .text._printf_float
                0x0000000008006b18      0x46c c:/st/stm32cubeide_1.12.0/stm32cubeide/plugins/com.st.stm32cube.ide.mcu.externaltools.gnu-tools-for-stm32.10.3-2021.10.win32_1.0.200.202301161003/tools/bin/../lib/gcc/arm-none-eabi/10.3.1/../../../../arm-none-eabi/lib/thumb/v7e-m+fp/hard\libc_nano.a(lib_a-nano-vfprintf_float.o)
                0x0000000008006b18                _printf_float
 .text._printf_common
                0x0000000008006f84       0xda c:/st/stm32cubeide_1.12.0/stm32cubeide/plugins/com.st.stm32cube.ide.mcu.externaltools.gnu-tools-for-stm32.10.3-2021.10.win32_1.0.200.202301161003/tools/bin/../lib/gcc/arm-none-eabi/10.3.1/../../../../arm-none-eabi/lib/thumb/v7e-m+fp/hard\libc_nano.a(lib_a-nano-vfprintf_i.o)
                0x0000000008006f84                _printf_common
 *fill*         0x000000000800705e        0x2 
 .text._printf_i
                0x0000000008007060      0x24c c:/st/stm32cubeide_1.12.0/stm32cubeide/plugins/com.st.stm32cube.ide.mcu.externaltools.gnu-tools-for-stm32.10.3-2021.10.win32_1.0.200.202301161003/tools/bin/../lib/gcc/arm-none-eabi/10.3.1/../../../../arm-none-eabi/lib/thumb/v7e-m+fp/hard\libc_nano.a(lib_a-nano-vfprintf_i.o)
                0x0000000008007060                _printf_i
 .text.printf   0x00000000080072ac       0x30 c:/st/stm32cubeide_1.12.0/stm32cubeide/plugins/com.st.stm32cube.ide.mcu.externaltools.gnu-tools-for-stm32.10.3-2021.10.win32_1.0.200.202301161003/tools/bin/../lib/gcc/arm-none-eabi/10.3.1/../../../../arm-none-eabi/lib/thumb/v7e-m+fp/hard\libc_nano.a(lib_a-printf.o)
                0x00000000080072ac                iprintf
                0x00000000080072ac                printf
 .text.quorem   0x00000000080072dc      0x116 c:/st/stm32cubeide_1.12.0/stm32cubeide/plugins/com.st.stm32cube.ide.mcu.externaltools.gnu-tools-for-stm32.10.3-2021.10.win32_1.0.200.202301161003/tools/bin/../lib/gcc/arm-none-eabi/10.3.1/../../../../arm-none-eabi/lib/thumb/v7e-m+fp/hard\libc_nano.a(lib_a-dtoa.o)
 *fill*         0x00000000080073f2        0x6 
 .text._dtoa_r  0x00000000080073f8      0xbdc c:/st/stm32cubeide_1.12.0/stm32cubeide/plugins/com.st.stm32cube.ide.mcu.externaltools.gnu-tools-for-stm32.10.3-2021.10.win32_1.0.200.202301161003/tools/bin/../lib/gcc/arm-none-eabi/10.3.1/../../../../arm-none-eabi/lib/thumb/v7e-m+fp/hard\libc_nano.a(lib_a-dtoa.o)
                0x00000000080073f8                _dtoa_r
 .text.std      0x0000000008007fd4       0x48 c:/st/stm32cubeide_1.12.0/stm32cubeide/plugins/com.st.stm32cube.ide.mcu.externaltools.gnu-tools-for-stm32.10.3-2021.10.win32_1.0.200.202301161003/tools/bin/../lib/gcc/arm-none-eabi/10.3.1/../../../../arm-none-eabi/lib/thumb/v7e-m+fp/hard\libc_nano.a(lib_a-findfp.o)
 .text._cleanup_r
                0x000000000800801c        0xc c:/st/stm32cubeide_1.12.0/stm32cubeide/plugins/com.st.stm32cube.ide.mcu.externaltools.gnu-tools-for-stm32.10.3-2021.10.win32_1.0.200.202301161003/tools/bin/../lib/gcc/arm-none-eabi/10.3.1/../../../../arm-none-eabi/lib/thumb/v7e-m+fp/hard\libc_nano.a(lib_a-findfp.o)
                0x000000000800801c                _cleanup_r
 .text.__sfmoreglue
                0x0000000008008028       0x2c c:/st/stm32cubeide_1.12.0/stm32cubeide/plugins/com.st.stm32cube.ide.mcu.externaltools.gnu-tools-for-stm32.10.3-2021.10.win32_1.0.200.202301161003/tools/bin/../lib/gcc/arm-none-eabi/10.3.1/../../../../arm-none-eabi/lib/thumb/v7e-m+fp/hard\libc_nano.a(lib_a-findfp.o)
                0x0000000008008028                __sfmoreglue
 .text.__sfp_lock_acquire
                0x0000000008008054        0xc c:/st/stm32cubeide_1.12.0/stm32cubeide/plugins/com.st.stm32cube.ide.mcu.externaltools.gnu-tools-for-stm32.10.3-2021.10.win32_1.0.200.202301161003/tools/bin/../lib/gcc/arm-none-eabi/10.3.1/../../../../arm-none-eabi/lib/thumb/v7e-m+fp/hard\libc_nano.a(lib_a-findfp.o)
                0x0000000008008054                __sfp_lock_acquire
 .text.__sfp_lock_release
                0x0000000008008060        0xc c:/st/stm32cubeide_1.12.0/stm32cubeide/plugins/com.st.stm32cube.ide.mcu.externaltools.gnu-tools-for-stm32.10.3-2021.10.win32_1.0.200.202301161003/tools/bin/../lib/gcc/arm-none-eabi/10.3.1/../../../../arm-none-eabi/lib/thumb/v7e-m+fp/hard\libc_nano.a(lib_a-findfp.o)
                0x0000000008008060                __sfp_lock_release
 .text.__sinit_lock_acquire
                0x000000000800806c        0xc c:/st/stm32cubeide_1.12.0/stm32cubeide/plugins/com.st.stm32cube.ide.mcu.externaltools.gnu-tools-for-stm32.10.3-2021.10.win32_1.0.200.202301161003/tools/bin/../lib/gcc/arm-none-eabi/10.3.1/../../../../arm-none-eabi/lib/thumb/v7e-m+fp/hard\libc_nano.a(lib_a-findfp.o)
                0x000000000800806c                __sinit_lock_acquire
 .text.__sinit_lock_release
                0x0000000008008078        0xc c:/st/stm32cubeide_1.12.0/stm32cubeide/plugins/com.st.stm32cube.ide.mcu.externaltools.gnu-tools-for-stm32.10.3-2021.10.win32_1.0.200.202301161003/tools/bin/../lib/gcc/arm-none-eabi/10.3.1/../../../../arm-none-eabi/lib/thumb/v7e-m+fp/hard\libc_nano.a(lib_a-findfp.o)
                0x0000000008008078                __sinit_lock_release
 .text.__sinit  0x0000000008008084       0x70 c:/st/stm32cubeide_1.12.0/stm32cubeide/plugins/com.st.stm32cube.ide.mcu.externaltools.gnu-tools-for-stm32.10.3-2021.10.win32_1.0.200.202301161003/tools/bin/../lib/gcc/arm-none-eabi/10.3.1/../../../../arm-none-eabi/lib/thumb/v7e-m+fp/hard\libc_nano.a(lib_a-findfp.o)
                0x0000000008008084                __sinit
 .text.__sfp    0x00000000080080f4       0x8c c:/st/stm32cubeide_1.12.0/stm32cubeide/plugins/com.st.stm32cube.ide.mcu.externaltools.gnu-tools-for-stm32.10.3-2021.10.win32_1.0.200.202301161003/tools/bin/../lib/gcc/arm-none-eabi/10.3.1/../../../../arm-none-eabi/lib/thumb/v7e-m+fp/hard\libc_nano.a(lib_a-findfp.o)
                0x00000000080080f4                __sfp
 .text._fwalk_reent
                0x0000000008008180       0x3e c:/st/stm32cubeide_1.12.0/stm32cubeide/plugins/com.st.stm32cube.ide.mcu.externaltools.gnu-tools-for-stm32.10.3-2021.10.win32_1.0.200.202301161003/tools/bin/../lib/gcc/arm-none-eabi/10.3.1/../../../../arm-none-eabi/lib/thumb/v7e-m+fp/hard\libc_nano.a(lib_a-fwalk.o)
                0x0000000008008180                _fwalk_reent
 *fill*         0x00000000080081be        0x2 
 .text._localeconv_r
                0x00000000080081c0        0x8 c:/st/stm32cubeide_1.12.0/stm32cubeide/plugins/com.st.stm32cube.ide.mcu.externaltools.gnu-tools-for-stm32.10.3-2021.10.win32_1.0.200.202301161003/tools/bin/../lib/gcc/arm-none-eabi/10.3.1/../../../../arm-none-eabi/lib/thumb/v7e-m+fp/hard\libc_nano.a(lib_a-localeconv.o)
                0x00000000080081c0                _localeconv_r
 .text.__retarget_lock_init_recursive
                0x00000000080081c8        0x2 c:/st/stm32cubeide_1.12.0/stm32cubeide/plugins/com.st.stm32cube.ide.mcu.externaltools.gnu-tools-for-stm32.10.3-2021.10.win32_1.0.200.202301161003/tools/bin/../lib/gcc/arm-none-eabi/10.3.1/../../../../arm-none-eabi/lib/thumb/v7e-m+fp/hard\libc_nano.a(lib_a-lock.o)
                0x00000000080081c8                __retarget_lock_init_recursive
 .text.__retarget_lock_acquire_recursive
                0x00000000080081ca        0x2 c:/st/stm32cubeide_1.12.0/stm32cubeide/plugins/com.st.stm32cube.ide.mcu.externaltools.gnu-tools-for-stm32.10.3-2021.10.win32_1.0.200.202301161003/tools/bin/../lib/gcc/arm-none-eabi/10.3.1/../../../../arm-none-eabi/lib/thumb/v7e-m+fp/hard\libc_nano.a(lib_a-lock.o)
                0x00000000080081ca                __retarget_lock_acquire_recursive
 .text.__retarget_lock_release_recursive
                0x00000000080081cc        0x2 c:/st/stm32cubeide_1.12.0/stm32cubeide/plugins/com.st.stm32cube.ide.mcu.externaltools.gnu-tools-for-stm32.10.3-2021.10.win32_1.0.200.202301161003/tools/bin/../lib/gcc/arm-none-eabi/10.3.1/../../../../arm-none-eabi/lib/thumb/v7e-m+fp/hard\libc_nano.a(lib_a-lock.o)
                0x00000000080081cc                __retarget_lock_release_recursive
 *fill*         0x00000000080081ce        0x2 
 .text.malloc   0x00000000080081d0       0x10 c:/st/stm32cubeide_1.12.0/stm32cubeide/plugins/com.st.stm32cube.ide.mcu.externaltools.gnu-tools-for-stm32.10.3-2021.10.win32_1.0.200.202301161003/tools/bin/../lib/gcc/arm-none-eabi/10.3.1/../../../../arm-none-eabi/lib/thumb/v7e-m+fp/hard\libc_nano.a(lib_a-malloc.o)
                0x00000000080081d0                malloc
 .text.memcpy   0x00000000080081e0       0x1c c:/st/stm32cubeide_1.12.0/stm32cubeide/plugins/com.st.stm32cube.ide.mcu.externaltools.gnu-tools-for-stm32.10.3-2021.10.win32_1.0.200.202301161003/tools/bin/../lib/gcc/arm-none-eabi/10.3.1/../../../../arm-none-eabi/lib/thumb/v7e-m+fp/hard\libc_nano.a(lib_a-memcpy-stub.o)
                0x00000000080081e0                memcpy
 .text._Balloc  0x00000000080081fc       0x80 c:/st/stm32cubeide_1.12.0/stm32cubeide/plugins/com.st.stm32cube.ide.mcu.externaltools.gnu-tools-for-stm32.10.3-2021.10.win32_1.0.200.202301161003/tools/bin/../lib/gcc/arm-none-eabi/10.3.1/../../../../arm-none-eabi/lib/thumb/v7e-m+fp/hard\libc_nano.a(lib_a-mprec.o)
                0x00000000080081fc                _Balloc
 .text._Bfree   0x000000000800827c       0x44 c:/st/stm32cubeide_1.12.0/stm32cubeide/plugins/com.st.stm32cube.ide.mcu.externaltools.gnu-tools-for-stm32.10.3-2021.10.win32_1.0.200.202301161003/tools/bin/../lib/gcc/arm-none-eabi/10.3.1/../../../../arm-none-eabi/lib/thumb/v7e-m+fp/hard\libc_nano.a(lib_a-mprec.o)
                0x000000000800827c                _Bfree
 .text.__multadd
                0x00000000080082c0       0x8c c:/st/stm32cubeide_1.12.0/stm32cubeide/plugins/com.st.stm32cube.ide.mcu.externaltools.gnu-tools-for-stm32.10.3-2021.10.win32_1.0.200.202301161003/tools/bin/../lib/gcc/arm-none-eabi/10.3.1/../../../../arm-none-eabi/lib/thumb/v7e-m+fp/hard\libc_nano.a(lib_a-mprec.o)
                0x00000000080082c0                __multadd
 .text.__hi0bits
                0x000000000800834c       0x40 c:/st/stm32cubeide_1.12.0/stm32cubeide/plugins/com.st.stm32cube.ide.mcu.externaltools.gnu-tools-for-stm32.10.3-2021.10.win32_1.0.200.202301161003/tools/bin/../lib/gcc/arm-none-eabi/10.3.1/../../../../arm-none-eabi/lib/thumb/v7e-m+fp/hard\libc_nano.a(lib_a-mprec.o)
                0x000000000800834c                __hi0bits
 .text.__lo0bits
                0x000000000800838c       0x5e c:/st/stm32cubeide_1.12.0/stm32cubeide/plugins/com.st.stm32cube.ide.mcu.externaltools.gnu-tools-for-stm32.10.3-2021.10.win32_1.0.200.202301161003/tools/bin/../lib/gcc/arm-none-eabi/10.3.1/../../../../arm-none-eabi/lib/thumb/v7e-m+fp/hard\libc_nano.a(lib_a-mprec.o)
                0x000000000800838c                __lo0bits
 *fill*         0x00000000080083ea        0x2 
 .text.__i2b    0x00000000080083ec       0x2c c:/st/stm32cubeide_1.12.0/stm32cubeide/plugins/com.st.stm32cube.ide.mcu.externaltools.gnu-tools-for-stm32.10.3-2021.10.win32_1.0.200.202301161003/tools/bin/../lib/gcc/arm-none-eabi/10.3.1/../../../../arm-none-eabi/lib/thumb/v7e-m+fp/hard\libc_nano.a(lib_a-mprec.o)
                0x00000000080083ec                __i2b
 .text.__multiply
                0x0000000008008418      0x154 c:/st/stm32cubeide_1.12.0/stm32cubeide/plugins/com.st.stm32cube.ide.mcu.externaltools.gnu-tools-for-stm32.10.3-2021.10.win32_1.0.200.202301161003/tools/bin/../lib/gcc/arm-none-eabi/10.3.1/../../../../arm-none-eabi/lib/thumb/v7e-m+fp/hard\libc_nano.a(lib_a-mprec.o)
                0x0000000008008418                __multiply
 .text.__pow5mult
                0x000000000800856c       0xb4 c:/st/stm32cubeide_1.12.0/stm32cubeide/plugins/com.st.stm32cube.ide.mcu.externaltools.gnu-tools-for-stm32.10.3-2021.10.win32_1.0.200.202301161003/tools/bin/../lib/gcc/arm-none-eabi/10.3.1/../../../../arm-none-eabi/lib/thumb/v7e-m+fp/hard\libc_nano.a(lib_a-mprec.o)
                0x000000000800856c                __pow5mult
 .text.__lshift
                0x0000000008008620       0xe0 c:/st/stm32cubeide_1.12.0/stm32cubeide/plugins/com.st.stm32cube.ide.mcu.externaltools.gnu-tools-for-stm32.10.3-2021.10.win32_1.0.200.202301161003/tools/bin/../lib/gcc/arm-none-eabi/10.3.1/../../../../arm-none-eabi/lib/thumb/v7e-m+fp/hard\libc_nano.a(lib_a-mprec.o)
                0x0000000008008620                __lshift
 .text.__mcmp   0x0000000008008700       0x38 c:/st/stm32cubeide_1.12.0/stm32cubeide/plugins/com.st.stm32cube.ide.mcu.externaltools.gnu-tools-for-stm32.10.3-2021.10.win32_1.0.200.202301161003/tools/bin/../lib/gcc/arm-none-eabi/10.3.1/../../../../arm-none-eabi/lib/thumb/v7e-m+fp/hard\libc_nano.a(lib_a-mprec.o)
                0x0000000008008700                __mcmp
 .text.__mdiff  0x0000000008008738      0x114 c:/st/stm32cubeide_1.12.0/stm32cubeide/plugins/com.st.stm32cube.ide.mcu.externaltools.gnu-tools-for-stm32.10.3-2021.10.win32_1.0.200.202301161003/tools/bin/../lib/gcc/arm-none-eabi/10.3.1/../../../../arm-none-eabi/lib/thumb/v7e-m+fp/hard\libc_nano.a(lib_a-mprec.o)
                0x0000000008008738                __mdiff
 .text.__d2b    0x000000000800884c       0xb8 c:/st/stm32cubeide_1.12.0/stm32cubeide/plugins/com.st.stm32cube.ide.mcu.externaltools.gnu-tools-for-stm32.10.3-2021.10.win32_1.0.200.202301161003/tools/bin/../lib/gcc/arm-none-eabi/10.3.1/../../../../arm-none-eabi/lib/thumb/v7e-m+fp/hard\libc_nano.a(lib_a-mprec.o)
                0x000000000800884c                __d2b
 .text._calloc_r
                0x0000000008008904       0x2c c:/st/stm32cubeide_1.12.0/stm32cubeide/plugins/com.st.stm32cube.ide.mcu.externaltools.gnu-tools-for-stm32.10.3-2021.10.win32_1.0.200.202301161003/tools/bin/../lib/gcc/arm-none-eabi/10.3.1/../../../../arm-none-eabi/lib/thumb/v7e-m+fp/hard\libc_nano.a(lib_a-nano-callocr.o)
                0x0000000008008904                _calloc_r
 .text._free_r  0x0000000008008930       0x98 c:/st/stm32cubeide_1.12.0/stm32cubeide/plugins/com.st.stm32cube.ide.mcu.externaltools.gnu-tools-for-stm32.10.3-2021.10.win32_1.0.200.202301161003/tools/bin/../lib/gcc/arm-none-eabi/10.3.1/../../../../arm-none-eabi/lib/thumb/v7e-m+fp/hard\libc_nano.a(lib_a-nano-freer.o)
                0x0000000008008930                _free_r
 .text.sbrk_aligned
                0x00000000080089c8       0x40 c:/st/stm32cubeide_1.12.0/stm32cubeide/plugins/com.st.stm32cube.ide.mcu.externaltools.gnu-tools-for-stm32.10.3-2021.10.win32_1.0.200.202301161003/tools/bin/../lib/gcc/arm-none-eabi/10.3.1/../../../../arm-none-eabi/lib/thumb/v7e-m+fp/hard\libc_nano.a(lib_a-nano-mallocr.o)
 .text._malloc_r
                0x0000000008008a08       0xe8 c:/st/stm32cubeide_1.12.0/stm32cubeide/plugins/com.st.stm32cube.ide.mcu.externaltools.gnu-tools-for-stm32.10.3-2021.10.win32_1.0.200.202301161003/tools/bin/../lib/gcc/arm-none-eabi/10.3.1/../../../../arm-none-eabi/lib/thumb/v7e-m+fp/hard\libc_nano.a(lib_a-nano-mallocr.o)
                0x0000000008008a08                _malloc_r
 .text.__sfputc_r
                0x0000000008008af0       0x2e c:/st/stm32cubeide_1.12.0/stm32cubeide/plugins/com.st.stm32cube.ide.mcu.externaltools.gnu-tools-for-stm32.10.3-2021.10.win32_1.0.200.202301161003/tools/bin/../lib/gcc/arm-none-eabi/10.3.1/../../../../arm-none-eabi/lib/thumb/v7e-m+fp/hard\libc_nano.a(lib_a-nano-vfprintf.o)
 .text.__sfputs_r
                0x0000000008008b1e       0x24 c:/st/stm32cubeide_1.12.0/stm32cubeide/plugins/com.st.stm32cube.ide.mcu.externaltools.gnu-tools-for-stm32.10.3-2021.10.win32_1.0.200.202301161003/tools/bin/../lib/gcc/arm-none-eabi/10.3.1/../../../../arm-none-eabi/lib/thumb/v7e-m+fp/hard\libc_nano.a(lib_a-nano-vfprintf.o)
                0x0000000008008b1e                __sfputs_r
 *fill*         0x0000000008008b42        0x2 
 .text._vfprintf_r
                0x0000000008008b44      0x260 c:/st/stm32cubeide_1.12.0/stm32cubeide/plugins/com.st.stm32cube.ide.mcu.externaltools.gnu-tools-for-stm32.10.3-2021.10.win32_1.0.200.202301161003/tools/bin/../lib/gcc/arm-none-eabi/10.3.1/../../../../arm-none-eabi/lib/thumb/v7e-m+fp/hard\libc_nano.a(lib_a-nano-vfprintf.o)
                0x0000000008008b44                _vfprintf_r
                0x0000000008008b44                _vfiprintf_r
 .text._sbrk_r  0x0000000008008da4       0x20 c:/st/stm32cubeide_1.12.0/stm32cubeide/plugins/com.st.stm32cube.ide.mcu.externaltools.gnu-tools-for-stm32.10.3-2021.10.win32_1.0.200.202301161003/tools/bin/../lib/gcc/arm-none-eabi/10.3.1/../../../../arm-none-eabi/lib/thumb/v7e-m+fp/hard\libc_nano.a(lib_a-sbrkr.o)
                0x0000000008008da4                _sbrk_r
 .text.__sread  0x0000000008008dc4       0x22 c:/st/stm32cubeide_1.12.0/stm32cubeide/plugins/com.st.stm32cube.ide.mcu.externaltools.gnu-tools-for-stm32.10.3-2021.10.win32_1.0.200.202301161003/tools/bin/../lib/gcc/arm-none-eabi/10.3.1/../../../../arm-none-eabi/lib/thumb/v7e-m+fp/hard\libc_nano.a(lib_a-stdio.o)
                0x0000000008008dc4                __sread
 .text.__swrite
                0x0000000008008de6       0x38 c:/st/stm32cubeide_1.12.0/stm32cubeide/plugins/com.st.stm32cube.ide.mcu.externaltools.gnu-tools-for-stm32.10.3-2021.10.win32_1.0.200.202301161003/tools/bin/../lib/gcc/arm-none-eabi/10.3.1/../../../../arm-none-eabi/lib/thumb/v7e-m+fp/hard\libc_nano.a(lib_a-stdio.o)
                0x0000000008008de6                __swrite
 .text.__sseek  0x0000000008008e1e       0x24 c:/st/stm32cubeide_1.12.0/stm32cubeide/plugins/com.st.stm32cube.ide.mcu.externaltools.gnu-tools-for-stm32.10.3-2021.10.win32_1.0.200.202301161003/tools/bin/../lib/gcc/arm-none-eabi/10.3.1/../../../../arm-none-eabi/lib/thumb/v7e-m+fp/hard\libc_nano.a(lib_a-stdio.o)
                0x0000000008008e1e                __sseek
 .text.__sclose
                0x0000000008008e42        0x8 c:/st/stm32cubeide_1.12.0/stm32cubeide/plugins/com.st.stm32cube.ide.mcu.externaltools.gnu-tools-for-stm32.10.3-2021.10.win32_1.0.200.202301161003/tools/bin/../lib/gcc/arm-none-eabi/10.3.1/../../../../arm-none-eabi/lib/thumb/v7e-m+fp/hard\libc_nano.a(lib_a-stdio.o)
                0x0000000008008e42                __sclose
 *fill*         0x0000000008008e4a        0x2 
 .text.__swbuf_r
                0x0000000008008e4c       0xa4 c:/st/stm32cubeide_1.12.0/stm32cubeide/plugins/com.st.stm32cube.ide.mcu.externaltools.gnu-tools-for-stm32.10.3-2021.10.win32_1.0.200.202301161003/tools/bin/../lib/gcc/arm-none-eabi/10.3.1/../../../../arm-none-eabi/lib/thumb/v7e-m+fp/hard\libc_nano.a(lib_a-wbuf.o)
                0x0000000008008e4c                __swbuf_r
 .text._write_r
                0x0000000008008ef0       0x24 c:/st/stm32cubeide_1.12.0/stm32cubeide/plugins/com.st.stm32cube.ide.mcu.externaltools.gnu-tools-for-stm32.10.3-2021.10.win32_1.0.200.202301161003/tools/bin/../lib/gcc/arm-none-eabi/10.3.1/../../../../arm-none-eabi/lib/thumb/v7e-m+fp/hard\libc_nano.a(lib_a-writer.o)
                0x0000000008008ef0                _write_r
 .text.__swsetup_r
                0x0000000008008f14       0xdc c:/st/stm32cubeide_1.12.0/stm32cubeide/plugins/com.st.stm32cube.ide.mcu.externaltools.gnu-tools-for-stm32.10.3-2021.10.win32_1.0.200.202301161003/tools/bin/../lib/gcc/arm-none-eabi/10.3.1/../../../../arm-none-eabi/lib/thumb/v7e-m+fp/hard\libc_nano.a(lib_a-wsetup.o)
                0x0000000008008f14                __swsetup_r
 .text.__assert_func
                0x0000000008008ff0       0x3c c:/st/stm32cubeide_1.12.0/stm32cubeide/plugins/com.st.stm32cube.ide.mcu.externaltools.gnu-tools-for-stm32.10.3-2021.10.win32_1.0.200.202301161003/tools/bin/../lib/gcc/arm-none-eabi/10.3.1/../../../../arm-none-eabi/lib/thumb/v7e-m+fp/hard\libc_nano.a(lib_a-assert.o)
                0x0000000008008ff0                __assert_func
 .text._close_r
                0x000000000800902c       0x20 c:/st/stm32cubeide_1.12.0/stm32cubeide/plugins/com.st.stm32cube.ide.mcu.externaltools.gnu-tools-for-stm32.10.3-2021.10.win32_1.0.200.202301161003/tools/bin/../lib/gcc/arm-none-eabi/10.3.1/../../../../arm-none-eabi/lib/thumb/v7e-m+fp/hard\libc_nano.a(lib_a-closer.o)
                0x000000000800902c                _close_r
 .text.__sflush_r
                0x000000000800904c      0x10c c:/st/stm32cubeide_1.12.0/stm32cubeide/plugins/com.st.stm32cube.ide.mcu.externaltools.gnu-tools-for-stm32.10.3-2021.10.win32_1.0.200.202301161003/tools/bin/../lib/gcc/arm-none-eabi/10.3.1/../../../../arm-none-eabi/lib/thumb/v7e-m+fp/hard\libc_nano.a(lib_a-fflush.o)
                0x000000000800904c                __sflush_r
 .text._fflush_r
                0x0000000008009158       0x78 c:/st/stm32cubeide_1.12.0/stm32cubeide/plugins/com.st.stm32cube.ide.mcu.externaltools.gnu-tools-for-stm32.10.3-2021.10.win32_1.0.200.202301161003/tools/bin/../lib/gcc/arm-none-eabi/10.3.1/../../../../arm-none-eabi/lib/thumb/v7e-m+fp/hard\libc_nano.a(lib_a-fflush.o)
                0x0000000008009158                _fflush_r
 .text.fprintf  0x00000000080091d0       0x24 c:/st/stm32cubeide_1.12.0/stm32cubeide/plugins/com.st.stm32cube.ide.mcu.externaltools.gnu-tools-for-stm32.10.3-2021.10.win32_1.0.200.202301161003/tools/bin/../lib/gcc/arm-none-eabi/10.3.1/../../../../arm-none-eabi/lib/thumb/v7e-m+fp/hard\libc_nano.a(lib_a-fprintf.o)
                0x00000000080091d0                fiprintf
                0x00000000080091d0                fprintf
 .text._lseek_r
                0x00000000080091f4       0x24 c:/st/stm32cubeide_1.12.0/stm32cubeide/plugins/com.st.stm32cube.ide.mcu.externaltools.gnu-tools-for-stm32.10.3-2021.10.win32_1.0.200.202301161003/tools/bin/../lib/gcc/arm-none-eabi/10.3.1/../../../../arm-none-eabi/lib/thumb/v7e-m+fp/hard\libc_nano.a(lib_a-lseekr.o)
                0x00000000080091f4                _lseek_r
 .text.__swhatbuf_r
                0x0000000008009218       0x4a c:/st/stm32cubeide_1.12.0/stm32cubeide/plugins/com.st.stm32cube.ide.mcu.externaltools.gnu-tools-for-stm32.10.3-2021.10.win32_1.0.200.202301161003/tools/bin/../lib/gcc/arm-none-eabi/10.3.1/../../../../arm-none-eabi/lib/thumb/v7e-m+fp/hard\libc_nano.a(lib_a-makebuf.o)
                0x0000000008009218                __swhatbuf_r
 *fill*         0x0000000008009262        0x2 
 .text.__smakebuf_r
                0x0000000008009264       0x80 c:/st/stm32cubeide_1.12.0/stm32cubeide/plugins/com.st.stm32cube.ide.mcu.externaltools.gnu-tools-for-stm32.10.3-2021.10.win32_1.0.200.202301161003/tools/bin/../lib/gcc/arm-none-eabi/10.3.1/../../../../arm-none-eabi/lib/thumb/v7e-m+fp/hard\libc_nano.a(lib_a-makebuf.o)
                0x0000000008009264                __smakebuf_r
 .text.__ascii_mbtowc
                0x00000000080092e4       0x24 c:/st/stm32cubeide_1.12.0/stm32cubeide/plugins/com.st.stm32cube.ide.mcu.externaltools.gnu-tools-for-stm32.10.3-2021.10.win32_1.0.200.202301161003/tools/bin/../lib/gcc/arm-none-eabi/10.3.1/../../../../arm-none-eabi/lib/thumb/v7e-m+fp/hard\libc_nano.a(lib_a-mbtowc_r.o)
                0x00000000080092e4                __ascii_mbtowc
 .text.__malloc_lock
                0x0000000008009308        0xc c:/st/stm32cubeide_1.12.0/stm32cubeide/plugins/com.st.stm32cube.ide.mcu.externaltools.gnu-tools-for-stm32.10.3-2021.10.win32_1.0.200.202301161003/tools/bin/../lib/gcc/arm-none-eabi/10.3.1/../../../../arm-none-eabi/lib/thumb/v7e-m+fp/hard\libc_nano.a(lib_a-mlock.o)
                0x0000000008009308                __malloc_lock
 .text.__malloc_unlock
                0x0000000008009314        0xc c:/st/stm32cubeide_1.12.0/stm32cubeide/plugins/com.st.stm32cube.ide.mcu.externaltools.gnu-tools-for-stm32.10.3-2021.10.win32_1.0.200.202301161003/tools/bin/../lib/gcc/arm-none-eabi/10.3.1/../../../../arm-none-eabi/lib/thumb/v7e-m+fp/hard\libc_nano.a(lib_a-mlock.o)
                0x0000000008009314                __malloc_unlock
 .text._read_r  0x0000000008009320       0x24 c:/st/stm32cubeide_1.12.0/stm32cubeide/plugins/com.st.stm32cube.ide.mcu.externaltools.gnu-tools-for-stm32.10.3-2021.10.win32_1.0.200.202301161003/tools/bin/../lib/gcc/arm-none-eabi/10.3.1/../../../../arm-none-eabi/lib/thumb/v7e-m+fp/hard\libc_nano.a(lib_a-readr.o)
                0x0000000008009320                _read_r
 .text.__ascii_wctomb
                0x0000000008009344       0x1a c:/st/stm32cubeide_1.12.0/stm32cubeide/plugins/com.st.stm32cube.ide.mcu.externaltools.gnu-tools-for-stm32.10.3-2021.10.win32_1.0.200.202301161003/tools/bin/../lib/gcc/arm-none-eabi/10.3.1/../../../../arm-none-eabi/lib/thumb/v7e-m+fp/hard\libc_nano.a(lib_a-wctomb_r.o)
                0x0000000008009344                __ascii_wctomb
 .text.abort    0x000000000800935e        0xe c:/st/stm32cubeide_1.12.0/stm32cubeide/plugins/com.st.stm32cube.ide.mcu.externaltools.gnu-tools-for-stm32.10.3-2021.10.win32_1.0.200.202301161003/tools/bin/../lib/gcc/arm-none-eabi/10.3.1/../../../../arm-none-eabi/lib/thumb/v7e-m+fp/hard\libc_nano.a(lib_a-abort.o)
                0x000000000800935e                abort
 .text._fstat_r
                0x000000000800936c       0x24 c:/st/stm32cubeide_1.12.0/stm32cubeide/plugins/com.st.stm32cube.ide.mcu.externaltools.gnu-tools-for-stm32.10.3-2021.10.win32_1.0.200.202301161003/tools/bin/../lib/gcc/arm-none-eabi/10.3.1/../../../../arm-none-eabi/lib/thumb/v7e-m+fp/hard\libc_nano.a(lib_a-fstatr.o)
                0x000000000800936c                _fstat_r
 .text._isatty_r
                0x0000000008009390       0x20 c:/st/stm32cubeide_1.12.0/stm32cubeide/plugins/com.st.stm32cube.ide.mcu.externaltools.gnu-tools-for-stm32.10.3-2021.10.win32_1.0.200.202301161003/tools/bin/../lib/gcc/arm-none-eabi/10.3.1/../../../../arm-none-eabi/lib/thumb/v7e-m+fp/hard\libc_nano.a(lib_a-isattyr.o)
                0x0000000008009390                _isatty_r
 .text._raise_r
                0x00000000080093b0       0x50 c:/st/stm32cubeide_1.12.0/stm32cubeide/plugins/com.st.stm32cube.ide.mcu.externaltools.gnu-tools-for-stm32.10.3-2021.10.win32_1.0.200.202301161003/tools/bin/../lib/gcc/arm-none-eabi/10.3.1/../../../../arm-none-eabi/lib/thumb/v7e-m+fp/hard\libc_nano.a(lib_a-signal.o)
                0x00000000080093b0                _raise_r
 .text.raise    0x0000000008009400       0x10 c:/st/stm32cubeide_1.12.0/stm32cubeide/plugins/com.st.stm32cube.ide.mcu.externaltools.gnu-tools-for-stm32.10.3-2021.10.win32_1.0.200.202301161003/tools/bin/../lib/gcc/arm-none-eabi/10.3.1/../../../../arm-none-eabi/lib/thumb/v7e-m+fp/hard\libc_nano.a(lib_a-signal.o)
                0x0000000008009400                raise
 .text._kill_r  0x0000000008009410       0x24 c:/st/stm32cubeide_1.12.0/stm32cubeide/plugins/com.st.stm32cube.ide.mcu.externaltools.gnu-tools-for-stm32.10.3-2021.10.win32_1.0.200.202301161003/tools/bin/../lib/gcc/arm-none-eabi/10.3.1/../../../../arm-none-eabi/lib/thumb/v7e-m+fp/hard\libc_nano.a(lib_a-signalr.o)
                0x0000000008009410                _kill_r
 .text._getpid_r
                0x0000000008009434        0x4 c:/st/stm32cubeide_1.12.0/stm32cubeide/plugins/com.st.stm32cube.ide.mcu.externaltools.gnu-tools-for-stm32.10.3-2021.10.win32_1.0.200.202301161003/tools/bin/../lib/gcc/arm-none-eabi/10.3.1/../../../../arm-none-eabi/lib/thumb/v7e-m+fp/hard\libc_nano.a(lib_a-signalr.o)
                0x0000000008009434                _getpid_r
 .text.sqrtf    0x0000000008009438       0x3c c:/st/stm32cubeide_1.12.0/stm32cubeide/plugins/com.st.stm32cube.ide.mcu.externaltools.gnu-tools-for-stm32.10.3-2021.10.win32_1.0.200.202301161003/tools/bin/../lib/gcc/arm-none-eabi/10.3.1/../../../../arm-none-eabi/lib/thumb/v7e-m+fp/hard\libm.a(lib_a-wf_sqrt.o)
                0x0000000008009438                sqrtf
 .text.__ieee754_sqrtf
                0x0000000008009474        0x6 c:/st/stm32cubeide_1.12.0/stm32cubeide/plugins/com.st.stm32cube.ide.mcu.externaltools.gnu-tools-for-stm32.10.3-2021.10.win32_1.0.200.202301161003/tools/bin/../lib/gcc/arm-none-eabi/10.3.1/../../../../arm-none-eabi/lib/thumb/v7e-m+fp/hard\libm.a(lib_a-ef_sqrt.o)
                0x0000000008009474                __ieee754_sqrtf
 *(.glue_7)
 .glue_7        0x000000000800947a        0x0 linker stubs
 *(.glue_7t)
 .glue_7t       0x000000000800947a        0x0 linker stubs
 *(.eh_frame)
 *fill*         0x000000000800947a        0x2 
 .eh_frame      0x000000000800947c        0x0 c:/st/stm32cubeide_1.12.0/stm32cubeide/plugins/com.st.stm32cube.ide.mcu.externaltools.gnu-tools-for-stm32.10.3-2021.10.win32_1.0.200.202301161003/tools/bin/../lib/gcc/arm-none-eabi/10.3.1/thumb/v7e-m+fp/hard/crtbegin.o
 *(.init)
 .init          0x000000000800947c        0x4 c:/st/stm32cubeide_1.12.0/stm32cubeide/plugins/com.st.stm32cube.ide.mcu.externaltools.gnu-tools-for-stm32.10.3-2021.10.win32_1.0.200.202301161003/tools/bin/../lib/gcc/arm-none-eabi/10.3.1/thumb/v7e-m+fp/hard/crti.o
                0x000000000800947c                _init
 .init          0x0000000008009480        0x8 c:/st/stm32cubeide_1.12.0/stm32cubeide/plugins/com.st.stm32cube.ide.mcu.externaltools.gnu-tools-for-stm32.10.3-2021.10.win32_1.0.200.202301161003/tools/bin/../lib/gcc/arm-none-eabi/10.3.1/thumb/v7e-m+fp/hard/crtn.o
 *(.fini)
 .fini          0x0000000008009488        0x4 c:/st/stm32cubeide_1.12.0/stm32cubeide/plugins/com.st.stm32cube.ide.mcu.externaltools.gnu-tools-for-stm32.10.3-2021.10.win32_1.0.200.202301161003/tools/bin/../lib/gcc/arm-none-eabi/10.3.1/thumb/v7e-m+fp/hard/crti.o
                0x0000000008009488                _fini
 .fini          0x000000000800948c        0x8 c:/st/stm32cubeide_1.12.0/stm32cubeide/plugins/com.st.stm32cube.ide.mcu.externaltools.gnu-tools-for-stm32.10.3-2021.10.win32_1.0.200.202301161003/tools/bin/../lib/gcc/arm-none-eabi/10.3.1/thumb/v7e-m+fp/hard/crtn.o
                0x0000000008009494                . = ALIGN (0x4)
                0x0000000008009494                _etext = .

.vfp11_veneer   0x0000000008009494        0x0
 .vfp11_veneer  0x0000000008009494        0x0 linker stubs

.v4_bx          0x0000000008009494        0x0
 .v4_bx         0x0000000008009494        0x0 linker stubs

.iplt           0x0000000008009494        0x0
 .iplt          0x0000000008009494        0x0 c:/st/stm32cubeide_1.12.0/stm32cubeide/plugins/com.st.stm32cube.ide.mcu.externaltools.gnu-tools-for-stm32.10.3-2021.10.win32_1.0.200.202301161003/tools/bin/../lib/gcc/arm-none-eabi/10.3.1/thumb/v7e-m+fp/hard/crtbegin.o

.rodata         0x0000000008009498    0x13ad4
                0x0000000008009498                . = ALIGN (0x4)
 *(.rodata)
 .rodata        0x0000000008009498       0x3e ./Core/Src/main.o
 *(.rodata*)
 *fill*         0x00000000080094d6        0x2 
 .rodata.font   0x00000000080094d8      0x240 ./Core/Src/ILI9341/ILI9341_GFX.o
 .rodata.AHBPrescTable
                0x0000000008009718       0x10 ./Core/Src/system_stm32f7xx.o
                0x0000000008009718                AHBPrescTable
 .rodata.APBPrescTable
                0x0000000008009728        0x8 ./Core/Src/system_stm32f7xx.o
                0x0000000008009728                APBPrescTable
 .rodata.flagBitshiftOffset.0
                0x0000000008009730        0x8 ./Drivers/STM32F7xx_HAL_Driver/Src/stm32f7xx_hal_dma.o
 .rodata.twiddleCoef_2048
                0x0000000008009738     0x4000 C:\Users\ripst\Desktop\stm32_f746_spectrum_analyzer\FFT_LCD\Lib\libarm_cortexM7lfsp_math.a(arm_common_tables.o)
                0x0000000008009738                twiddleCoef_2048
 .rodata.twiddleCoef_rfft_64
                0x000000000800d738      0x100 C:\Users\ripst\Desktop\stm32_f746_spectrum_analyzer\FFT_LCD\Lib\libarm_cortexM7lfsp_math.a(arm_common_tables.o)
                0x000000000800d738                twiddleCoef_rfft_64
 .rodata.armBitRevIndexTable64
                0x000000000800d838       0x70 C:\Users\ripst\Desktop\stm32_f746_spectrum_analyzer\FFT_LCD\Lib\libarm_cortexM7lfsp_math.a(arm_common_tables.o)
                0x000000000800d838                armBitRevIndexTable64
 .rodata.twiddleCoef_rfft_2048
                0x000000000800d8a8     0x2000 C:\Users\ripst\Desktop\stm32_f746_spectrum_analyzer\FFT_LCD\Lib\libarm_cortexM7lfsp_math.a(arm_common_tables.o)
                0x000000000800d8a8                twiddleCoef_rfft_2048
 .rodata.twiddleCoef_rfft_4096
                0x000000000800f8a8     0x4000 C:\Users\ripst\Desktop\stm32_f746_spectrum_analyzer\FFT_LCD\Lib\libarm_cortexM7lfsp_math.a(arm_common_tables.o)
                0x000000000800f8a8                twiddleCoef_rfft_4096
 .rodata.twiddleCoef_256
                0x00000000080138a8      0x800 C:\Users\ripst\Desktop\stm32_f746_spectrum_analyzer\FFT_LCD\Lib\libarm_cortexM7lfsp_math.a(arm_common_tables.o)
                0x00000000080138a8                twiddleCoef_256
 .rodata.twiddleCoef_16
                0x00000000080140a8       0x80 C:\Users\ripst\Desktop\stm32_f746_spectrum_analyzer\FFT_LCD\Lib\libarm_cortexM7lfsp_math.a(arm_common_tables.o)
                0x00000000080140a8                twiddleCoef_16
 .rodata.twiddleCoef_1024
                0x0000000008014128     0x2000 C:\Users\ripst\Desktop\stm32_f746_spectrum_analyzer\FFT_LCD\Lib\libarm_cortexM7lfsp_math.a(arm_common_tables.o)
                0x0000000008014128                twiddleCoef_1024
 .rodata.twiddleCoef_32
                0x0000000008016128      0x100 C:\Users\ripst\Desktop\stm32_f746_spectrum_analyzer\FFT_LCD\Lib\libarm_cortexM7lfsp_math.a(arm_common_tables.o)
                0x0000000008016128                twiddleCoef_32
 .rodata.armBitRevIndexTable1024
                0x0000000008016228      0xe10 C:\Users\ripst\Desktop\stm32_f746_spectrum_analyzer\FFT_LCD\Lib\libarm_cortexM7lfsp_math.a(arm_common_tables.o)
                0x0000000008016228                armBitRevIndexTable1024
 .rodata.armBitRevIndexTable16
                0x0000000008017038       0x28 C:\Users\ripst\Desktop\stm32_f746_spectrum_analyzer\FFT_LCD\Lib\libarm_cortexM7lfsp_math.a(arm_common_tables.o)
                0x0000000008017038                armBitRevIndexTable16
 .rodata.twiddleCoef_rfft_32
                0x0000000008017060       0x80 C:\Users\ripst\Desktop\stm32_f746_spectrum_analyzer\FFT_LCD\Lib\libarm_cortexM7lfsp_math.a(arm_common_tables.o)
                0x0000000008017060                twiddleCoef_rfft_32
 .rodata.armBitRevIndexTable32
                0x00000000080170e0       0x60 C:\Users\ripst\Desktop\stm32_f746_spectrum_analyzer\FFT_LCD\Lib\libarm_cortexM7lfsp_math.a(arm_common_tables.o)
                0x00000000080170e0                armBitRevIndexTable32
 .rodata.twiddleCoef_128
                0x0000000008017140      0x400 C:\Users\ripst\Desktop\stm32_f746_spectrum_analyzer\FFT_LCD\Lib\libarm_cortexM7lfsp_math.a(arm_common_tables.o)
                0x0000000008017140                twiddleCoef_128
 .rodata.twiddleCoef_512
                0x0000000008017540     0x1000 C:\Users\ripst\Desktop\stm32_f746_spectrum_analyzer\FFT_LCD\Lib\libarm_cortexM7lfsp_math.a(arm_common_tables.o)
                0x0000000008017540                twiddleCoef_512
 .rodata.armBitRevIndexTable2048
                0x0000000008018540     0x1dc0 C:\Users\ripst\Desktop\stm32_f746_spectrum_analyzer\FFT_LCD\Lib\libarm_cortexM7lfsp_math.a(arm_common_tables.o)
                0x0000000008018540                armBitRevIndexTable2048
 .rodata.twiddleCoef_64
                0x000000000801a300      0x200 C:\Users\ripst\Desktop\stm32_f746_spectrum_analyzer\FFT_LCD\Lib\libarm_cortexM7lfsp_math.a(arm_common_tables.o)
                0x000000000801a300                twiddleCoef_64
 .rodata.twiddleCoef_rfft_512
                0x000000000801a500      0x800 C:\Users\ripst\Desktop\stm32_f746_spectrum_analyzer\FFT_LCD\Lib\libarm_cortexM7lfsp_math.a(arm_common_tables.o)
                0x000000000801a500                twiddleCoef_rfft_512
 .rodata.armBitRevIndexTable512
                0x000000000801ad00      0x380 C:\Users\ripst\Desktop\stm32_f746_spectrum_analyzer\FFT_LCD\Lib\libarm_cortexM7lfsp_math.a(arm_common_tables.o)
                0x000000000801ad00                armBitRevIndexTable512
 .rodata.twiddleCoef_rfft_1024
                0x000000000801b080     0x1000 C:\Users\ripst\Desktop\stm32_f746_spectrum_analyzer\FFT_LCD\Lib\libarm_cortexM7lfsp_math.a(arm_common_tables.o)
                0x000000000801b080                twiddleCoef_rfft_1024
 .rodata.twiddleCoef_rfft_256
                0x000000000801c080      0x400 C:\Users\ripst\Desktop\stm32_f746_spectrum_analyzer\FFT_LCD\Lib\libarm_cortexM7lfsp_math.a(arm_common_tables.o)
                0x000000000801c080                twiddleCoef_rfft_256
 .rodata.armBitRevIndexTable256
                0x000000000801c480      0x370 C:\Users\ripst\Desktop\stm32_f746_spectrum_analyzer\FFT_LCD\Lib\libarm_cortexM7lfsp_math.a(arm_common_tables.o)
                0x000000000801c480                armBitRevIndexTable256
 .rodata.twiddleCoef_rfft_128
                0x000000000801c7f0      0x200 C:\Users\ripst\Desktop\stm32_f746_spectrum_analyzer\FFT_LCD\Lib\libarm_cortexM7lfsp_math.a(arm_common_tables.o)
                0x000000000801c7f0                twiddleCoef_rfft_128
 .rodata.armBitRevIndexTable128
                0x000000000801c9f0      0x1a0 C:\Users\ripst\Desktop\stm32_f746_spectrum_analyzer\FFT_LCD\Lib\libarm_cortexM7lfsp_math.a(arm_common_tables.o)
                0x000000000801c9f0                armBitRevIndexTable128
 .rodata._global_impure_ptr
                0x000000000801cb90        0x4 c:/st/stm32cubeide_1.12.0/stm32cubeide/plugins/com.st.stm32cube.ide.mcu.externaltools.gnu-tools-for-stm32.10.3-2021.10.win32_1.0.200.202301161003/tools/bin/../lib/gcc/arm-none-eabi/10.3.1/../../../../arm-none-eabi/lib/thumb/v7e-m+fp/hard\libc_nano.a(lib_a-impure.o)
                0x000000000801cb90                _global_impure_ptr
 .rodata._printf_float.str1.1
                0x000000000801cb94       0x12 c:/st/stm32cubeide_1.12.0/stm32cubeide/plugins/com.st.stm32cube.ide.mcu.externaltools.gnu-tools-for-stm32.10.3-2021.10.win32_1.0.200.202301161003/tools/bin/../lib/gcc/arm-none-eabi/10.3.1/../../../../arm-none-eabi/lib/thumb/v7e-m+fp/hard\libc_nano.a(lib_a-nano-vfprintf_float.o)
 .rodata._printf_i.str1.1
                0x000000000801cba6       0x22 c:/st/stm32cubeide_1.12.0/stm32cubeide/plugins/com.st.stm32cube.ide.mcu.externaltools.gnu-tools-for-stm32.10.3-2021.10.win32_1.0.200.202301161003/tools/bin/../lib/gcc/arm-none-eabi/10.3.1/../../../../arm-none-eabi/lib/thumb/v7e-m+fp/hard\libc_nano.a(lib_a-nano-vfprintf_i.o)
 .rodata._dtoa_r.str1.1
                0x000000000801cbc8       0x90 c:/st/stm32cubeide_1.12.0/stm32cubeide/plugins/com.st.stm32cube.ide.mcu.externaltools.gnu-tools-for-stm32.10.3-2021.10.win32_1.0.200.202301161003/tools/bin/../lib/gcc/arm-none-eabi/10.3.1/../../../../arm-none-eabi/lib/thumb/v7e-m+fp/hard\libc_nano.a(lib_a-dtoa.o)
                                         0x92 (size before relaxing)
 .rodata.__sf_fake_stderr
                0x000000000801cc58       0x20 c:/st/stm32cubeide_1.12.0/stm32cubeide/plugins/com.st.stm32cube.ide.mcu.externaltools.gnu-tools-for-stm32.10.3-2021.10.win32_1.0.200.202301161003/tools/bin/../lib/gcc/arm-none-eabi/10.3.1/../../../../arm-none-eabi/lib/thumb/v7e-m+fp/hard\libc_nano.a(lib_a-findfp.o)
                0x000000000801cc58                __sf_fake_stderr
 .rodata.__sf_fake_stdin
                0x000000000801cc78       0x20 c:/st/stm32cubeide_1.12.0/stm32cubeide/plugins/com.st.stm32cube.ide.mcu.externaltools.gnu-tools-for-stm32.10.3-2021.10.win32_1.0.200.202301161003/tools/bin/../lib/gcc/arm-none-eabi/10.3.1/../../../../arm-none-eabi/lib/thumb/v7e-m+fp/hard\libc_nano.a(lib_a-findfp.o)
                0x000000000801cc78                __sf_fake_stdin
 .rodata.__sf_fake_stdout
                0x000000000801cc98       0x20 c:/st/stm32cubeide_1.12.0/stm32cubeide/plugins/com.st.stm32cube.ide.mcu.externaltools.gnu-tools-for-stm32.10.3-2021.10.win32_1.0.200.202301161003/tools/bin/../lib/gcc/arm-none-eabi/10.3.1/../../../../arm-none-eabi/lib/thumb/v7e-m+fp/hard\libc_nano.a(lib_a-findfp.o)
                0x000000000801cc98                __sf_fake_stdout
 .rodata._Balloc.str1.1
                0x000000000801ccb8       0x5c c:/st/stm32cubeide_1.12.0/stm32cubeide/plugins/com.st.stm32cube.ide.mcu.externaltools.gnu-tools-for-stm32.10.3-2021.10.win32_1.0.200.202301161003/tools/bin/../lib/gcc/arm-none-eabi/10.3.1/../../../../arm-none-eabi/lib/thumb/v7e-m+fp/hard\libc_nano.a(lib_a-mprec.o)
                                         0x73 (size before relaxing)
 .rodata.__multadd.str1.1
                0x000000000801cd14       0x11 c:/st/stm32cubeide_1.12.0/stm32cubeide/plugins/com.st.stm32cube.ide.mcu.externaltools.gnu-tools-for-stm32.10.3-2021.10.win32_1.0.200.202301161003/tools/bin/../lib/gcc/arm-none-eabi/10.3.1/../../../../arm-none-eabi/lib/thumb/v7e-m+fp/hard\libc_nano.a(lib_a-mprec.o)
 *fill*         0x000000000801cd14        0x4 
 .rodata.__mprec_bigtens
                0x000000000801cd18       0x28 c:/st/stm32cubeide_1.12.0/stm32cubeide/plugins/com.st.stm32cube.ide.mcu.externaltools.gnu-tools-for-stm32.10.3-2021.10.win32_1.0.200.202301161003/tools/bin/../lib/gcc/arm-none-eabi/10.3.1/../../../../arm-none-eabi/lib/thumb/v7e-m+fp/hard\libc_nano.a(lib_a-mprec.o)
                0x000000000801cd18                __mprec_bigtens
 .rodata.__mprec_tens
                0x000000000801cd40       0xc8 c:/st/stm32cubeide_1.12.0/stm32cubeide/plugins/com.st.stm32cube.ide.mcu.externaltools.gnu-tools-for-stm32.10.3-2021.10.win32_1.0.200.202301161003/tools/bin/../lib/gcc/arm-none-eabi/10.3.1/../../../../arm-none-eabi/lib/thumb/v7e-m+fp/hard\libc_nano.a(lib_a-mprec.o)
                0x000000000801cd40                __mprec_tens
 .rodata.p05.0  0x000000000801ce08        0xc c:/st/stm32cubeide_1.12.0/stm32cubeide/plugins/com.st.stm32cube.ide.mcu.externaltools.gnu-tools-for-stm32.10.3-2021.10.win32_1.0.200.202301161003/tools/bin/../lib/gcc/arm-none-eabi/10.3.1/../../../../arm-none-eabi/lib/thumb/v7e-m+fp/hard\libc_nano.a(lib_a-mprec.o)
 .rodata._vfprintf_r.str1.1
                0x000000000801ce14       0x11 c:/st/stm32cubeide_1.12.0/stm32cubeide/plugins/com.st.stm32cube.ide.mcu.externaltools.gnu-tools-for-stm32.10.3-2021.10.win32_1.0.200.202301161003/tools/bin/../lib/gcc/arm-none-eabi/10.3.1/../../../../arm-none-eabi/lib/thumb/v7e-m+fp/hard\libc_nano.a(lib_a-nano-vfprintf.o)
 .rodata.__assert_func.str1.1
                0x000000000801ce25       0x3c c:/st/stm32cubeide_1.12.0/stm32cubeide/plugins/com.st.stm32cube.ide.mcu.externaltools.gnu-tools-for-stm32.10.3-2021.10.win32_1.0.200.202301161003/tools/bin/../lib/gcc/arm-none-eabi/10.3.1/../../../../arm-none-eabi/lib/thumb/v7e-m+fp/hard\libc_nano.a(lib_a-assert.o)
                                         0x3d (size before relaxing)
 .rodata._setlocale_r.str1.1
                0x000000000801ce61        0x8 c:/st/stm32cubeide_1.12.0/stm32cubeide/plugins/com.st.stm32cube.ide.mcu.externaltools.gnu-tools-for-stm32.10.3-2021.10.win32_1.0.200.202301161003/tools/bin/../lib/gcc/arm-none-eabi/10.3.1/../../../../arm-none-eabi/lib/thumb/v7e-m+fp/hard\libc_nano.a(lib_a-locale.o)
                                          0x9 (size before relaxing)
 .rodata.str1.1
                0x000000000801ce69        0x2 c:/st/stm32cubeide_1.12.0/stm32cubeide/plugins/com.st.stm32cube.ide.mcu.externaltools.gnu-tools-for-stm32.10.3-2021.10.win32_1.0.200.202301161003/tools/bin/../lib/gcc/arm-none-eabi/10.3.1/../../../../arm-none-eabi/lib/thumb/v7e-m+fp/hard\libc_nano.a(lib_a-locale.o)
 .rodata._ctype_
                0x000000000801ce6b      0x101 c:/st/stm32cubeide_1.12.0/stm32cubeide/plugins/com.st.stm32cube.ide.mcu.externaltools.gnu-tools-for-stm32.10.3-2021.10.win32_1.0.200.202301161003/tools/bin/../lib/gcc/arm-none-eabi/10.3.1/../../../../arm-none-eabi/lib/thumb/v7e-m+fp/hard\libc_nano.a(lib_a-ctype_.o)
                0x000000000801ce6b                _ctype_
                0x000000000801cf6c                . = ALIGN (0x4)

.ARM.extab      0x000000000801cf6c        0x0
                0x000000000801cf6c                . = ALIGN (0x4)
 *(.ARM.extab* .gnu.linkonce.armextab.*)
                0x000000000801cf6c                . = ALIGN (0x4)

.ARM            0x000000000801cf6c        0x8
                0x000000000801cf6c                . = ALIGN (0x4)
                0x000000000801cf6c                __exidx_start = .
 *(.ARM.exidx*)
 .ARM.exidx     0x000000000801cf6c        0x8 c:/st/stm32cubeide_1.12.0/stm32cubeide/plugins/com.st.stm32cube.ide.mcu.externaltools.gnu-tools-for-stm32.10.3-2021.10.win32_1.0.200.202301161003/tools/bin/../lib/gcc/arm-none-eabi/10.3.1/thumb/v7e-m+fp/hard\libgcc.a(_udivmoddi4.o)
                0x000000000801cf74                __exidx_end = .
                0x000000000801cf74                . = ALIGN (0x4)

.rel.dyn        0x000000000801cf74        0x0
 .rel.iplt      0x000000000801cf74        0x0 c:/st/stm32cubeide_1.12.0/stm32cubeide/plugins/com.st.stm32cube.ide.mcu.externaltools.gnu-tools-for-stm32.10.3-2021.10.win32_1.0.200.202301161003/tools/bin/../lib/gcc/arm-none-eabi/10.3.1/thumb/v7e-m+fp/hard/crtbegin.o

.preinit_array  0x000000000801cf74        0x0
                0x000000000801cf74                . = ALIGN (0x4)
                0x000000000801cf74                PROVIDE (__preinit_array_start = .)
 *(.preinit_array*)
                0x000000000801cf74                PROVIDE (__preinit_array_end = .)
                0x000000000801cf74                . = ALIGN (0x4)

.init_array     0x000000000801cf74        0x4
                0x000000000801cf74                . = ALIGN (0x4)
                0x000000000801cf74                PROVIDE (__init_array_start = .)
 *(SORT_BY_NAME(.init_array.*))
 *(.init_array*)
 .init_array    0x000000000801cf74        0x4 c:/st/stm32cubeide_1.12.0/stm32cubeide/plugins/com.st.stm32cube.ide.mcu.externaltools.gnu-tools-for-stm32.10.3-2021.10.win32_1.0.200.202301161003/tools/bin/../lib/gcc/arm-none-eabi/10.3.1/thumb/v7e-m+fp/hard/crtbegin.o
                0x000000000801cf78                PROVIDE (__init_array_end = .)
                0x000000000801cf78                . = ALIGN (0x4)

.fini_array     0x000000000801cf78        0x4
                0x000000000801cf78                . = ALIGN (0x4)
                [!provide]                        PROVIDE (__fini_array_start = .)
 *(SORT_BY_NAME(.fini_array.*))
 *(.fini_array*)
 .fini_array    0x000000000801cf78        0x4 c:/st/stm32cubeide_1.12.0/stm32cubeide/plugins/com.st.stm32cube.ide.mcu.externaltools.gnu-tools-for-stm32.10.3-2021.10.win32_1.0.200.202301161003/tools/bin/../lib/gcc/arm-none-eabi/10.3.1/thumb/v7e-m+fp/hard/crtbegin.o
                [!provide]                        PROVIDE (__fini_array_end = .)
                0x000000000801cf7c                . = ALIGN (0x4)
                0x000000000801cf7c                _sidata = LOADADDR (.data)

.data           0x0000000020000000      0x1e0 load address 0x000000000801cf7c
                0x0000000020000000                . = ALIGN (0x4)
                0x0000000020000000                _sdata = .
 *(.data)
 *(.data*)
 .data.LCD_HEIGHT
                0x0000000020000000        0x2 ./Core/Src/ILI9341/ILI9341_STM32_Driver.o
                0x0000000020000000                LCD_HEIGHT
 .data.LCD_WIDTH
                0x0000000020000002        0x2 ./Core/Src/ILI9341/ILI9341_STM32_Driver.o
                0x0000000020000002                LCD_WIDTH
 .data.SystemCoreClock
                0x0000000020000004        0x4 ./Core/Src/system_stm32f7xx.o
                0x0000000020000004                SystemCoreClock
 .data.uwTickPrio
                0x0000000020000008        0x4 ./Drivers/STM32F7xx_HAL_Driver/Src/stm32f7xx_hal.o
                0x0000000020000008                uwTickPrio
 .data.uwTickFreq
                0x000000002000000c        0x1 ./Drivers/STM32F7xx_HAL_Driver/Src/stm32f7xx_hal.o
                0x000000002000000c                uwTickFreq
 *fill*         0x000000002000000d        0x3 
 .data._impure_ptr
                0x0000000020000010        0x4 c:/st/stm32cubeide_1.12.0/stm32cubeide/plugins/com.st.stm32cube.ide.mcu.externaltools.gnu-tools-for-stm32.10.3-2021.10.win32_1.0.200.202301161003/tools/bin/../lib/gcc/arm-none-eabi/10.3.1/../../../../arm-none-eabi/lib/thumb/v7e-m+fp/hard\libc_nano.a(lib_a-impure.o)
                0x0000000020000010                _impure_ptr
 .data.impure_data
                0x0000000020000014       0x60 c:/st/stm32cubeide_1.12.0/stm32cubeide/plugins/com.st.stm32cube.ide.mcu.externaltools.gnu-tools-for-stm32.10.3-2021.10.win32_1.0.200.202301161003/tools/bin/../lib/gcc/arm-none-eabi/10.3.1/../../../../arm-none-eabi/lib/thumb/v7e-m+fp/hard\libc_nano.a(lib_a-impure.o)
 .data.__global_locale
                0x0000000020000074      0x16c c:/st/stm32cubeide_1.12.0/stm32cubeide/plugins/com.st.stm32cube.ide.mcu.externaltools.gnu-tools-for-stm32.10.3-2021.10.win32_1.0.200.202301161003/tools/bin/../lib/gcc/arm-none-eabi/10.3.1/../../../../arm-none-eabi/lib/thumb/v7e-m+fp/hard\libc_nano.a(lib_a-locale.o)
                0x0000000020000074                __global_locale
 *(.RamFunc)
 *(.RamFunc*)
                0x00000000200001e0                . = ALIGN (0x4)
                0x00000000200001e0                _edata = .

.igot.plt       0x00000000200001e0        0x0 load address 0x000000000801d15c
 .igot.plt      0x00000000200001e0        0x0 c:/st/stm32cubeide_1.12.0/stm32cubeide/plugins/com.st.stm32cube.ide.mcu.externaltools.gnu-tools-for-stm32.10.3-2021.10.win32_1.0.200.202301161003/tools/bin/../lib/gcc/arm-none-eabi/10.3.1/thumb/v7e-m+fp/hard/crtbegin.o
                0x00000000200001e0                . = ALIGN (0x4)

.bss            0x00000000200001e0     0x6300 load address 0x000000000801d15c
                0x00000000200001e0                _sbss = .
                0x00000000200001e0                __bss_start__ = _sbss
 *(.bss)
 .bss           0x00000000200001e0       0x1c c:/st/stm32cubeide_1.12.0/stm32cubeide/plugins/com.st.stm32cube.ide.mcu.externaltools.gnu-tools-for-stm32.10.3-2021.10.win32_1.0.200.202301161003/tools/bin/../lib/gcc/arm-none-eabi/10.3.1/thumb/v7e-m+fp/hard/crtbegin.o
 *(.bss*)
 .bss.hi2s2     0x00000000200001fc       0x40 ./Core/Src/main.o
                0x00000000200001fc                hi2s2
 .bss.hdma_spi2_rx
                0x000000002000023c       0x60 ./Core/Src/main.o
                0x000000002000023c                hdma_spi2_rx
 .bss.hspi1     0x000000002000029c       0x64 ./Core/Src/main.o
                0x000000002000029c                hspi1
 .bss.hdma_spi1_tx
                0x0000000020000300       0x60 ./Core/Src/main.o
                0x0000000020000300                hdma_spi1_tx
 .bss.hdma_spi1_rx
                0x0000000020000360       0x60 ./Core/Src/main.o
                0x0000000020000360                hdma_spi1_rx
 .bss.huart3    0x00000000200003c0       0x88 ./Core/Src/main.o
                0x00000000200003c0                huart3
 .bss.rxBuf     0x0000000020000448     0x2000 ./Core/Src/main.o
                0x0000000020000448                rxBuf
 .bss.txBuf     0x0000000020002448     0x2000 ./Core/Src/main.o
                0x0000000020002448                txBuf
 .bss.fft_in_buf
                0x0000000020004448     0x1000 ./Core/Src/main.o
                0x0000000020004448                fft_in_buf
 .bss.fft_out_buf
                0x0000000020005448     0x1000 ./Core/Src/main.o
                0x0000000020005448                fft_out_buf
 .bss.dataReadyFlag
                0x0000000020006448        0x1 ./Core/Src/main.o
                0x0000000020006448                dataReadyFlag
 *fill*         0x0000000020006449        0x3 
 .bss.fft_handler
                0x000000002000644c       0x18 ./Core/Src/main.o
                0x000000002000644c                fft_handler
 .bss.hspi5     0x0000000020006464       0x64 ./Core/Src/spi.o
                0x0000000020006464                hspi5
 .bss.__sbrk_heap_end
                0x00000000200064c8        0x4 ./Core/Src/sysmem.o
 .bss.uwTick    0x00000000200064cc        0x4 ./Drivers/STM32F7xx_HAL_Driver/Src/stm32f7xx_hal.o
                0x00000000200064cc                uwTick
 .bss.__lock___malloc_recursive_mutex
                0x00000000200064d0        0x1 c:/st/stm32cubeide_1.12.0/stm32cubeide/plugins/com.st.stm32cube.ide.mcu.externaltools.gnu-tools-for-stm32.10.3-2021.10.win32_1.0.200.202301161003/tools/bin/../lib/gcc/arm-none-eabi/10.3.1/../../../../arm-none-eabi/lib/thumb/v7e-m+fp/hard\libc_nano.a(lib_a-lock.o)
                0x00000000200064d0                __lock___malloc_recursive_mutex
 .bss.__lock___sfp_recursive_mutex
                0x00000000200064d1        0x1 c:/st/stm32cubeide_1.12.0/stm32cubeide/plugins/com.st.stm32cube.ide.mcu.externaltools.gnu-tools-for-stm32.10.3-2021.10.win32_1.0.200.202301161003/tools/bin/../lib/gcc/arm-none-eabi/10.3.1/../../../../arm-none-eabi/lib/thumb/v7e-m+fp/hard\libc_nano.a(lib_a-lock.o)
                0x00000000200064d1                __lock___sfp_recursive_mutex
 .bss.__lock___sinit_recursive_mutex
                0x00000000200064d2        0x1 c:/st/stm32cubeide_1.12.0/stm32cubeide/plugins/com.st.stm32cube.ide.mcu.externaltools.gnu-tools-for-stm32.10.3-2021.10.win32_1.0.200.202301161003/tools/bin/../lib/gcc/arm-none-eabi/10.3.1/../../../../arm-none-eabi/lib/thumb/v7e-m+fp/hard\libc_nano.a(lib_a-lock.o)
                0x00000000200064d2                __lock___sinit_recursive_mutex
 *fill*         0x00000000200064d3        0x1 
 .bss.__malloc_free_list
                0x00000000200064d4        0x4 c:/st/stm32cubeide_1.12.0/stm32cubeide/plugins/com.st.stm32cube.ide.mcu.externaltools.gnu-tools-for-stm32.10.3-2021.10.win32_1.0.200.202301161003/tools/bin/../lib/gcc/arm-none-eabi/10.3.1/../../../../arm-none-eabi/lib/thumb/v7e-m+fp/hard\libc_nano.a(lib_a-nano-mallocr.o)
                0x00000000200064d4                __malloc_free_list
 .bss.__malloc_sbrk_start
                0x00000000200064d8        0x4 c:/st/stm32cubeide_1.12.0/stm32cubeide/plugins/com.st.stm32cube.ide.mcu.externaltools.gnu-tools-for-stm32.10.3-2021.10.win32_1.0.200.202301161003/tools/bin/../lib/gcc/arm-none-eabi/10.3.1/../../../../arm-none-eabi/lib/thumb/v7e-m+fp/hard\libc_nano.a(lib_a-nano-mallocr.o)
                0x00000000200064d8                __malloc_sbrk_start
 .bss.errno     0x00000000200064dc        0x4 c:/st/stm32cubeide_1.12.0/stm32cubeide/plugins/com.st.stm32cube.ide.mcu.externaltools.gnu-tools-for-stm32.10.3-2021.10.win32_1.0.200.202301161003/tools/bin/../lib/gcc/arm-none-eabi/10.3.1/../../../../arm-none-eabi/lib/thumb/v7e-m+fp/hard\libc_nano.a(lib_a-reent.o)
                0x00000000200064dc                errno
 *(COMMON)
                0x00000000200064e0                . = ALIGN (0x4)
                0x00000000200064e0                _ebss = .
                0x00000000200064e0                __bss_end__ = _ebss

._user_heap_stack
                0x00000000200064e0      0x600 load address 0x000000000801d15c
                0x00000000200064e0                . = ALIGN (0x8)
                [!provide]                        PROVIDE (end = .)