Archive member included to satisfy reference by file (symbol)

C:\Users\ripst\Desktop\stm32_f746_spectrum_analyzer\STM32F7_Audio_Spectrum_Analyser\Lib\libarm_cortexM7lfsp_math.a(arm_rfft_fast_init_f32.o)
                              ./Core/Src/main.o (arm_rfft_fast_init_f32)
C:\Users\ripst\Desktop\stm32_f746_spectrum_analyzer\STM32F7_Audio_Spectrum_Analyser\Lib\libarm_cortexM7lfsp_math.a(arm_rfft_fast_f32.o)
                              ./Core/Src/main.o (arm_rfft_fast_f32)
C:\Users\ripst\Desktop\stm32_f746_spectrum_analyzer\STM32F7_Audio_Spectrum_Analyser\Lib\libarm_cortexM7lfsp_math.a(arm_cfft_f32.o)
                              C:\Users\ripst\Desktop\stm32_f746_spectrum_analyzer\STM32F7_Audio_Spectrum_Analyser\Lib\libarm_cortexM7lfsp_math.a(arm_rfft_fast_f32.o) (arm_cfft_f32)
C:\Users\ripst\Desktop\stm32_f746_spectrum_analyzer\STM32F7_Audio_Spectrum_Analyser\Lib\libarm_cortexM7lfsp_math.a(arm_common_tables.o)
                              C:\Users\ripst\Desktop\stm32_f746_spectrum_analyzer\STM32F7_Audio_Spectrum_Analyser\Lib\libarm_cortexM7lfsp_math.a(arm_rfft_fast_init_f32.o) (twiddleCoef_rfft_4096)
C:\Users\ripst\Desktop\stm32_f746_spectrum_analyzer\STM32F7_Audio_Spectrum_Analyser\Lib\libarm_cortexM7lfsp_math.a(arm_bitreversal2.o)
                              C:\Users\ripst\Desktop\stm32_f746_spectrum_analyzer\STM32F7_Audio_Spectrum_Analyser\Lib\libarm_cortexM7lfsp_math.a(arm_cfft_f32.o) (arm_bitreversal_32)
C:\Users\ripst\Desktop\stm32_f746_spectrum_analyzer\STM32F7_Audio_Spectrum_Analyser\Lib\libarm_cortexM7lfsp_math.a(arm_cfft_radix8_f32.o)
                              C:\Users\ripst\Desktop\stm32_f746_spectrum_analyzer\STM32F7_Audio_Spectrum_Analyser\Lib\libarm_cortexM7lfsp_math.a(arm_cfft_f32.o) (arm_radix8_butterfly_f32)
c:/st/stm32cubeide_1.12.0/stm32cubeide/plugins/com.st.stm32cube.ide.mcu.externaltools.gnu-tools-for-stm32.10.3-2021.10.win32_1.0.200.202301161003/tools/bin/../lib/gcc/arm-none-eabi/10.3.1/../../../../arm-none-eabi/lib/thumb/v7e-m+fp/hard\libc_nano.a(lib_a-errno.o)
                              ./Core/Src/syscalls.o (__errno)
c:/st/stm32cubeide_1.12.0/stm32cubeide/plugins/com.st.stm32cube.ide.mcu.externaltools.gnu-tools-for-stm32.10.3-2021.10.win32_1.0.200.202301161003/tools/bin/../lib/gcc/arm-none-eabi/10.3.1/../../../../arm-none-eabi/lib/thumb/v7e-m+fp/hard\libc_nano.a(lib_a-exit.o)
                              c:/st/stm32cubeide_1.12.0/stm32cubeide/plugins/com.st.stm32cube.ide.mcu.externaltools.gnu-tools-for-stm32.10.3-2021.10.win32_1.0.200.202301161003/tools/bin/../lib/gcc/arm-none-eabi/10.3.1/../../../../arm-none-eabi/lib/thumb/v7e-m+fp/hard/crt0.o (exit)
c:/st/stm32cubeide_1.12.0/stm32cubeide/plugins/com.st.stm32cube.ide.mcu.externaltools.gnu-tools-for-stm32.10.3-2021.10.win32_1.0.200.202301161003/tools/bin/../lib/gcc/arm-none-eabi/10.3.1/../../../../arm-none-eabi/lib/thumb/v7e-m+fp/hard\libc_nano.a(lib_a-impure.o)
                              c:/st/stm32cubeide_1.12.0/stm32cubeide/plugins/com.st.stm32cube.ide.mcu.externaltools.gnu-tools-for-stm32.10.3-2021.10.win32_1.0.200.202301161003/tools/bin/../lib/gcc/arm-none-eabi/10.3.1/../../../../arm-none-eabi/lib/thumb/v7e-m+fp/hard\libc_nano.a(lib_a-exit.o) (_global_impure_ptr)
c:/st/stm32cubeide_1.12.0/stm32cubeide/plugins/com.st.stm32cube.ide.mcu.externaltools.gnu-tools-for-stm32.10.3-2021.10.win32_1.0.200.202301161003/tools/bin/../lib/gcc/arm-none-eabi/10.3.1/../../../../arm-none-eabi/lib/thumb/v7e-m+fp/hard\libc_nano.a(lib_a-init.o)
                              c:/st/stm32cubeide_1.12.0/stm32cubeide/plugins/com.st.stm32cube.ide.mcu.externaltools.gnu-tools-for-stm32.10.3-2021.10.win32_1.0.200.202301161003/tools/bin/../lib/gcc/arm-none-eabi/10.3.1/../../../../arm-none-eabi/lib/thumb/v7e-m+fp/hard/crt0.o (__libc_init_array)
c:/st/stm32cubeide_1.12.0/stm32cubeide/plugins/com.st.stm32cube.ide.mcu.externaltools.gnu-tools-for-stm32.10.3-2021.10.win32_1.0.200.202301161003/tools/bin/../lib/gcc/arm-none-eabi/10.3.1/../../../../arm-none-eabi/lib/thumb/v7e-m+fp/hard\libc_nano.a(lib_a-memset.o)
                              c:/st/stm32cubeide_1.12.0/stm32cubeide/plugins/com.st.stm32cube.ide.mcu.externaltools.gnu-tools-for-stm32.10.3-2021.10.win32_1.0.200.202301161003/tools/bin/../lib/gcc/arm-none-eabi/10.3.1/../../../../arm-none-eabi/lib/thumb/v7e-m+fp/hard/crt0.o (memset)
c:/st/stm32cubeide_1.12.0/stm32cubeide/plugins/com.st.stm32cube.ide.mcu.externaltools.gnu-tools-for-stm32.10.3-2021.10.win32_1.0.200.202301161003/tools/bin/../lib/gcc/arm-none-eabi/10.3.1/../../../../arm-none-eabi/lib/thumb/v7e-m+fp/hard\libc_nano.a(lib_a-nano-vfprintf_float.o)
                              (_printf_float)
c:/st/stm32cubeide_1.12.0/stm32cubeide/plugins/com.st.stm32cube.ide.mcu.externaltools.gnu-tools-for-stm32.10.3-2021.10.win32_1.0.200.202301161003/tools/bin/../lib/gcc/arm-none-eabi/10.3.1/../../../../arm-none-eabi/lib/thumb/v7e-m+fp/hard\libc_nano.a(lib_a-nano-vfprintf_i.o)
[...]
Memory Configuration

Name             Origin             Length             Attributes
RAM              0x0000000020000000 0x0000000000050000 xrw
FLASH            0x0000000008000000 0x0000000000100000 xr
*default*        0x0000000000000000 0xffffffffffffffff

Linker script and memory map

LOAD c:/st/stm32cubeide_1.12.0/stm32cubeide/plugins/com.st.stm32cube.ide.mcu.externaltools.gnu-tools-for-stm32.10.3-2021.10.win32_1.0.200.202301161003/tools/bin/../lib/gcc/arm-none-eabi/10.3.1/thumb/v7e-m+fp/hard/crti.o
LOAD c:/st/stm32cubeide_1.12.0/stm32cubeide/plugins/com.st.stm32cube.ide.mcu.externaltools.gnu-tools-for-stm32.10.3-2021.10.win32_1.0.200.202301161003/tools/bin/../lib/gcc/arm-none-eabi/10.3.1/thumb/v7e-m+fp/hard/crtbegin.o
LOAD c:/st/stm32cubeide_1.12.0/stm32cubeide/plugins/com.st.stm32cube.ide.mcu.externaltools.gnu-tools-for-stm32.10.3-2021.10.win32_1.0.200.202301161003/tools/bin/../lib/gcc/arm-none-eabi/10.3.1/../../../../arm-none-eabi/lib/thumb/v7e-m+fp/hard/crt0.o
LOAD ./Core/Src/ILI9341/ILI9341_GFX.o
LOAD ./Core/Src/ILI9341/ILI9341_STM32_Driver.o
LOAD ./Core/Src/gpio.o
LOAD ./Core/Src/led.o
LOAD ./Core/Src/main.o
LOAD ./Core/Src/moving_average.o
LOAD ./Core/Src/rcc.o
LOAD ./Core/Src/spi.o
LOAD ./Core/Src/stm32f7xx_hal_msp.o
LOAD ./Core/Src/stm32f7xx_it.o
LOAD ./Core/Src/syscalls.o
LOAD ./Core/Src/sysmem.o
LOAD ./Core/Src/system_stm32f7xx.o
LOAD ./Core/Src/tim.o
LOAD ./Core/Src/uart.o
LOAD ./Core/Startup/startup_stm32f746zgtx.o
LOAD ./Drivers/STM32F7xx_HAL_Driver/Src/stm32f7xx_hal.o
LOAD ./Drivers/STM32F7xx_HAL_Driver/Src/stm32f7xx_hal_cortex.o
LOAD ./Drivers/STM32F7xx_HAL_Driver/Src/stm32f7xx_hal_dma.o
LOAD ./Drivers/STM32F7xx_HAL_Driver/Src/stm32f7xx_hal_dma_ex.o
LOAD ./Drivers/STM32F7xx_HAL_Driver/Src/stm32f7xx_hal_exti.o
LOAD ./Drivers/STM32F7xx_HAL_Driver/Src/stm32f7xx_hal_flash.o
LOAD ./Drivers/STM32F7xx_HAL_Driver/Src/stm32f7xx_hal_flash_ex.o
LOAD ./Drivers/STM32F7xx_HAL_Driver/Src/stm32f7xx_hal_gpio.o
LOAD ./Drivers/STM32F7xx_HAL_Driver/Src/stm32f7xx_hal_i2c.o
LOAD ./Drivers/STM32F7xx_HAL_Driver/Src/stm32f7xx_hal_i2c_ex.o
LOAD ./Drivers/STM32F7xx_HAL_Driver/Src/stm32f7xx_hal_i2s.o
LOAD ./Drivers/STM32F7xx_HAL_Driver/Src/stm32f7xx_hal_pwr.o
LOAD ./Drivers/STM32F7xx_HAL_Driver/Src/stm32f7xx_hal_pwr_ex.o
LOAD ./Drivers/STM32F7xx_HAL_Driver/Src/stm32f7xx_hal_rcc.o
LOAD ./Drivers/STM32F7xx_HAL_Driver/Src/stm32f7xx_hal_rcc_ex.o
LOAD ./Drivers/STM32F7xx_HAL_Driver/Src/stm32f7xx_hal_spi.o
LOAD ./Drivers/STM32F7xx_HAL_Driver/Src/stm32f7xx_hal_spi_ex.o
LOAD ./Drivers/STM32F7xx_HAL_Driver/Src/stm32f7xx_hal_tim.o
LOAD ./Drivers/STM32F7xx_HAL_Driver/Src/stm32f7xx_hal_tim_ex.o
LOAD ./Drivers/STM32F7xx_HAL_Driver/Src/stm32f7xx_hal_uart.o
LOAD ./Drivers/STM32F7xx_HAL_Driver/Src/stm32f7xx_hal_uart_ex.o
LOAD C:\Users\ripst\Desktop\stm32_f746_spectrum_analyzer\STM32F7_Audio_Spectrum_Analyser\Lib\libarm_cortexM7lfsp_math.a
START GROUP
LOAD c:/st/stm32cubeide_1.12.0/stm32cubeide/plugins/com.st.stm32cube.ide.mcu.externaltools.gnu-tools-for-stm32.10.3-2021.10.win32_1.0.200.202301161003/tools/bin/../lib/gcc/arm-none-eabi/10.3.1/../../../../arm-none-eabi/lib/thumb/v7e-m+fp/hard\libc_nano.a
LOAD c:/st/stm32cubeide_1.12.0/stm32cubeide/plugins/com.st.stm32cube.ide.mcu.externaltools.gnu-tools-for-stm32.10.3-2021.10.win32_1.0.200.202301161003/tools/bin/../lib/gcc/arm-none-eabi/10.3.1/../../../../arm-none-eabi/lib/thumb/v7e-m+fp/hard\libm.a
END GROUP
START GROUP
LOAD c:/st/stm32cubeide_1.12.0/stm32cubeide/plugins/com.st.stm32cube.ide.mcu.externaltools.gnu-tools-for-stm32.10.3-2021.10.win32_1.0.200.202301161003/tools/bin/../lib/gcc/arm-none-eabi/10.3.1/thumb/v7e-m+fp/hard\libgcc.a
LOAD c:/st/stm32cubeide_1.12.0/stm32cubeide/plugins/com.st.stm32cube.ide.mcu.externaltools.gnu-tools-for-stm32.10.3-2021.10.win32_1.0.200.202301161003/tools/bin/../lib/gcc/arm-none-eabi/10.3.1/../../../../arm-none-eabi/lib/thumb/v7e-m+fp/hard\libc_nano.a
END GROUP
START GROUP
LOAD c:/st/stm32cubeide_1.12.0/stm32cubeide/plugins/com.st.stm32cube.ide.mcu.externaltools.gnu-tools-for-stm32.10.3-2021.10.win32_1.0.200.202301161003/tools/bin/../lib/gcc/arm-none-eabi/10.3.1/thumb/v7e-m+fp/hard\libgcc.a
LOAD c:/st/stm32cubeide_1.12.0/stm32cubeide/plugins/com.st.stm32cube.ide.mcu.externaltools.gnu-tools-for-stm32.10.3-2021.10.win32_1.0.200.202301161003/tools/bin/../lib/gcc/arm-none-eabi/10.3.1/../../../../arm-none-eabi/lib/thumb/v7e-m+fp/hard\libc_nano.a
LOAD c:/st/stm32cubeide_1.12.0/stm32cubeide/plugins/com.st.stm32cube.ide.mcu.externaltools.gnu-tools-for-stm32.10.3-2021.10.win32_1.0.200.202301161003/tools/bin/../lib/gcc/arm-none-eabi/10.3.1/../../../../arm-none-eabi/lib/thumb/v7e-m+fp/hard\libnosys.a
END GROUP
START GROUP
LOAD c:/st/stm32cubeide_1.12.0/stm32cubeide/plugins/com.st.stm32cube.ide.mcu.externaltools.gnu-tools-for-stm32.10.3-2021.10.win32_1.0.200.202301161003/tools/bin/../lib/gcc/arm-none-eabi/10.3.1/thumb/v7e-m+fp/hard\libgcc.a
LOAD c:/st/stm32cubeide_1.12.0/stm32cubeide/plugins/com.st.stm32cube.ide.mcu.externaltools.gnu-tools-for-stm32.10.3-2021.10.win32_1.0.200.202301161003/tools/bin/../lib/gcc/arm-none-eabi/10.3.1/../../../../arm-none-eabi/lib/thumb/v7e-m+fp/hard\libc_nano.a
LOAD c:/st/stm32cubeide_1.12.0/stm32cubeide/plugins/com.st.stm32cube.ide.mcu.externaltools.gnu-tools-for-stm32.10.3-2021.10.win32_1.0.200.202301161003/tools/bin/../lib/gcc/arm-none-eabi/10.3.1/../../../../arm-none-eabi/lib/thumb/v7e-m+fp/hard\libnosys.a
END GROUP
LOAD c:/st/stm32cubeide_1.12.0/stm32cubeide/plugins/com.st.stm32cube.ide.mcu.externaltools.gnu-tools-for-stm32.10.3-2021.10.win32_1.0.200.202301161003/tools/bin/../lib/gcc/arm-none-eabi/10.3.1/thumb/v7e-m+fp/hard/crtend.o
LOAD c:/st/stm32cubeide_1.12.0/stm32cubeide/plugins/com.st.stm32cube.ide.mcu.externaltools.gnu-tools-for-stm32.10.3-2021.10.win32_1.0.200.202301161003/tools/bin/../lib/gcc/arm-none-eabi/10.3.1/thumb/v7e-m+fp/hard/crtn.o
                0x0000000020050000                _estack = (ORIGIN (RAM) + LENGTH (RAM))
                0x0000000000000200                _Min_Heap_Size = 0x200
                0x0000000000000400                _Min_Stack_Size = 0x400

.isr_vector     0x0000000008000000      0x1c8
                0x0000000008000000                . = ALIGN (0x4)
 *(.isr_vector)
 .isr_vector    0x0000000008000000      0x1c8 ./Core/Startup/startup_stm32f746zgtx.o
                0x0000000008000000                g_pfnVectors
                0x00000000080001c8                . = ALIGN (0x4)

.text           0x00000000080001d0     0x8a08
                0x00000000080001d0                . = ALIGN (0x4)
 *(.text)
 .text          0x00000000080001d0       0x40 c:/st/stm32cubeide_1.12.0/stm32cubeide/plugins/com.st.stm32cube.ide.mcu.externaltools.gnu-tools-for-stm32.10.3-2021.10.win32_1.0.200.202301161003/tools/bin/../lib/gcc/arm-none-eabi/10.3.1/thumb/v7e-m+fp/hard/crtbegin.o
 .text          0x0000000008000210       0xc0 C:\Users\ripst\Desktop\stm32_f746_spectrum_analyzer\STM32F7_Audio_Spectrum_Analyser\Lib\libarm_cortexM7lfsp_math.a(arm_bitreversal2.o)
                0x0000000008000210                arm_bitreversal_32
                0x000000000800027a                arm_bitreversal_16
 .text          0x00000000080002d0       0x10 c:/st/stm32cubeide_1.12.0/stm32cubeide/plugins/com.st.stm32cube.ide.mcu.externaltools.gnu-tools-for-stm32.10.3-2021.10.win32_1.0.200.202301161003/tools/bin/../lib/gcc/arm-none-eabi/10.3.1/../../../../arm-none-eabi/lib/thumb/v7e-m+fp/hard\libc_nano.a(lib_a-strlen.o)
                0x00000000080002d0                strlen
 .text          0x00000000080002e0       0xa0 c:/st/stm32cubeide_1.12.0/stm32cubeide/plugins/com.st.stm32cube.ide.mcu.externaltools.gnu-tools-for-stm32.10.3-2021.10.win32_1.0.200.202301161003/tools/bin/../lib/gcc/arm-none-eabi/10.3.1/../../../../arm-none-eabi/lib/thumb/v7e-m+fp/hard\libc_nano.a(lib_a-memchr.o)
                0x00000000080002e0                memchr
 .text          0x0000000008000380      0x378 c:/st/stm32cubeide_1.12.0/stm32cubeide/plugins/com.st.stm32cube.ide.mcu.externaltools.gnu-tools-for-stm32.10.3-2021.10.win32_1.0.200.202301161003/tools/bin/../lib/gcc/arm-none-eabi/10.3.1/thumb/v7e-m+fp/hard\libgcc.a(_arm_addsubdf3.o)
                0x0000000008000380                __aeabi_drsub
                0x0000000008000388                __aeabi_dsub
                0x0000000008000388                __subdf3
                0x000000000800038c                __aeabi_dadd
                0x000000000800038c                __adddf3
                0x0000000008000604                __floatunsidf
                0x0000000008000604                __aeabi_ui2d
                0x0000000008000624                __floatsidf
                0x0000000008000624                __aeabi_i2d
                0x0000000008000648                __aeabi_f2d
                0x0000000008000648                __extendsfdf2
                0x000000000800068c                __floatundidf
                0x000000000800068c                __aeabi_ul2d
                0x000000000800069c                __floatdidf
                0x000000000800069c                __aeabi_l2d
 .text          0x00000000080006f8      0x424 c:/st/stm32cubeide_1.12.0/stm32cubeide/plugins/com.st.stm32cube.ide.mcu.externaltools.gnu-tools-for-stm32.10.3-2021.10.win32_1.0.200.202301161003/tools/bin/../lib/gcc/arm-none-eabi/10.3.1/thumb/v7e-m+fp/hard\libgcc.a(_arm_muldivdf3.o)
                0x00000000080006f8                __aeabi_dmul
                0x00000000080006f8                __muldf3
                0x000000000800094c                __divdf3
                0x000000000800094c                __aeabi_ddiv
 .text          0x0000000008000b1c      0x110 c:/st/stm32cubeide_1.12.0/stm32cubeide/plugins/com.st.stm32cube.ide.mcu.externaltools.gnu-tools-for-stm32.10.3-2021.10.win32_1.0.200.202301161003/tools/bin/../lib/gcc/arm-none-eabi/10.3.1/thumb/v7e-m+fp/hard\libgcc.a(_arm_cmpdf2.o)
                0x0000000008000b1c                __gtdf2
                0x0000000008000b1c                __gedf2
                0x0000000008000b24                __ltdf2
                0x0000000008000b24                __ledf2
                0x0000000008000b2c                __nedf2
                0x0000000008000b2c                __eqdf2
                0x0000000008000b2c                __cmpdf2
                0x0000000008000ba8                __aeabi_cdrcmple
                0x0000000008000bb8                __aeabi_cdcmpeq
                0x0000000008000bb8                __aeabi_cdcmple
                0x0000000008000bc8                __aeabi_dcmpeq
                0x0000000008000bdc                __aeabi_dcmplt
                0x0000000008000bf0                __aeabi_dcmple
                0x0000000008000c04                __aeabi_dcmpge
                0x0000000008000c18                __aeabi_dcmpgt
 .text          0x0000000008000c2c       0x2c c:/st/stm32cubeide_1.12.0/stm32cubeide/plugins/com.st.stm32cube.ide.mcu.externaltools.gnu-tools-for-stm32.10.3-2021.10.win32_1.0.200.202301161003/tools/bin/../lib/gcc/arm-none-eabi/10.3.1/thumb/v7e-m+fp/hard\libgcc.a(_arm_unorddf2.o)
                0x0000000008000c2c                __unorddf2
                0x0000000008000c2c                __aeabi_dcmpun
 .text          0x0000000008000c58       0x50 c:/st/stm32cubeide_1.12.0/stm32cubeide/plugins/com.st.stm32cube.ide.mcu.externaltools.gnu-tools-for-stm32.10.3-2021.10.win32_1.0.200.202301161003/tools/bin/../lib/gcc/arm-none-eabi/10.3.1/thumb/v7e-m+fp/hard\libgcc.a(_arm_fixdfsi.o)
                0x0000000008000c58                __aeabi_d2iz
                0x0000000008000c58                __fixdfsi
 .text          0x0000000008000ca8       0x30 c:/st/stm32cubeide_1.12.0/stm32cubeide/plugins/com.st.stm32cube.ide.mcu.externaltools.gnu-tools-for-stm32.10.3-2021.10.win32_1.0.200.202301161003/tools/bin/../lib/gcc/arm-none-eabi/10.3.1/thumb/v7e-m+fp/hard\libgcc.a(_aeabi_uldivmod.o)
                0x0000000008000ca8                __aeabi_uldivmod
 .text          0x0000000008000cd8      0x2d0 c:/st/stm32cubeide_1.12.0/stm32cubeide/plugins/com.st.stm32cube.ide.mcu.externaltools.gnu-tools-for-stm32.10.3-2021.10.win32_1.0.200.202301161003/tools/bin/../lib/gcc/arm-none-eabi/10.3.1/thumb/v7e-m+fp/hard\libgcc.a(_udivmoddi4.o)
                0x0000000008000cd8                __udivmoddi4
 .text          0x0000000008000fa8        0x4 c:/st/stm32cubeide_1.12.0/stm32cubeide/plugins/com.st.stm32cube.ide.mcu.externaltools.gnu-tools-for-stm32.10.3-2021.10.win32_1.0.200.202301161003/tools/bin/../lib/gcc/arm-none-eabi/10.3.1/thumb/v7e-m+fp/hard\libgcc.a(_dvmd_tls.o)
                0x0000000008000fa8                __aeabi_idiv0
                0x0000000008000fa8                __aeabi_ldiv0
 *(.text*)
 .text.ILI9341_Draw_Char
                0x0000000008000fac       0xc4 ./Core/Src/ILI9341/ILI9341_GFX.o
                0x0000000008000fac                ILI9341_Draw_Char
 .text.ILI9341_Draw_Text
                0x0000000008001070       0x46 ./Core/Src/ILI9341/ILI9341_GFX.o
                0x0000000008001070                ILI9341_Draw_Text
 *fill*         0x00000000080010b6        0x2 
 .text.ILI9341_SPI_Init
                0x00000000080010b8       0x1c ./Core/Src/ILI9341/ILI9341_STM32_Driver.o
                0x00000000080010b8                ILI9341_SPI_Init
 .text.ILI9341_SPI_Send
                0x00000000080010d4       0x20 ./Core/Src/ILI9341/ILI9341_STM32_Driver.o
                0x00000000080010d4                ILI9341_SPI_Send
 .text.ILI9341_Write_Command
                0x00000000080010f4       0x38 ./Core/Src/ILI9341/ILI9341_STM32_Driver.o
                0x00000000080010f4                ILI9341_Write_Command
 .text.ILI9341_Write_Data
                0x000000000800112c       0x38 ./Core/Src/ILI9341/ILI9341_STM32_Driver.o
                0x000000000800112c                ILI9341_Write_Data
 .text.ILI9341_Set_Address
                0x0000000008001164       0x4e ./Core/Src/ILI9341/ILI9341_STM32_Driver.o
                0x0000000008001164                ILI9341_Set_Address
 *fill*         0x00000000080011b2        0x2 
 .text.ILI9341_Reset
                0x00000000080011b4       0x3c ./Core/Src/ILI9341/ILI9341_STM32_Driver.o
                0x00000000080011b4                ILI9341_Reset
 .text.ILI9341_Set_Rotation
                0x00000000080011f0       0x7c ./Core/Src/ILI9341/ILI9341_STM32_Driver.o
                0x00000000080011f0                ILI9341_Set_Rotation
 .text.ILI9341_Enable
                0x000000000800126c       0x14 ./Core/Src/ILI9341/ILI9341_STM32_Driver.o
                0x000000000800126c                ILI9341_Enable
 .text.ILI9341_Init
                0x0000000008001280      0x216 ./Core/Src/ILI9341/ILI9341_STM32_Driver.o
                0x0000000008001280                ILI9341_Init
 *fill*         0x0000000008001496        0x2 
 .text.ILI9341_Draw_Colour_Burst
                0x0000000008001498       0xd8 ./Core/Src/ILI9341/ILI9341_STM32_Driver.o
                0x0000000008001498                ILI9341_Draw_Colour_Burst
 .text.ILI9341_Fill_Screen
                0x0000000008001570       0x34 ./Core/Src/ILI9341/ILI9341_STM32_Driver.o
                0x0000000008001570                ILI9341_Fill_Screen
 .text.ILI9341_Draw_Pixel
                0x00000000080015a4      0x188 ./Core/Src/ILI9341/ILI9341_STM32_Driver.o
                0x00000000080015a4                ILI9341_Draw_Pixel
 .text.ILI9341_Draw_Rectangle
                0x000000000800172c       0x68 ./Core/Src/ILI9341/ILI9341_STM32_Driver.o
                0x000000000800172c                ILI9341_Draw_Rectangle
 .text.MX_GPIO_Init
                0x0000000008001794       0xa0 ./Core/Src/gpio.o
                0x0000000008001794                MX_GPIO_Init
 .text.user_leds_init
                0x0000000008001834       0x48 ./Core/Src/led.o
                0x0000000008001834                user_leds_init
 .text.led_toggle
                0x000000000800187c       0x10 ./Core/Src/led.o
                0x000000000800187c                led_toggle
 .text.led_on   0x000000000800188c       0x10 ./Core/Src/led.o
                0x000000000800188c                led_on
 .text.PeriphCommonClock_Config
                0x000000000800189c       0x32 ./Core/Src/main.o
                0x000000000800189c                PeriphCommonClock_Config
 *fill*         0x00000000080018ce        0x2 
 .text.DoFFT    0x00000000080018d0      0x254 ./Core/Src/main.o
                0x00000000080018d0                DoFFT
 .text.HAL_I2S_RxHalfCpltCallback
                0x0000000008001b24       0x14 ./Core/Src/main.o
                0x0000000008001b24                HAL_I2S_RxHalfCpltCallback
 .text.HAL_I2S_RxCpltCallback
                0x0000000008001b38       0x18 ./Core/Src/main.o
                0x0000000008001b38                HAL_I2S_RxCpltCallback
 .text.SystemClock_Config
                0x0000000008001b50       0xa8 ./Core/Src/main.o
                0x0000000008001b50                SystemClock_Config
 .text.main     0x0000000008001bf8      0x20c ./Core/Src/main.o
                0x0000000008001bf8                main
 .text._write   0x0000000008001e04       0x18 ./Core/Src/main.o
                0x0000000008001e04                _write
 .text.Error_Handler
                0x0000000008001e1c        0x4 ./Core/Src/main.o
                0x0000000008001e1c                Error_Handler
 .text.MX_SPI5_Init
                0x0000000008001e20       0x48 ./Core/Src/spi.o
                0x0000000008001e20                MX_SPI5_Init
 .text.HAL_SPI_MspInit
                0x0000000008001e68       0x6c ./Core/Src/spi.o
                0x0000000008001e68                HAL_SPI_MspInit
 .text.HAL_MspInit
                0x0000000008001ed4       0x30 ./Core/Src/stm32f7xx_hal_msp.o
                0x0000000008001ed4                HAL_MspInit
 .text.HAL_I2S_MspInit
                0x0000000008001f04      0x108 ./Core/Src/stm32f7xx_hal_msp.o
                0x0000000008001f04                HAL_I2S_MspInit
 .text.HAL_UART_MspInit
                0x000000000800200c       0x8c ./Core/Src/stm32f7xx_hal_msp.o
                0x000000000800200c                HAL_UART_MspInit
 .text.NMI_Handler
                0x0000000008002098        0x2 ./Core/Src/stm32f7xx_it.o
                0x0000000008002098                NMI_Handler
 .text.HardFault_Handler
                0x000000000800209a        0x2 ./Core/Src/stm32f7xx_it.o
                0x000000000800209a                HardFault_Handler
 .text.MemManage_Handler
                0x000000000800209c        0x2 ./Core/Src/stm32f7xx_it.o
                0x000000000800209c                MemManage_Handler
 .text.BusFault_Handler
                0x000000000800209e        0x2 ./Core/Src/stm32f7xx_it.o
                0x000000000800209e                BusFault_Handler
 .text.UsageFault_Handler
                0x00000000080020a0        0x2 ./Core/Src/stm32f7xx_it.o
                0x00000000080020a0                UsageFault_Handler
 .text.SVC_Handler
                0x00000000080020a2        0x2 ./Core/Src/stm32f7xx_it.o
                0x00000000080020a2                SVC_Handler
 .text.DebugMon_Handler
                0x00000000080020a4        0x2 ./Core/Src/stm32f7xx_it.o
                0x00000000080020a4                DebugMon_Handler
 .text.PendSV_Handler
                0x00000000080020a6        0x2 ./Core/Src/stm32f7xx_it.o
                0x00000000080020a6                PendSV_Handler
 .text.SysTick_Handler
                0x00000000080020a8        0x8 ./Core/Src/stm32f7xx_it.o
                0x00000000080020a8                SysTick_Handler
 .text.DMA1_Stream3_IRQHandler
                0x00000000080020b0       0x10 ./Core/Src/stm32f7xx_it.o
                0x00000000080020b0                DMA1_Stream3_IRQHandler
 .text._getpid  0x00000000080020c0        0x4 ./Core/Src/syscalls.o
                0x00000000080020c0                _getpid
 .text._kill    0x00000000080020c4       0x10 ./Core/Src/syscalls.o
                0x00000000080020c4                _kill
 .text._exit    0x00000000080020d4        0xc ./Core/Src/syscalls.o
                0x00000000080020d4                _exit
 .text._read    0x00000000080020e0       0x1a ./Core/Src/syscalls.o
                0x00000000080020e0                _read
 .text._close   0x00000000080020fa        0x6 ./Core/Src/syscalls.o
                0x00000000080020fa                _close
 .text._fstat   0x0000000008002100        0xa ./Core/Src/syscalls.o
                0x0000000008002100                _fstat
 .text._isatty  0x000000000800210a        0x4 ./Core/Src/syscalls.o
                0x000000000800210a                _isatty
 .text._lseek   0x000000000800210e        0x4 ./Core/Src/syscalls.o
                0x000000000800210e                _lseek
 *fill*         0x0000000008002112        0x2 
 .text._sbrk    0x0000000008002114       0x48 ./Core/Src/sysmem.o
                0x0000000008002114                _sbrk
 .text.SystemInit
                0x000000000800215c       0x14 ./Core/Src/system_stm32f7xx.o
                0x000000000800215c                SystemInit
 .text.MX_TIM1_Init
                0x0000000008002170       0x7c ./Core/Src/tim.o
                0x0000000008002170                MX_TIM1_Init
 .text.HAL_TIM_Base_MspInit
                0x00000000080021ec       0x2c ./Core/Src/tim.o
                0x00000000080021ec                HAL_TIM_Base_MspInit
 .text.Reset_Handler
                0x0000000008002218       0x50 ./Core/Startup/startup_stm32f746zgtx.o
                0x0000000008002218                Reset_Handler
 .text.Default_Handler
                0x0000000008002268        0x2 ./Core/Startup/startup_stm32f746zgtx.o
                0x0000000008002268                RTC_Alarm_IRQHandler
                0x0000000008002268                EXTI2_IRQHandler
                0x0000000008002268                TIM8_CC_IRQHandler
                0x0000000008002268                UART8_IRQHandler
                0x0000000008002268                SPI4_IRQHandler
                0x0000000008002268                TIM1_CC_IRQHandler
                0x0000000008002268                DMA2_Stream5_IRQHandler
                0x0000000008002268                DMA1_Stream5_IRQHandler
                0x0000000008002268                PVD_IRQHandler
                0x0000000008002268                TAMP_STAMP_IRQHandler
                0x0000000008002268                CAN2_RX1_IRQHandler
                0x0000000008002268                EXTI3_IRQHandler
                0x0000000008002268                TIM8_TRG_COM_TIM14_IRQHandler
                0x0000000008002268                TIM1_UP_TIM10_IRQHandler
                0x0000000008002268                TIM8_UP_TIM13_IRQHandler
                0x0000000008002268                I2C3_ER_IRQHandler
                0x0000000008002268                EXTI0_IRQHandler
                0x0000000008002268                I2C2_EV_IRQHandler
                0x0000000008002268                DMA1_Stream2_IRQHandler
                0x0000000008002268                CAN1_RX0_IRQHandler
                0x0000000008002268                FPU_IRQHandler
                0x0000000008002268                OTG_HS_WKUP_IRQHandler
                0x0000000008002268                LTDC_ER_IRQHandler
                0x0000000008002268                CAN2_SCE_IRQHandler
                0x0000000008002268                DMA2_Stream2_IRQHandler
                0x0000000008002268                SPI1_IRQHandler
                0x0000000008002268                TIM6_DAC_IRQHandler
                0x0000000008002268                TIM1_BRK_TIM9_IRQHandler
                0x0000000008002268                DCMI_IRQHandler
                0x0000000008002268                CAN2_RX0_IRQHandler
                0x0000000008002268                DMA2_Stream3_IRQHandler
                0x0000000008002268                SAI2_IRQHandler
                0x0000000008002268                USART6_IRQHandler
                0x0000000008002268                USART3_IRQHandler
                0x0000000008002268                CAN1_RX1_IRQHandler
                0x0000000008002268                UART5_IRQHandler
                0x0000000008002268                DMA2_Stream0_IRQHandler
                0x0000000008002268                TIM4_IRQHandler
                0x0000000008002268                QUADSPI_IRQHandler
                0x0000000008002268                I2C1_EV_IRQHandler
                0x0000000008002268                DMA1_Stream6_IRQHandler
                0x0000000008002268                DMA1_Stream1_IRQHandler
                0x0000000008002268                UART4_IRQHandler
                0x0000000008002268                TIM3_IRQHandler
                0x0000000008002268                RCC_IRQHandler
                0x0000000008002268                TIM8_BRK_TIM12_IRQHandler
                0x0000000008002268                Default_Handler
                0x0000000008002268                CEC_IRQHandler
                0x0000000008002268                EXTI15_10_IRQHandler
                0x0000000008002268                ADC_IRQHandler
                0x0000000008002268                DMA1_Stream7_IRQHandler
                0x0000000008002268                SPI5_IRQHandler
                0x0000000008002268                TIM7_IRQHandler
                0x0000000008002268                SDMMC1_IRQHandler
                0x0000000008002268                CAN2_TX_IRQHandler
                0x0000000008002268                TIM5_IRQHandler
                0x0000000008002268                DMA2_Stream7_IRQHandler
                0x0000000008002268                I2C3_EV_IRQHandler
                0x0000000008002268                EXTI9_5_IRQHandler
                0x0000000008002268                RTC_WKUP_IRQHandler
                0x0000000008002268                LTDC_IRQHandler
                0x0000000008002268                ETH_WKUP_IRQHandler
                0x0000000008002268                SPDIF_RX_IRQHandler
                0x0000000008002268                SPI2_IRQHandler
                0x0000000008002268                OTG_HS_EP1_IN_IRQHandler
                0x0000000008002268                DMA1_Stream0_IRQHandler
                0x0000000008002268                CAN1_TX_IRQHandler
                0x0000000008002268                EXTI4_IRQHandler
                0x0000000008002268                RNG_IRQHandler
                0x0000000008002268                ETH_IRQHandler
                0x0000000008002268                OTG_HS_EP1_OUT_IRQHandler
                0x0000000008002268                WWDG_IRQHandler
                0x0000000008002268                SPI6_IRQHandler
                0x0000000008002268                I2C4_EV_IRQHandler
                0x0000000008002268                TIM2_IRQHandler
                0x0000000008002268                OTG_FS_WKUP_IRQHandler
                0x0000000008002268                TIM1_TRG_COM_TIM11_IRQHandler
                0x0000000008002268                OTG_HS_IRQHandler
                0x0000000008002268                DMA2D_IRQHandler
                0x0000000008002268                EXTI1_IRQHandler
                0x0000000008002268                UART7_IRQHandler
                0x0000000008002268                USART2_IRQHandler
                0x0000000008002268                I2C2_ER_IRQHandler
                0x0000000008002268                DMA2_Stream1_IRQHandler
                0x0000000008002268                CAN1_SCE_IRQHandler
                0x0000000008002268                FLASH_IRQHandler
                0x0000000008002268                DMA2_Stream4_IRQHandler
                0x0000000008002268                USART1_IRQHandler
                0x0000000008002268                OTG_FS_IRQHandler
                0x0000000008002268                SPI3_IRQHandler
                0x0000000008002268                DMA1_Stream4_IRQHandler
                0x0000000008002268                I2C1_ER_IRQHandler
                0x0000000008002268                FMC_IRQHandler
                0x0000000008002268                LPTIM1_IRQHandler
                0x0000000008002268                I2C4_ER_IRQHandler
                0x0000000008002268                DMA2_Stream6_IRQHandler
                0x0000000008002268                SAI1_IRQHandler
 *fill*         0x000000000800226a        0x2 
 .text.HAL_InitTick
                0x000000000800226c       0x48 ./Drivers/STM32F7xx_HAL_Driver/Src/stm32f7xx_hal.o
                0x000000000800226c                HAL_InitTick
 .text.HAL_Init
                0x00000000080022b4       0x2c ./Drivers/STM32F7xx_HAL_Driver/Src/stm32f7xx_hal.o
                0x00000000080022b4                HAL_Init
 .text.HAL_IncTick
                0x00000000080022e0       0x18 ./Drivers/STM32F7xx_HAL_Driver/Src/stm32f7xx_hal.o
                0x00000000080022e0                HAL_IncTick
 .text.HAL_GetTick
                0x00000000080022f8        0xc ./Drivers/STM32F7xx_HAL_Driver/Src/stm32f7xx_hal.o
                0x00000000080022f8                HAL_GetTick
 .text.HAL_Delay
                0x0000000008002304       0x28 ./Drivers/STM32F7xx_HAL_Driver/Src/stm32f7xx_hal.o
                0x0000000008002304                HAL_Delay
 .text.HAL_NVIC_SetPriorityGrouping
                0x000000000800232c       0x24 ./Drivers/STM32F7xx_HAL_Driver/Src/stm32f7xx_hal_cortex.o
                0x000000000800232c                HAL_NVIC_SetPriorityGrouping
 .text.HAL_NVIC_SetPriority
                0x0000000008002350       0x68 ./Drivers/STM32F7xx_HAL_Driver/Src/stm32f7xx_hal_cortex.o
                0x0000000008002350                HAL_NVIC_SetPriority
 .text.HAL_NVIC_EnableIRQ
                0x00000000080023b8       0x1c ./Drivers/STM32F7xx_HAL_Driver/Src/stm32f7xx_hal_cortex.o
                0x00000000080023b8                HAL_NVIC_EnableIRQ
 .text.HAL_SYSTICK_Config
                0x00000000080023d4       0x28 ./Drivers/STM32F7xx_HAL_Driver/Src/stm32f7xx_hal_cortex.o
                0x00000000080023d4                HAL_SYSTICK_Config
 .text.DMA_CalcBaseAndBitshift
                0x00000000080023fc       0x38 ./Drivers/STM32F7xx_HAL_Driver/Src/stm32f7xx_hal_dma.o
 .text.HAL_DMA_Init
                0x0000000008002434      0x130 ./Drivers/STM32F7xx_HAL_Driver/Src/stm32f7xx_hal_dma.o
                0x0000000008002434                HAL_DMA_Init
 .text.HAL_DMA_Start_IT
                0x0000000008002564       0x9c ./Drivers/STM32F7xx_HAL_Driver/Src/stm32f7xx_hal_dma.o
                0x0000000008002564                HAL_DMA_Start_IT
 .text.HAL_DMA_IRQHandler
                0x0000000008002600      0x1dc ./Drivers/STM32F7xx_HAL_Driver/Src/stm32f7xx_hal_dma.o
                0x0000000008002600                HAL_DMA_IRQHandler
 .text.HAL_GPIO_Init
                0x00000000080027dc      0x264 ./Drivers/STM32F7xx_HAL_Driver/Src/stm32f7xx_hal_gpio.o
                0x00000000080027dc                HAL_GPIO_Init
 .text.HAL_GPIO_WritePin
                0x0000000008002a40        0xc ./Drivers/STM32F7xx_HAL_Driver/Src/stm32f7xx_hal_gpio.o
                0x0000000008002a40                HAL_GPIO_WritePin
 .text.HAL_I2S_Init
                0x0000000008002a4c      0x15c ./Drivers/STM32F7xx_HAL_Driver/Src/stm32f7xx_hal_i2s.o
                0x0000000008002a4c                HAL_I2S_Init
 .text.HAL_I2S_Receive_DMA
                0x0000000008002ba8       0xfc ./Drivers/STM32F7xx_HAL_Driver/Src/stm32f7xx_hal_i2s.o
                0x0000000008002ba8                HAL_I2S_Receive_DMA
 .text.I2S_DMARxHalfCplt
                0x0000000008002ca4        0xa ./Drivers/STM32F7xx_HAL_Driver/Src/stm32f7xx_hal_i2s.o
 .text.I2S_DMARxCplt
                0x0000000008002cae       0x24 ./Drivers/STM32F7xx_HAL_Driver/Src/stm32f7xx_hal_i2s.o
 .text.HAL_I2S_ErrorCallback
                0x0000000008002cd2        0x2 ./Drivers/STM32F7xx_HAL_Driver/Src/stm32f7xx_hal_i2s.o
                0x0000000008002cd2                HAL_I2S_ErrorCallback
 .text.I2S_DMAError
                0x0000000008002cd4       0x28 ./Drivers/STM32F7xx_HAL_Driver/Src/stm32f7xx_hal_i2s.o
 .text.HAL_PWREx_EnableOverDrive
                0x0000000008002cfc       0x7c ./Drivers/STM32F7xx_HAL_Driver/Src/stm32f7xx_hal_pwr_ex.o
                0x0000000008002cfc                HAL_PWREx_EnableOverDrive
 .text.HAL_RCC_OscConfig
                0x0000000008002d78      0x438 ./Drivers/STM32F7xx_HAL_Driver/Src/stm32f7xx_hal_rcc.o
                0x0000000008002d78                HAL_RCC_OscConfig
 .text.HAL_RCC_GetSysClockFreq
                0x00000000080031b0       0xa4 ./Drivers/STM32F7xx_HAL_Driver/Src/stm32f7xx_hal_rcc.o
                0x00000000080031b0                HAL_RCC_GetSysClockFreq
 .text.HAL_RCC_ClockConfig
                0x0000000008003254      0x170 ./Drivers/STM32F7xx_HAL_Driver/Src/stm32f7xx_hal_rcc.o
                0x0000000008003254                HAL_RCC_ClockConfig
 .text.HAL_RCC_GetPCLK1Freq
                0x00000000080033c4       0x20 ./Drivers/STM32F7xx_HAL_Driver/Src/stm32f7xx_hal_rcc.o
                0x00000000080033c4                HAL_RCC_GetPCLK1Freq
 .text.HAL_RCC_GetPCLK2Freq
                0x00000000080033e4       0x20 ./Drivers/STM32F7xx_HAL_Driver/Src/stm32f7xx_hal_rcc.o
                0x00000000080033e4                HAL_RCC_GetPCLK2Freq
 .text.HAL_RCCEx_PeriphCLKConfig
                0x0000000008003404      0x5a0 ./Drivers/STM32F7xx_HAL_Driver/Src/stm32f7xx_hal_rcc_ex.o
                0x0000000008003404                HAL_RCCEx_PeriphCLKConfig
 .text.SPI_WaitFlagStateUntilTimeout
                0x00000000080039a4       0xdc ./Drivers/STM32F7xx_HAL_Driver/Src/stm32f7xx_hal_spi.o
 .text.SPI_WaitFifoStateUntilTimeout
                0x0000000008003a80       0xfc ./Drivers/STM32F7xx_HAL_Driver/Src/stm32f7xx_hal_spi.o
 .text.SPI_EndRxTxTransaction
                0x0000000008003b7c       0xa0 ./Drivers/STM32F7xx_HAL_Driver/Src/stm32f7xx_hal_spi.o
 .text.HAL_SPI_Init
                0x0000000008003c1c       0xe4 ./Drivers/STM32F7xx_HAL_Driver/Src/stm32f7xx_hal_spi.o
                0x0000000008003c1c                HAL_SPI_Init
 .text.HAL_SPI_Transmit
                0x0000000008003d00      0x1f2 ./Drivers/STM32F7xx_HAL_Driver/Src/stm32f7xx_hal_spi.o
                0x0000000008003d00                HAL_SPI_Transmit
 *fill*         0x0000000008003ef2        0x2 
 .text.TIM_Base_SetConfig
                0x0000000008003ef4       0xe8 ./Drivers/STM32F7xx_HAL_Driver/Src/stm32f7xx_hal_tim.o
                0x0000000008003ef4                TIM_Base_SetConfig
 .text.HAL_TIM_Base_Init
                0x0000000008003fdc       0x60 ./Drivers/STM32F7xx_HAL_Driver/Src/stm32f7xx_hal_tim.o
                0x0000000008003fdc                HAL_TIM_Base_Init
 .text.TIM_ETR_SetConfig
                0x000000000800403c       0x1a ./Drivers/STM32F7xx_HAL_Driver/Src/stm32f7xx_hal_tim.o
                0x000000000800403c                TIM_ETR_SetConfig
 *fill*         0x0000000008004056        0x2 
 .text.HAL_TIM_ConfigClockSource
                0x0000000008004058      0x16c ./Drivers/STM32F7xx_HAL_Driver/Src/stm32f7xx_hal_tim.o
                0x0000000008004058                HAL_TIM_ConfigClockSource
 .text.HAL_TIMEx_MasterConfigSynchronization
                0x00000000080041c4       0xbc ./Drivers/STM32F7xx_HAL_Driver/Src/stm32f7xx_hal_tim_ex.o
                0x00000000080041c4                HAL_TIMEx_MasterConfigSynchronization
 .text.UART_SetConfig
                0x0000000008004280      0x380 ./Drivers/STM32F7xx_HAL_Driver/Src/stm32f7xx_hal_uart.o
                0x0000000008004280                UART_SetConfig
 .text.UART_AdvFeatureConfig
                0x0000000008004600       0xca ./Drivers/STM32F7xx_HAL_Driver/Src/stm32f7xx_hal_uart.o
                0x0000000008004600                UART_AdvFeatureConfig
 .text.UART_WaitOnFlagUntilTimeout
                0x00000000080046ca       0xe2 ./Drivers/STM32F7xx_HAL_Driver/Src/stm32f7xx_hal_uart.o
                0x00000000080046ca                UART_WaitOnFlagUntilTimeout
 .text.HAL_UART_Transmit
                0x00000000080047ac       0xca ./Drivers/STM32F7xx_HAL_Driver/Src/stm32f7xx_hal_uart.o
                0x00000000080047ac                HAL_UART_Transmit
 .text.UART_CheckIdleState
                0x0000000008004876       0x4c ./Drivers/STM32F7xx_HAL_Driver/Src/stm32f7xx_hal_uart.o
                0x0000000008004876                UART_CheckIdleState
 .text.HAL_UART_Init
                0x00000000080048c2       0x62 ./Drivers/STM32F7xx_HAL_Driver/Src/stm32f7xx_hal_uart.o
                0x00000000080048c2                HAL_UART_Init
 .text.arm_rfft_fast_init_f32
                0x0000000008004924      0x164 C:\Users\ripst\Desktop\stm32_f746_spectrum_analyzer\STM32F7_Audio_Spectrum_Analyser\Lib\libarm_cortexM7lfsp_math.a(arm_rfft_fast_init_f32.o)
                0x0000000008004924                arm_rfft_fast_init_f32
 .text.arm_rfft_fast_f32
                0x0000000008004a88      0x188 C:\Users\ripst\Desktop\stm32_f746_spectrum_analyzer\STM32F7_Audio_Spectrum_Analyser\Lib\libarm_cortexM7lfsp_math.a(arm_rfft_fast_f32.o)
                0x0000000008004a88                arm_rfft_fast_f32
 .text.arm_cfft_radix8by2_f32
                0x0000000008004c10      0x1a4 C:\Users\ripst\Desktop\stm32_f746_spectrum_analyzer\STM32F7_Audio_Spectrum_Analyser\Lib\libarm_cortexM7lfsp_math.a(arm_cfft_f32.o)
                0x0000000008004c10                arm_cfft_radix8by2_f32
 .text.arm_cfft_radix8by4_f32
                0x0000000008004db4      0x4b0 C:\Users\ripst\Desktop\stm32_f746_spectrum_analyzer\STM32F7_Audio_Spectrum_Analyser\Lib\libarm_cortexM7lfsp_math.a(arm_cfft_f32.o)
                0x0000000008004db4                arm_cfft_radix8by4_f32
 .text.arm_cfft_f32
                0x0000000008005264       0xf0 C:\Users\ripst\Desktop\stm32_f746_spectrum_analyzer\STM32F7_Audio_Spectrum_Analyser\Lib\libarm_cortexM7lfsp_math.a(arm_cfft_f32.o)
                0x0000000008005264                arm_cfft_f32
 .text.arm_radix8_butterfly_f32
                0x0000000008005354      0x5c0 C:\Users\ripst\Desktop\stm32_f746_spectrum_analyzer\STM32F7_Audio_Spectrum_Analyser\Lib\libarm_cortexM7lfsp_math.a(arm_cfft_radix8_f32.o)
                0x0000000008005354                arm_radix8_butterfly_f32
 .text.__errno  0x0000000008005914        0xc c:/st/stm32cubeide_1.12.0/stm32cubeide/plugins/com.st.stm32cube.ide.mcu.externaltools.gnu-tools-for-stm32.10.3-2021.10.win32_1.0.200.202301161003/tools/bin/../lib/gcc/arm-none-eabi/10.3.1/../../../../arm-none-eabi/lib/thumb/v7e-m+fp/hard\libc_nano.a(lib_a-errno.o)
                0x0000000008005914                __errno
 .text.__libc_init_array
                0x0000000008005920       0x48 c:/st/stm32cubeide_1.12.0/stm32cubeide/plugins/com.st.stm32cube.ide.mcu.externaltools.gnu-tools-for-stm32.10.3-2021.10.win32_1.0.200.202301161003/tools/bin/../lib/gcc/arm-none-eabi/10.3.1/../../../../arm-none-eabi/lib/thumb/v7e-m+fp/hard\libc_nano.a(lib_a-init.o)
                0x0000000008005920                __libc_init_array
 .text.memset   0x0000000008005968       0x10 c:/st/stm32cubeide_1.12.0/stm32cubeide/plugins/com.st.stm32cube.ide.mcu.externaltools.gnu-tools-for-stm32.10.3-2021.10.win32_1.0.200.202301161003/tools/bin/../lib/gcc/arm-none-eabi/10.3.1/../../../../arm-none-eabi/lib/thumb/v7e-m+fp/hard\libc_nano.a(lib_a-memset.o)
                0x0000000008005968                memset
 .text.__cvt    0x0000000008005978       0xc4 c:/st/stm32cubeide_1.12.0/stm32cubeide/plugins/com.st.stm32cube.ide.mcu.externaltools.gnu-tools-for-stm32.10.3-2021.10.win32_1.0.200.202301161003/tools/bin/../lib/gcc/arm-none-eabi/10.3.1/../../../../arm-none-eabi/lib/thumb/v7e-m+fp/hard\libc_nano.a(lib_a-nano-vfprintf_float.o)
                0x0000000008005978                __cvt
 .text.__exponent
                0x0000000008005a3c       0x7c c:/st/stm32cubeide_1.12.0/stm32cubeide/plugins/com.st.stm32cube.ide.mcu.externaltools.gnu-tools-for-stm32.10.3-2021.10.win32_1.0.200.202301161003/tools/bin/../lib/gcc/arm-none-eabi/10.3.1/../../../../arm-none-eabi/lib/thumb/v7e-m+fp/hard\libc_nano.a(lib_a-nano-vfprintf_float.o)
                0x0000000008005a3c                __exponent
 .text._printf_float
                0x0000000008005ab8      0x46c c:/st/stm32cubeide_1.12.0/stm32cubeide/plugins/com.st.stm32cube.ide.mcu.externaltools.gnu-tools-for-stm32.10.3-2021.10.win32_1.0.200.202301161003/tools/bin/../lib/gcc/arm-none-eabi/10.3.1/../../../../arm-none-eabi/lib/thumb/v7e-m+fp/hard\libc_nano.a(lib_a-nano-vfprintf_float.o)
                0x0000000008005ab8                _printf_float
 .text._printf_common
                0x0000000008005f24       0xda c:/st/stm32cubeide_1.12.0/stm32cubeide/plugins/com.st.stm32cube.ide.mcu.externaltools.gnu-tools-for-stm32.10.3-2021.10.win32_1.0.200.202301161003/tools/bin/../lib/gcc/arm-none-eabi/10.3.1/../../../../arm-none-eabi/lib/thumb/v7e-m+fp/hard\libc_nano.a(lib_a-nano-vfprintf_i.o)
                0x0000000008005f24                _printf_common
 *fill*         0x0000000008005ffe        0x2 
 .text._printf_i
                0x0000000008006000      0x24c c:/st/stm32cubeide_1.12.0/stm32cubeide/plugins/com.st.stm32cube.ide.mcu.externaltools.gnu-tools-for-stm32.10.3-2021.10.win32_1.0.200.202301161003/tools/bin/../lib/gcc/arm-none-eabi/10.3.1/../../../../arm-none-eabi/lib/thumb/v7e-m+fp/hard\libc_nano.a(lib_a-nano-vfprintf_i.o)
                0x0000000008006000                _printf_i
 .text.printf   0x000000000800624c       0x30 c:/st/stm32cubeide_1.12.0/stm32cubeide/plugins/com.st.stm32cube.ide.mcu.externaltools.gnu-tools-for-stm32.10.3-2021.10.win32_1.0.200.202301161003/tools/bin/../lib/gcc/arm-none-eabi/10.3.1/../../../../arm-none-eabi/lib/thumb/v7e-m+fp/hard\libc_nano.a(lib_a-printf.o)
                0x000000000800624c                iprintf
                0x000000000800624c                printf
 .text.sprintf  0x000000000800627c       0x40 c:/st/stm32cubeide_1.12.0/stm32cubeide/plugins/com.st.stm32cube.ide.mcu.externaltools.gnu-tools-for-stm32.10.3-2021.10.win32_1.0.200.202301161003/tools/bin/../lib/gcc/arm-none-eabi/10.3.1/../../../../arm-none-eabi/lib/thumb/v7e-m+fp/hard\libc_nano.a(lib_a-sprintf.o)
                0x000000000800627c                siprintf
                0x000000000800627c                sprintf
 .text.quorem   0x00000000080062bc      0x116 c:/st/stm32cubeide_1.12.0/stm32cubeide/plugins/com.st.stm32cube.ide.mcu.externaltools.gnu-tools-for-stm32.10.3-2021.10.win32_1.0.200.202301161003/tools/bin/../lib/gcc/arm-none-eabi/10.3.1/../../../../arm-none-eabi/lib/thumb/v7e-m+fp/hard\libc_nano.a(lib_a-dtoa.o)
 *fill*         0x00000000080063d2        0x6 
 .text._dtoa_r  0x00000000080063d8      0xbdc c:/st/stm32cubeide_1.12.0/stm32cubeide/plugins/com.st.stm32cube.ide.mcu.externaltools.gnu-tools-for-stm32.10.3-2021.10.win32_1.0.200.202301161003/tools/bin/../lib/gcc/arm-none-eabi/10.3.1/../../../../arm-none-eabi/lib/thumb/v7e-m+fp/hard\libc_nano.a(lib_a-dtoa.o)
                0x00000000080063d8                _dtoa_r
 .text.std      0x0000000008006fb4       0x48 c:/st/stm32cubeide_1.12.0/stm32cubeide/plugins/com.st.stm32cube.ide.mcu.externaltools.gnu-tools-for-stm32.10.3-2021.10.win32_1.0.200.202301161003/tools/bin/../lib/gcc/arm-none-eabi/10.3.1/../../../../arm-none-eabi/lib/thumb/v7e-m+fp/hard\libc_nano.a(lib_a-findfp.o)
 .text._cleanup_r
                0x0000000008006ffc        0xc c:/st/stm32cubeide_1.12.0/stm32cubeide/plugins/com.st.stm32cube.ide.mcu.externaltools.gnu-tools-for-stm32.10.3-2021.10.win32_1.0.200.202301161003/tools/bin/../lib/gcc/arm-none-eabi/10.3.1/../../../../arm-none-eabi/lib/thumb/v7e-m+fp/hard\libc_nano.a(lib_a-findfp.o)
                0x0000000008006ffc                _cleanup_r
 .text.__sfmoreglue
                0x0000000008007008       0x2c c:/st/stm32cubeide_1.12.0/stm32cubeide/plugins/com.st.stm32cube.ide.mcu.externaltools.gnu-tools-for-stm32.10.3-2021.10.win32_1.0.200.202301161003/tools/bin/../lib/gcc/arm-none-eabi/10.3.1/../../../../arm-none-eabi/lib/thumb/v7e-m+fp/hard\libc_nano.a(lib_a-findfp.o)
                0x0000000008007008                __sfmoreglue
 .text.__sfp_lock_acquire
                0x0000000008007034        0xc c:/st/stm32cubeide_1.12.0/stm32cubeide/plugins/com.st.stm32cube.ide.mcu.externaltools.gnu-tools-for-stm32.10.3-2021.10.win32_1.0.200.202301161003/tools/bin/../lib/gcc/arm-none-eabi/10.3.1/../../../../arm-none-eabi/lib/thumb/v7e-m+fp/hard\libc_nano.a(lib_a-findfp.o)
                0x0000000008007034                __sfp_lock_acquire
 .text.__sfp_lock_release
                0x0000000008007040        0xc c:/st/stm32cubeide_1.12.0/stm32cubeide/plugins/com.st.stm32cube.ide.mcu.externaltools.gnu-tools-for-stm32.10.3-2021.10.win32_1.0.200.202301161003/tools/bin/../lib/gcc/arm-none-eabi/10.3.1/../../../../arm-none-eabi/lib/thumb/v7e-m+fp/hard\libc_nano.a(lib_a-findfp.o)
                0x0000000008007040                __sfp_lock_release
 .text.__sinit_lock_acquire
                0x000000000800704c        0xc c:/st/stm32cubeide_1.12.0/stm32cubeide/plugins/com.st.stm32cube.ide.mcu.externaltools.gnu-tools-for-stm32.10.3-2021.10.win32_1.0.200.202301161003/tools/bin/../lib/gcc/arm-none-eabi/10.3.1/../../../../arm-none-eabi/lib/thumb/v7e-m+fp/hard\libc_nano.a(lib_a-findfp.o)
                0x000000000800704c                __sinit_lock_acquire
 .text.__sinit_lock_release
                0x0000000008007058        0xc c:/st/stm32cubeide_1.12.0/stm32cubeide/plugins/com.st.stm32cube.ide.mcu.externaltools.gnu-tools-for-stm32.10.3-2021.10.win32_1.0.200.202301161003/tools/bin/../lib/gcc/arm-none-eabi/10.3.1/../../../../arm-none-eabi/lib/thumb/v7e-m+fp/hard\libc_nano.a(lib_a-findfp.o)
                0x0000000008007058                __sinit_lock_release
 .text.__sinit  0x0000000008007064       0x70 c:/st/stm32cubeide_1.12.0/stm32cubeide/plugins/com.st.stm32cube.ide.mcu.externaltools.gnu-tools-for-stm32.10.3-2021.10.win32_1.0.200.202301161003/tools/bin/../lib/gcc/arm-none-eabi/10.3.1/../../../../arm-none-eabi/lib/thumb/v7e-m+fp/hard\libc_nano.a(lib_a-findfp.o)
                0x0000000008007064                __sinit
 .text.__sfp    0x00000000080070d4       0x8c c:/st/stm32cubeide_1.12.0/stm32cubeide/plugins/com.st.stm32cube.ide.mcu.externaltools.gnu-tools-for-stm32.10.3-2021.10.win32_1.0.200.202301161003/tools/bin/../lib/gcc/arm-none-eabi/10.3.1/../../../../arm-none-eabi/lib/thumb/v7e-m+fp/hard\libc_nano.a(lib_a-findfp.o)
                0x00000000080070d4                __sfp
 .text._fwalk_reent
                0x0000000008007160       0x3e c:/st/stm32cubeide_1.12.0/stm32cubeide/plugins/com.st.stm32cube.ide.mcu.externaltools.gnu-tools-for-stm32.10.3-2021.10.win32_1.0.200.202301161003/tools/bin/../lib/gcc/arm-none-eabi/10.3.1/../../../../arm-none-eabi/lib/thumb/v7e-m+fp/hard\libc_nano.a(lib_a-fwalk.o)
                0x0000000008007160                _fwalk_reent
 *fill*         0x000000000800719e        0x2 
 .text._localeconv_r
                0x00000000080071a0        0x8 c:/st/stm32cubeide_1.12.0/stm32cubeide/plugins/com.st.stm32cube.ide.mcu.externaltools.gnu-tools-for-stm32.10.3-2021.10.win32_1.0.200.202301161003/tools/bin/../lib/gcc/arm-none-eabi/10.3.1/../../../../arm-none-eabi/lib/thumb/v7e-m+fp/hard\libc_nano.a(lib_a-localeconv.o)
                0x00000000080071a0                _localeconv_r
 .text.__retarget_lock_init_recursive
                0x00000000080071a8        0x2 c:/st/stm32cubeide_1.12.0/stm32cubeide/plugins/com.st.stm32cube.ide.mcu.externaltools.gnu-tools-for-stm32.10.3-2021.10.win32_1.0.200.202301161003/tools/bin/../lib/gcc/arm-none-eabi/10.3.1/../../../../arm-none-eabi/lib/thumb/v7e-m+fp/hard\libc_nano.a(lib_a-lock.o)
                0x00000000080071a8                __retarget_lock_init_recursive
 .text.__retarget_lock_acquire_recursive
                0x00000000080071aa        0x2 c:/st/stm32cubeide_1.12.0/stm32cubeide/plugins/com.st.stm32cube.ide.mcu.externaltools.gnu-tools-for-stm32.10.3-2021.10.win32_1.0.200.202301161003/tools/bin/../lib/gcc/arm-none-eabi/10.3.1/../../../../arm-none-eabi/lib/thumb/v7e-m+fp/hard\libc_nano.a(lib_a-lock.o)
                0x00000000080071aa                __retarget_lock_acquire_recursive
 .text.__retarget_lock_release_recursive
                0x00000000080071ac        0x2 c:/st/stm32cubeide_1.12.0/stm32cubeide/plugins/com.st.stm32cube.ide.mcu.externaltools.gnu-tools-for-stm32.10.3-2021.10.win32_1.0.200.202301161003/tools/bin/../lib/gcc/arm-none-eabi/10.3.1/../../../../arm-none-eabi/lib/thumb/v7e-m+fp/hard\libc_nano.a(lib_a-lock.o)
                0x00000000080071ac                __retarget_lock_release_recursive
 *fill*         0x00000000080071ae        0x2 
 .text.malloc   0x00000000080071b0       0x10 c:/st/stm32cubeide_1.12.0/stm32cubeide/plugins/com.st.stm32cube.ide.mcu.externaltools.gnu-tools-for-stm32.10.3-2021.10.win32_1.0.200.202301161003/tools/bin/../lib/gcc/arm-none-eabi/10.3.1/../../../../arm-none-eabi/lib/thumb/v7e-m+fp/hard\libc_nano.a(lib_a-malloc.o)
                0x00000000080071b0                malloc
 .text.memcpy   0x00000000080071c0       0x1c c:/st/stm32cubeide_1.12.0/stm32cubeide/plugins/com.st.stm32cube.ide.mcu.externaltools.gnu-tools-for-stm32.10.3-2021.10.win32_1.0.200.202301161003/tools/bin/../lib/gcc/arm-none-eabi/10.3.1/../../../../arm-none-eabi/lib/thumb/v7e-m+fp/hard\libc_nano.a(lib_a-memcpy-stub.o)
                0x00000000080071c0                memcpy
 .text._Balloc  0x00000000080071dc       0x80 c:/st/stm32cubeide_1.12.0/stm32cubeide/plugins/com.st.stm32cube.ide.mcu.externaltools.gnu-tools-for-stm32.10.3-2021.10.win32_1.0.200.202301161003/tools/bin/../lib/gcc/arm-none-eabi/10.3.1/../../../../arm-none-eabi/lib/thumb/v7e-m+fp/hard\libc_nano.a(lib_a-mprec.o)
                0x00000000080071dc                _Balloc
 .text._Bfree   0x000000000800725c       0x44 c:/st/stm32cubeide_1.12.0/stm32cubeide/plugins/com.st.stm32cube.ide.mcu.externaltools.gnu-tools-for-stm32.10.3-2021.10.win32_1.0.200.202301161003/tools/bin/../lib/gcc/arm-none-eabi/10.3.1/../../../../arm-none-eabi/lib/thumb/v7e-m+fp/hard\libc_nano.a(lib_a-mprec.o)
                0x000000000800725c                _Bfree
 .text.__multadd
                0x00000000080072a0       0x8c c:/st/stm32cubeide_1.12.0/stm32cubeide/plugins/com.st.stm32cube.ide.mcu.externaltools.gnu-tools-for-stm32.10.3-2021.10.win32_1.0.200.202301161003/tools/bin/../lib/gcc/arm-none-eabi/10.3.1/../../../../arm-none-eabi/lib/thumb/v7e-m+fp/hard\libc_nano.a(lib_a-mprec.o)
                0x00000000080072a0                __multadd
 .text.__hi0bits
                0x000000000800732c       0x40 c:/st/stm32cubeide_1.12.0/stm32cubeide/plugins/com.st.stm32cube.ide.mcu.externaltools.gnu-tools-for-stm32.10.3-2021.10.win32_1.0.200.202301161003/tools/bin/../lib/gcc/arm-none-eabi/10.3.1/../../../../arm-none-eabi/lib/thumb/v7e-m+fp/hard\libc_nano.a(lib_a-mprec.o)
                0x000000000800732c                __hi0bits
 .text.__lo0bits
                0x000000000800736c       0x5e c:/st/stm32cubeide_1.12.0/stm32cubeide/plugins/com.st.stm32cube.ide.mcu.externaltools.gnu-tools-for-stm32.10.3-2021.10.win32_1.0.200.202301161003/tools/bin/../lib/gcc/arm-none-eabi/10.3.1/../../../../arm-none-eabi/lib/thumb/v7e-m+fp/hard\libc_nano.a(lib_a-mprec.o)
                0x000000000800736c                __lo0bits
 *fill*         0x00000000080073ca        0x2 
 .text.__i2b    0x00000000080073cc       0x2c c:/st/stm32cubeide_1.12.0/stm32cubeide/plugins/com.st.stm32cube.ide.mcu.externaltools.gnu-tools-for-stm32.10.3-2021.10.win32_1.0.200.202301161003/tools/bin/../lib/gcc/arm-none-eabi/10.3.1/../../../../arm-none-eabi/lib/thumb/v7e-m+fp/hard\libc_nano.a(lib_a-mprec.o)
                0x00000000080073cc                __i2b
 .text.__multiply
                0x00000000080073f8      0x154 c:/st/stm32cubeide_1.12.0/stm32cubeide/plugins/com.st.stm32cube.ide.mcu.externaltools.gnu-tools-for-stm32.10.3-2021.10.win32_1.0.200.202301161003/tools/bin/../lib/gcc/arm-none-eabi/10.3.1/../../../../arm-none-eabi/lib/thumb/v7e-m+fp/hard\libc_nano.a(lib_a-mprec.o)
                0x00000000080073f8                __multiply
 .text.__pow5mult
                0x000000000800754c       0xb4 c:/st/stm32cubeide_1.12.0/stm32cubeide/plugins/com.st.stm32cube.ide.mcu.externaltools.gnu-tools-for-stm32.10.3-2021.10.win32_1.0.200.202301161003/tools/bin/../lib/gcc/arm-none-eabi/10.3.1/../../../../arm-none-eabi/lib/thumb/v7e-m+fp/hard\libc_nano.a(lib_a-mprec.o)
                0x000000000800754c                __pow5mult
 .text.__lshift
                0x0000000008007600       0xe0 c:/st/stm32cubeide_1.12.0/stm32cubeide/plugins/com.st.stm32cube.ide.mcu.externaltools.gnu-tools-for-stm32.10.3-2021.10.win32_1.0.200.202301161003/tools/bin/../lib/gcc/arm-none-eabi/10.3.1/../../../../arm-none-eabi/lib/thumb/v7e-m+fp/hard\libc_nano.a(lib_a-mprec.o)
                0x0000000008007600                __lshift
 .text.__mcmp   0x00000000080076e0       0x38 c:/st/stm32cubeide_1.12.0/stm32cubeide/plugins/com.st.stm32cube.ide.mcu.externaltools.gnu-tools-for-stm32.10.3-2021.10.win32_1.0.200.202301161003/tools/bin/../lib/gcc/arm-none-eabi/10.3.1/../../../../arm-none-eabi/lib/thumb/v7e-m+fp/hard\libc_nano.a(lib_a-mprec.o)
                0x00000000080076e0                __mcmp
 .text.__mdiff  0x0000000008007718      0x114 c:/st/stm32cubeide_1.12.0/stm32cubeide/plugins/com.st.stm32cube.ide.mcu.externaltools.gnu-tools-for-stm32.10.3-2021.10.win32_1.0.200.202301161003/tools/bin/../lib/gcc/arm-none-eabi/10.3.1/../../../../arm-none-eabi/lib/thumb/v7e-m+fp/hard\libc_nano.a(lib_a-mprec.o)
                0x0000000008007718                __mdiff
 .text.__d2b    0x000000000800782c       0xb8 c:/st/stm32cubeide_1.12.0/stm32cubeide/plugins/com.st.stm32cube.ide.mcu.externaltools.gnu-tools-for-stm32.10.3-2021.10.win32_1.0.200.202301161003/tools/bin/../lib/gcc/arm-none-eabi/10.3.1/../../../../arm-none-eabi/lib/thumb/v7e-m+fp/hard\libc_nano.a(lib_a-mprec.o)
                0x000000000800782c                __d2b
 .text._calloc_r
                0x00000000080078e4       0x2c c:/st/stm32cubeide_1.12.0/stm32cubeide/plugins/com.st.stm32cube.ide.mcu.externaltools.gnu-tools-for-stm32.10.3-2021.10.win32_1.0.200.202301161003/tools/bin/../lib/gcc/arm-none-eabi/10.3.1/../../../../arm-none-eabi/lib/thumb/v7e-m+fp/hard\libc_nano.a(lib_a-nano-callocr.o)
                0x00000000080078e4                _calloc_r
 .text._free_r  0x0000000008007910       0x98 c:/st/stm32cubeide_1.12.0/stm32cubeide/plugins/com.st.stm32cube.ide.mcu.externaltools.gnu-tools-for-stm32.10.3-2021.10.win32_1.0.200.202301161003/tools/bin/../lib/gcc/arm-none-eabi/10.3.1/../../../../arm-none-eabi/lib/thumb/v7e-m+fp/hard\libc_nano.a(lib_a-nano-freer.o)
                0x0000000008007910                _free_r
 .text.sbrk_aligned
                0x00000000080079a8       0x40 c:/st/stm32cubeide_1.12.0/stm32cubeide/plugins/com.st.stm32cube.ide.mcu.externaltools.gnu-tools-for-stm32.10.3-2021.10.win32_1.0.200.202301161003/tools/bin/../lib/gcc/arm-none-eabi/10.3.1/../../../../arm-none-eabi/lib/thumb/v7e-m+fp/hard\libc_nano.a(lib_a-nano-mallocr.o)
 .text._malloc_r
                0x00000000080079e8       0xe8 c:/st/stm32cubeide_1.12.0/stm32cubeide/plugins/com.st.stm32cube.ide.mcu.externaltools.gnu-tools-for-stm32.10.3-2021.10.win32_1.0.200.202301161003/tools/bin/../lib/gcc/arm-none-eabi/10.3.1/../../../../arm-none-eabi/lib/thumb/v7e-m+fp/hard\libc_nano.a(lib_a-nano-mallocr.o)
                0x00000000080079e8                _malloc_r
 .text.__ssputs_r
                0x0000000008007ad0       0xb6 c:/st/stm32cubeide_1.12.0/stm32cubeide/plugins/com.st.stm32cube.ide.mcu.externaltools.gnu-tools-for-stm32.10.3-2021.10.win32_1.0.200.202301161003/tools/bin/../lib/gcc/arm-none-eabi/10.3.1/../../../../arm-none-eabi/lib/thumb/v7e-m+fp/hard\libc_nano.a(lib_a-nano-svfprintf.o)
                0x0000000008007ad0                __ssputs_r
 *fill*         0x0000000008007b86        0x2 
 .text._svfprintf_r
                0x0000000008007b88      0x200 c:/st/stm32cubeide_1.12.0/stm32cubeide/plugins/com.st.stm32cube.ide.mcu.externaltools.gnu-tools-for-stm32.10.3-2021.10.win32_1.0.200.202301161003/tools/bin/../lib/gcc/arm-none-eabi/10.3.1/../../../../arm-none-eabi/lib/thumb/v7e-m+fp/hard\libc_nano.a(lib_a-nano-svfprintf.o)
                0x0000000008007b88                _svfiprintf_r
                0x0000000008007b88                _svfprintf_r
 .text.__sfputc_r
                0x0000000008007d88       0x2e c:/st/stm32cubeide_1.12.0/stm32cubeide/plugins/com.st.stm32cube.ide.mcu.externaltools.gnu-tools-for-stm32.10.3-2021.10.win32_1.0.200.202301161003/tools/bin/../lib/gcc/arm-none-eabi/10.3.1/../../../../arm-none-eabi/lib/thumb/v7e-m+fp/hard\libc_nano.a(lib_a-nano-vfprintf.o)
 .text.__sfputs_r
                0x0000000008007db6       0x24 c:/st/stm32cubeide_1.12.0/stm32cubeide/plugins/com.st.stm32cube.ide.mcu.externaltools.gnu-tools-for-stm32.10.3-2021.10.win32_1.0.200.202301161003/tools/bin/../lib/gcc/arm-none-eabi/10.3.1/../../../../arm-none-eabi/lib/thumb/v7e-m+fp/hard\libc_nano.a(lib_a-nano-vfprintf.o)
                0x0000000008007db6                __sfputs_r
 *fill*         0x0000000008007dda        0x2 
 .text._vfprintf_r
                0x0000000008007ddc      0x260 c:/st/stm32cubeide_1.12.0/stm32cubeide/plugins/com.st.stm32cube.ide.mcu.externaltools.gnu-tools-for-stm32.10.3-2021.10.win32_1.0.200.202301161003/tools/bin/../lib/gcc/arm-none-eabi/10.3.1/../../../../arm-none-eabi/lib/thumb/v7e-m+fp/hard\libc_nano.a(lib_a-nano-vfprintf.o)
                0x0000000008007ddc                _vfprintf_r
                0x0000000008007ddc                _vfiprintf_r
 .text._sbrk_r  0x000000000800803c       0x20 c:/st/stm32cubeide_1.12.0/stm32cubeide/plugins/com.st.stm32cube.ide.mcu.externaltools.gnu-tools-for-stm32.10.3-2021.10.win32_1.0.200.202301161003/tools/bin/../lib/gcc/arm-none-eabi/10.3.1/../../../../arm-none-eabi/lib/thumb/v7e-m+fp/hard\libc_nano.a(lib_a-sbrkr.o)
                0x000000000800803c                _sbrk_r
 .text.__sread  0x000000000800805c       0x22 c:/st/stm32cubeide_1.12.0/stm32cubeide/plugins/com.st.stm32cube.ide.mcu.externaltools.gnu-tools-for-stm32.10.3-2021.10.win32_1.0.200.202301161003/tools/bin/../lib/gcc/arm-none-eabi/10.3.1/../../../../arm-none-eabi/lib/thumb/v7e-m+fp/hard\libc_nano.a(lib_a-stdio.o)
                0x000000000800805c                __sread
 .text.__swrite
                0x000000000800807e       0x38 c:/st/stm32cubeide_1.12.0/stm32cubeide/plugins/com.st.stm32cube.ide.mcu.externaltools.gnu-tools-for-stm32.10.3-2021.10.win32_1.0.200.202301161003/tools/bin/../lib/gcc/arm-none-eabi/10.3.1/../../../../arm-none-eabi/lib/thumb/v7e-m+fp/hard\libc_nano.a(lib_a-stdio.o)
                0x000000000800807e                __swrite
 .text.__sseek  0x00000000080080b6       0x24 c:/st/stm32cubeide_1.12.0/stm32cubeide/plugins/com.st.stm32cube.ide.mcu.externaltools.gnu-tools-for-stm32.10.3-2021.10.win32_1.0.200.202301161003/tools/bin/../lib/gcc/arm-none-eabi/10.3.1/../../../../arm-none-eabi/lib/thumb/v7e-m+fp/hard\libc_nano.a(lib_a-stdio.o)
                0x00000000080080b6                __sseek
 .text.__sclose
                0x00000000080080da        0x8 c:/st/stm32cubeide_1.12.0/stm32cubeide/plugins/com.st.stm32cube.ide.mcu.externaltools.gnu-tools-for-stm32.10.3-2021.10.win32_1.0.200.202301161003/tools/bin/../lib/gcc/arm-none-eabi/10.3.1/../../../../arm-none-eabi/lib/thumb/v7e-m+fp/hard\libc_nano.a(lib_a-stdio.o)
                0x00000000080080da                __sclose
 *fill*         0x00000000080080e2        0x2 
 .text.__swbuf_r
                0x00000000080080e4       0xa4 c:/st/stm32cubeide_1.12.0/stm32cubeide/plugins/com.st.stm32cube.ide.mcu.externaltools.gnu-tools-for-stm32.10.3-2021.10.win32_1.0.200.202301161003/tools/bin/../lib/gcc/arm-none-eabi/10.3.1/../../../../arm-none-eabi/lib/thumb/v7e-m+fp/hard\libc_nano.a(lib_a-wbuf.o)
                0x00000000080080e4                __swbuf_r
 .text._write_r
                0x0000000008008188       0x24 c:/st/stm32cubeide_1.12.0/stm32cubeide/plugins/com.st.stm32cube.ide.mcu.externaltools.gnu-tools-for-stm32.10.3-2021.10.win32_1.0.200.202301161003/tools/bin/../lib/gcc/arm-none-eabi/10.3.1/../../../../arm-none-eabi/lib/thumb/v7e-m+fp/hard\libc_nano.a(lib_a-writer.o)
                0x0000000008008188                _write_r
 .text.__swsetup_r
                0x00000000080081ac       0xdc c:/st/stm32cubeide_1.12.0/stm32cubeide/plugins/com.st.stm32cube.ide.mcu.externaltools.gnu-tools-for-stm32.10.3-2021.10.win32_1.0.200.202301161003/tools/bin/../lib/gcc/arm-none-eabi/10.3.1/../../../../arm-none-eabi/lib/thumb/v7e-m+fp/hard\libc_nano.a(lib_a-wsetup.o)
                0x00000000080081ac                __swsetup_r
 .text.__assert_func
                0x0000000008008288       0x3c c:/st/stm32cubeide_1.12.0/stm32cubeide/plugins/com.st.stm32cube.ide.mcu.externaltools.gnu-tools-for-stm32.10.3-2021.10.win32_1.0.200.202301161003/tools/bin/../lib/gcc/arm-none-eabi/10.3.1/../../../../arm-none-eabi/lib/thumb/v7e-m+fp/hard\libc_nano.a(lib_a-assert.o)
                0x0000000008008288                __assert_func
 .text._close_r
                0x00000000080082c4       0x20 c:/st/stm32cubeide_1.12.0/stm32cubeide/plugins/com.st.stm32cube.ide.mcu.externaltools.gnu-tools-for-stm32.10.3-2021.10.win32_1.0.200.202301161003/tools/bin/../lib/gcc/arm-none-eabi/10.3.1/../../../../arm-none-eabi/lib/thumb/v7e-m+fp/hard\libc_nano.a(lib_a-closer.o)
                0x00000000080082c4                _close_r
 .text.__sflush_r
                0x00000000080082e4      0x10c c:/st/stm32cubeide_1.12.0/stm32cubeide/plugins/com.st.stm32cube.ide.mcu.externaltools.gnu-tools-for-stm32.10.3-2021.10.win32_1.0.200.202301161003/tools/bin/../lib/gcc/arm-none-eabi/10.3.1/../../../../arm-none-eabi/lib/thumb/v7e-m+fp/hard\libc_nano.a(lib_a-fflush.o)
                0x00000000080082e4                __sflush_r
 .text._fflush_r
                0x00000000080083f0       0x78 c:/st/stm32cubeide_1.12.0/stm32cubeide/plugins/com.st.stm32cube.ide.mcu.externaltools.gnu-tools-for-stm32.10.3-2021.10.win32_1.0.200.202301161003/tools/bin/../lib/gcc/arm-none-eabi/10.3.1/../../../../arm-none-eabi/lib/thumb/v7e-m+fp/hard\libc_nano.a(lib_a-fflush.o)
                0x00000000080083f0                _fflush_r
 .text.fprintf  0x0000000008008468       0x24 c:/st/stm32cubeide_1.12.0/stm32cubeide/plugins/com.st.stm32cube.ide.mcu.externaltools.gnu-tools-for-stm32.10.3-2021.10.win32_1.0.200.202301161003/tools/bin/../lib/gcc/arm-none-eabi/10.3.1/../../../../arm-none-eabi/lib/thumb/v7e-m+fp/hard\libc_nano.a(lib_a-fprintf.o)
                0x0000000008008468                fiprintf
                0x0000000008008468                fprintf
 .text._lseek_r
                0x000000000800848c       0x24 c:/st/stm32cubeide_1.12.0/stm32cubeide/plugins/com.st.stm32cube.ide.mcu.externaltools.gnu-tools-for-stm32.10.3-2021.10.win32_1.0.200.202301161003/tools/bin/../lib/gcc/arm-none-eabi/10.3.1/../../../../arm-none-eabi/lib/thumb/v7e-m+fp/hard\libc_nano.a(lib_a-lseekr.o)
                0x000000000800848c                _lseek_r
 .text.__swhatbuf_r
                0x00000000080084b0       0x4a c:/st/stm32cubeide_1.12.0/stm32cubeide/plugins/com.st.stm32cube.ide.mcu.externaltools.gnu-tools-for-stm32.10.3-2021.10.win32_1.0.200.202301161003/tools/bin/../lib/gcc/arm-none-eabi/10.3.1/../../../../arm-none-eabi/lib/thumb/v7e-m+fp/hard\libc_nano.a(lib_a-makebuf.o)
                0x00000000080084b0                __swhatbuf_r
 *fill*         0x00000000080084fa        0x2 
 .text.__smakebuf_r
                0x00000000080084fc       0x80 c:/st/stm32cubeide_1.12.0/stm32cubeide/plugins/com.st.stm32cube.ide.mcu.externaltools.gnu-tools-for-stm32.10.3-2021.10.win32_1.0.200.202301161003/tools/bin/../lib/gcc/arm-none-eabi/10.3.1/../../../../arm-none-eabi/lib/thumb/v7e-m+fp/hard\libc_nano.a(lib_a-makebuf.o)
                0x00000000080084fc                __smakebuf_r
 .text.__ascii_mbtowc
                0x000000000800857c       0x24 c:/st/stm32cubeide_1.12.0/stm32cubeide/plugins/com.st.stm32cube.ide.mcu.externaltools.gnu-tools-for-stm32.10.3-2021.10.win32_1.0.200.202301161003/tools/bin/../lib/gcc/arm-none-eabi/10.3.1/../../../../arm-none-eabi/lib/thumb/v7e-m+fp/hard\libc_nano.a(lib_a-mbtowc_r.o)
                0x000000000800857c                __ascii_mbtowc
 .text.memmove  0x00000000080085a0       0x34 c:/st/stm32cubeide_1.12.0/stm32cubeide/plugins/com.st.stm32cube.ide.mcu.externaltools.gnu-tools-for-stm32.10.3-2021.10.win32_1.0.200.202301161003/tools/bin/../lib/gcc/arm-none-eabi/10.3.1/../../../../arm-none-eabi/lib/thumb/v7e-m+fp/hard\libc_nano.a(lib_a-memmove.o)
                0x00000000080085a0                memmove
 .text.__malloc_lock
                0x00000000080085d4        0xc c:/st/stm32cubeide_1.12.0/stm32cubeide/plugins/com.st.stm32cube.ide.mcu.externaltools.gnu-tools-for-stm32.10.3-2021.10.win32_1.0.200.202301161003/tools/bin/../lib/gcc/arm-none-eabi/10.3.1/../../../../arm-none-eabi/lib/thumb/v7e-m+fp/hard\libc_nano.a(lib_a-mlock.o)
                0x00000000080085d4                __malloc_lock
 .text.__malloc_unlock
                0x00000000080085e0        0xc c:/st/stm32cubeide_1.12.0/stm32cubeide/plugins/com.st.stm32cube.ide.mcu.externaltools.gnu-tools-for-stm32.10.3-2021.10.win32_1.0.200.202301161003/tools/bin/../lib/gcc/arm-none-eabi/10.3.1/../../../../arm-none-eabi/lib/thumb/v7e-m+fp/hard\libc_nano.a(lib_a-mlock.o)
                0x00000000080085e0                __malloc_unlock
 .text._realloc_r
                0x00000000080085ec       0x5e c:/st/stm32cubeide_1.12.0/stm32cubeide/plugins/com.st.stm32cube.ide.mcu.externaltools.gnu-tools-for-stm32.10.3-2021.10.win32_1.0.200.202301161003/tools/bin/../lib/gcc/arm-none-eabi/10.3.1/../../../../arm-none-eabi/lib/thumb/v7e-m+fp/hard\libc_nano.a(lib_a-nano-reallocr.o)
                0x00000000080085ec                _realloc_r
 *fill*         0x000000000800864a        0x2 
 .text._read_r  0x000000000800864c       0x24 c:/st/stm32cubeide_1.12.0/stm32cubeide/plugins/com.st.stm32cube.ide.mcu.externaltools.gnu-tools-for-stm32.10.3-2021.10.win32_1.0.200.202301161003/tools/bin/../lib/gcc/arm-none-eabi/10.3.1/../../../../arm-none-eabi/lib/thumb/v7e-m+fp/hard\libc_nano.a(lib_a-readr.o)
                0x000000000800864c                _read_r
 .text.__ascii_wctomb
                0x0000000008008670       0x1a c:/st/stm32cubeide_1.12.0/stm32cubeide/plugins/com.st.stm32cube.ide.mcu.externaltools.gnu-tools-for-stm32.10.3-2021.10.win32_1.0.200.202301161003/tools/bin/../lib/gcc/arm-none-eabi/10.3.1/../../../../arm-none-eabi/lib/thumb/v7e-m+fp/hard\libc_nano.a(lib_a-wctomb_r.o)
                0x0000000008008670                __ascii_wctomb
 .text.abort    0x000000000800868a        0xe c:/st/stm32cubeide_1.12.0/stm32cubeide/plugins/com.st.stm32cube.ide.mcu.externaltools.gnu-tools-for-stm32.10.3-2021.10.win32_1.0.200.202301161003/tools/bin/../lib/gcc/arm-none-eabi/10.3.1/../../../../arm-none-eabi/lib/thumb/v7e-m+fp/hard\libc_nano.a(lib_a-abort.o)
                0x000000000800868a                abort
 .text._fstat_r
                0x0000000008008698       0x24 c:/st/stm32cubeide_1.12.0/stm32cubeide/plugins/com.st.stm32cube.ide.mcu.externaltools.gnu-tools-for-stm32.10.3-2021.10.win32_1.0.200.202301161003/tools/bin/../lib/gcc/arm-none-eabi/10.3.1/../../../../arm-none-eabi/lib/thumb/v7e-m+fp/hard\libc_nano.a(lib_a-fstatr.o)
                0x0000000008008698                _fstat_r
 .text._isatty_r
                0x00000000080086bc       0x20 c:/st/stm32cubeide_1.12.0/stm32cubeide/plugins/com.st.stm32cube.ide.mcu.externaltools.gnu-tools-for-stm32.10.3-2021.10.win32_1.0.200.202301161003/tools/bin/../lib/gcc/arm-none-eabi/10.3.1/../../../../arm-none-eabi/lib/thumb/v7e-m+fp/hard\libc_nano.a(lib_a-isattyr.o)
                0x00000000080086bc                _isatty_r
 .text._malloc_usable_size_r
                0x00000000080086dc       0x10 c:/st/stm32cubeide_1.12.0/stm32cubeide/plugins/com.st.stm32cube.ide.mcu.externaltools.gnu-tools-for-stm32.10.3-2021.10.win32_1.0.200.202301161003/tools/bin/../lib/gcc/arm-none-eabi/10.3.1/../../../../arm-none-eabi/lib/thumb/v7e-m+fp/hard\libc_nano.a(lib_a-nano-msizer.o)
                0x00000000080086dc                _malloc_usable_size_r
 .text._raise_r
                0x00000000080086ec       0x50 c:/st/stm32cubeide_1.12.0/stm32cubeide/plugins/com.st.stm32cube.ide.mcu.externaltools.gnu-tools-for-stm32.10.3-2021.10.win32_1.0.200.202301161003/tools/bin/../lib/gcc/arm-none-eabi/10.3.1/../../../../arm-none-eabi/lib/thumb/v7e-m+fp/hard\libc_nano.a(lib_a-signal.o)
                0x00000000080086ec                _raise_r
 .text.raise    0x000000000800873c       0x10 c:/st/stm32cubeide_1.12.0/stm32cubeide/plugins/com.st.stm32cube.ide.mcu.externaltools.gnu-tools-for-stm32.10.3-2021.10.win32_1.0.200.202301161003/tools/bin/../lib/gcc/arm-none-eabi/10.3.1/../../../../arm-none-eabi/lib/thumb/v7e-m+fp/hard\libc_nano.a(lib_a-signal.o)
                0x000000000800873c                raise
 .text._kill_r  0x000000000800874c       0x24 c:/st/stm32cubeide_1.12.0/stm32cubeide/plugins/com.st.stm32cube.ide.mcu.externaltools.gnu-tools-for-stm32.10.3-2021.10.win32_1.0.200.202301161003/tools/bin/../lib/gcc/arm-none-eabi/10.3.1/../../../../arm-none-eabi/lib/thumb/v7e-m+fp/hard\libc_nano.a(lib_a-signalr.o)
                0x000000000800874c                _kill_r
 .text._getpid_r
                0x0000000008008770        0x4 c:/st/stm32cubeide_1.12.0/stm32cubeide/plugins/com.st.stm32cube.ide.mcu.externaltools.gnu-tools-for-stm32.10.3-2021.10.win32_1.0.200.202301161003/tools/bin/../lib/gcc/arm-none-eabi/10.3.1/../../../../arm-none-eabi/lib/thumb/v7e-m+fp/hard\libc_nano.a(lib_a-signalr.o)
                0x0000000008008770                _getpid_r
 *fill*         0x0000000008008774        0x4 
 .text.log      0x0000000008008778       0x7c c:/st/stm32cubeide_1.12.0/stm32cubeide/plugins/com.st.stm32cube.ide.mcu.externaltools.gnu-tools-for-stm32.10.3-2021.10.win32_1.0.200.202301161003/tools/bin/../lib/gcc/arm-none-eabi/10.3.1/../../../../arm-none-eabi/lib/thumb/v7e-m+fp/hard\libm.a(lib_a-w_log.o)
                0x0000000008008778                log
 .text.sqrtf    0x00000000080087f4       0x3c c:/st/stm32cubeide_1.12.0/stm32cubeide/plugins/com.st.stm32cube.ide.mcu.externaltools.gnu-tools-for-stm32.10.3-2021.10.win32_1.0.200.202301161003/tools/bin/../lib/gcc/arm-none-eabi/10.3.1/../../../../arm-none-eabi/lib/thumb/v7e-m+fp/hard\libm.a(lib_a-wf_sqrt.o)
                0x00000000080087f4                sqrtf
 .text.__ieee754_log
                0x0000000008008830      0x374 c:/st/stm32cubeide_1.12.0/stm32cubeide/plugins/com.st.stm32cube.ide.mcu.externaltools.gnu-tools-for-stm32.10.3-2021.10.win32_1.0.200.202301161003/tools/bin/../lib/gcc/arm-none-eabi/10.3.1/../../../../arm-none-eabi/lib/thumb/v7e-m+fp/hard\libm.a(lib_a-e_log.o)
                0x0000000008008830                __ieee754_log
 .text.__ieee754_sqrtf
                0x0000000008008ba4        0x6 c:/st/stm32cubeide_1.12.0/stm32cubeide/plugins/com.st.stm32cube.ide.mcu.externaltools.gnu-tools-for-stm32.10.3-2021.10.win32_1.0.200.202301161003/tools/bin/../lib/gcc/arm-none-eabi/10.3.1/../../../../arm-none-eabi/lib/thumb/v7e-m+fp/hard\libm.a(lib_a-ef_sqrt.o)
                0x0000000008008ba4                __ieee754_sqrtf
 *fill*         0x0000000008008baa        0x6 
 .text.nan      0x0000000008008bb0       0x10 c:/st/stm32cubeide_1.12.0/stm32cubeide/plugins/com.st.stm32cube.ide.mcu.externaltools.gnu-tools-for-stm32.10.3-2021.10.win32_1.0.200.202301161003/tools/bin/../lib/gcc/arm-none-eabi/10.3.1/../../../../arm-none-eabi/lib/thumb/v7e-m+fp/hard\libm.a(lib_a-s_nan.o)
                0x0000000008008bb0                nan
 *(.glue_7)
 .glue_7        0x0000000008008bc0        0x0 linker stubs
 *(.glue_7t)
 .glue_7t       0x0000000008008bc0        0x0 linker stubs
 *(.eh_frame)
 .eh_frame      0x0000000008008bc0        0x0 c:/st/stm32cubeide_1.12.0/stm32cubeide/plugins/com.st.stm32cube.ide.mcu.externaltools.gnu-tools-for-stm32.10.3-2021.10.win32_1.0.200.202301161003/tools/bin/../lib/gcc/arm-none-eabi/10.3.1/thumb/v7e-m+fp/hard/crtbegin.o
 *(.init)
 .init          0x0000000008008bc0        0x4 c:/st/stm32cubeide_1.12.0/stm32cubeide/plugins/com.st.stm32cube.ide.mcu.externaltools.gnu-tools-for-stm32.10.3-2021.10.win32_1.0.200.202301161003/tools/bin/../lib/gcc/arm-none-eabi/10.3.1/thumb/v7e-m+fp/hard/crti.o
                0x0000000008008bc0                _init
 .init          0x0000000008008bc4        0x8 c:/st/stm32cubeide_1.12.0/stm32cubeide/plugins/com.st.stm32cube.ide.mcu.externaltools.gnu-tools-for-stm32.10.3-2021.10.win32_1.0.200.202301161003/tools/bin/../lib/gcc/arm-none-eabi/10.3.1/thumb/v7e-m+fp/hard/crtn.o
 *(.fini)
 .fini          0x0000000008008bcc        0x4 c:/st/stm32cubeide_1.12.0/stm32cubeide/plugins/com.st.stm32cube.ide.mcu.externaltools.gnu-tools-for-stm32.10.3-2021.10.win32_1.0.200.202301161003/tools/bin/../lib/gcc/arm-none-eabi/10.3.1/thumb/v7e-m+fp/hard/crti.o
                0x0000000008008bcc                _fini
 .fini          0x0000000008008bd0        0x8 c:/st/stm32cubeide_1.12.0/stm32cubeide/plugins/com.st.stm32cube.ide.mcu.externaltools.gnu-tools-for-stm32.10.3-2021.10.win32_1.0.200.202301161003/tools/bin/../lib/gcc/arm-none-eabi/10.3.1/thumb/v7e-m+fp/hard/crtn.o
                0x0000000008008bd8                . = ALIGN (0x4)
                0x0000000008008bd8                _etext = .

.vfp11_veneer   0x0000000008008bd8        0x0
 .vfp11_veneer  0x0000000008008bd8        0x0 linker stubs

.v4_bx          0x0000000008008bd8        0x0
 .v4_bx         0x0000000008008bd8        0x0 linker stubs

.iplt           0x0000000008008bd8        0x0
 .iplt          0x0000000008008bd8        0x0 c:/st/stm32cubeide_1.12.0/stm32cubeide/plugins/com.st.stm32cube.ide.mcu.externaltools.gnu-tools-for-stm32.10.3-2021.10.win32_1.0.200.202301161003/tools/bin/../lib/gcc/arm-none-eabi/10.3.1/thumb/v7e-m+fp/hard/crtbegin.o

.rodata         0x0000000008008bd8    0x13aac
                0x0000000008008bd8                . = ALIGN (0x4)
 *(.rodata)
 *(.rodata*)
 .rodata.font   0x0000000008008bd8      0x240 ./Core/Src/ILI9341/ILI9341_GFX.o
 .rodata.DoFFT.str1.4
                0x0000000008008e18       0x1b ./Core/Src/main.o
 *fill*         0x0000000008008e33        0x1 
 .rodata.AHBPrescTable
                0x0000000008008e34       0x10 ./Core/Src/system_stm32f7xx.o
                0x0000000008008e34                AHBPrescTable
 .rodata.APBPrescTable
                0x0000000008008e44        0x8 ./Core/Src/system_stm32f7xx.o
                0x0000000008008e44                APBPrescTable
 .rodata.flagBitshiftOffset.0
                0x0000000008008e4c        0x8 ./Drivers/STM32F7xx_HAL_Driver/Src/stm32f7xx_hal_dma.o
 .rodata.twiddleCoef_2048
                0x0000000008008e54     0x4000 C:\Users\ripst\Desktop\stm32_f746_spectrum_analyzer\STM32F7_Audio_Spectrum_Analyser\Lib\libarm_cortexM7lfsp_math.a(arm_common_tables.o)
                0x0000000008008e54                twiddleCoef_2048
 .rodata.twiddleCoef_rfft_64
                0x000000000800ce54      0x100 C:\Users\ripst\Desktop\stm32_f746_spectrum_analyzer\STM32F7_Audio_Spectrum_Analyser\Lib\libarm_cortexM7lfsp_math.a(arm_common_tables.o)
                0x000000000800ce54                twiddleCoef_rfft_64
 .rodata.armBitRevIndexTable64
                0x000000000800cf54       0x70 C:\Users\ripst\Desktop\stm32_f746_spectrum_analyzer\STM32F7_Audio_Spectrum_Analyser\Lib\libarm_cortexM7lfsp_math.a(arm_common_tables.o)
                0x000000000800cf54                armBitRevIndexTable64
 .rodata.twiddleCoef_rfft_2048
                0x000000000800cfc4     0x2000 C:\Users\ripst\Desktop\stm32_f746_spectrum_analyzer\STM32F7_Audio_Spectrum_Analyser\Lib\libarm_cortexM7lfsp_math.a(arm_common_tables.o)
                0x000000000800cfc4                twiddleCoef_rfft_2048
 .rodata.twiddleCoef_rfft_4096
                0x000000000800efc4     0x4000 C:\Users\ripst\Desktop\stm32_f746_spectrum_analyzer\STM32F7_Audio_Spectrum_Analyser\Lib\libarm_cortexM7lfsp_math.a(arm_common_tables.o)
                0x000000000800efc4                twiddleCoef_rfft_4096
 .rodata.twiddleCoef_256
                0x0000000008012fc4      0x800 C:\Users\ripst\Desktop\stm32_f746_spectrum_analyzer\STM32F7_Audio_Spectrum_Analyser\Lib\libarm_cortexM7lfsp_math.a(arm_common_tables.o)
                0x0000000008012fc4                twiddleCoef_256
 .rodata.twiddleCoef_16
                0x00000000080137c4       0x80 C:\Users\ripst\Desktop\stm32_f746_spectrum_analyzer\STM32F7_Audio_Spectrum_Analyser\Lib\libarm_cortexM7lfsp_math.a(arm_common_tables.o)
                0x00000000080137c4                twiddleCoef_16
 .rodata.twiddleCoef_1024
                0x0000000008013844     0x2000 C:\Users\ripst\Desktop\stm32_f746_spectrum_analyzer\STM32F7_Audio_Spectrum_Analyser\Lib\libarm_cortexM7lfsp_math.a(arm_common_tables.o)
                0x0000000008013844                twiddleCoef_1024
 .rodata.twiddleCoef_32
                0x0000000008015844      0x100 C:\Users\ripst\Desktop\stm32_f746_spectrum_analyzer\STM32F7_Audio_Spectrum_Analyser\Lib\libarm_cortexM7lfsp_math.a(arm_common_tables.o)
                0x0000000008015844                twiddleCoef_32
 .rodata.armBitRevIndexTable1024
                0x0000000008015944      0xe10 C:\Users\ripst\Desktop\stm32_f746_spectrum_analyzer\STM32F7_Audio_Spectrum_Analyser\Lib\libarm_cortexM7lfsp_math.a(arm_common_tables.o)
                0x0000000008015944                armBitRevIndexTable1024
 .rodata.armBitRevIndexTable16
                0x0000000008016754       0x28 C:\Users\ripst\Desktop\stm32_f746_spectrum_analyzer\STM32F7_Audio_Spectrum_Analyser\Lib\libarm_cortexM7lfsp_math.a(arm_common_tables.o)
                0x0000000008016754                armBitRevIndexTable16
 .rodata.twiddleCoef_rfft_32
                0x000000000801677c       0x80 C:\Users\ripst\Desktop\stm32_f746_spectrum_analyzer\STM32F7_Audio_Spectrum_Analyser\Lib\libarm_cortexM7lfsp_math.a(arm_common_tables.o)
                0x000000000801677c                twiddleCoef_rfft_32
 .rodata.armBitRevIndexTable32
                0x00000000080167fc       0x60 C:\Users\ripst\Desktop\stm32_f746_spectrum_analyzer\STM32F7_Audio_Spectrum_Analyser\Lib\libarm_cortexM7lfsp_math.a(arm_common_tables.o)
                0x00000000080167fc                armBitRevIndexTable32
 .rodata.twiddleCoef_128
                0x000000000801685c      0x400 C:\Users\ripst\Desktop\stm32_f746_spectrum_analyzer\STM32F7_Audio_Spectrum_Analyser\Lib\libarm_cortexM7lfsp_math.a(arm_common_tables.o)
                0x000000000801685c                twiddleCoef_128
 .rodata.twiddleCoef_512
                0x0000000008016c5c     0x1000 C:\Users\ripst\Desktop\stm32_f746_spectrum_analyzer\STM32F7_Audio_Spectrum_Analyser\Lib\libarm_cortexM7lfsp_math.a(arm_common_tables.o)
                0x0000000008016c5c                twiddleCoef_512
 .rodata.armBitRevIndexTable2048
                0x0000000008017c5c     0x1dc0 C:\Users\ripst\Desktop\stm32_f746_spectrum_analyzer\STM32F7_Audio_Spectrum_Analyser\Lib\libarm_cortexM7lfsp_math.a(arm_common_tables.o)
                0x0000000008017c5c                armBitRevIndexTable2048
 .rodata.twiddleCoef_64
                0x0000000008019a1c      0x200 C:\Users\ripst\Desktop\stm32_f746_spectrum_analyzer\STM32F7_Audio_Spectrum_Analyser\Lib\libarm_cortexM7lfsp_math.a(arm_common_tables.o)
                0x0000000008019a1c                twiddleCoef_64
 .rodata.twiddleCoef_rfft_512
                0x0000000008019c1c      0x800 C:\Users\ripst\Desktop\stm32_f746_spectrum_analyzer\STM32F7_Audio_Spectrum_Analyser\Lib\libarm_cortexM7lfsp_math.a(arm_common_tables.o)
                0x0000000008019c1c                twiddleCoef_rfft_512
 .rodata.armBitRevIndexTable512
                0x000000000801a41c      0x380 C:\Users\ripst\Desktop\stm32_f746_spectrum_analyzer\STM32F7_Audio_Spectrum_Analyser\Lib\libarm_cortexM7lfsp_math.a(arm_common_tables.o)
                0x000000000801a41c                armBitRevIndexTable512
 .rodata.twiddleCoef_rfft_1024
                0x000000000801a79c     0x1000 C:\Users\ripst\Desktop\stm32_f746_spectrum_analyzer\STM32F7_Audio_Spectrum_Analyser\Lib\libarm_cortexM7lfsp_math.a(arm_common_tables.o)
                0x000000000801a79c                twiddleCoef_rfft_1024
 .rodata.twiddleCoef_rfft_256
                0x000000000801b79c      0x400 C:\Users\ripst\Desktop\stm32_f746_spectrum_analyzer\STM32F7_Audio_Spectrum_Analyser\Lib\libarm_cortexM7lfsp_math.a(arm_common_tables.o)
                0x000000000801b79c                twiddleCoef_rfft_256
 .rodata.armBitRevIndexTable256
                0x000000000801bb9c      0x370 C:\Users\ripst\Desktop\stm32_f746_spectrum_analyzer\STM32F7_Audio_Spectrum_Analyser\Lib\libarm_cortexM7lfsp_math.a(arm_common_tables.o)
                0x000000000801bb9c                armBitRevIndexTable256
 .rodata.twiddleCoef_rfft_128
                0x000000000801bf0c      0x200 C:\Users\ripst\Desktop\stm32_f746_spectrum_analyzer\STM32F7_Audio_Spectrum_Analyser\Lib\libarm_cortexM7lfsp_math.a(arm_common_tables.o)
                0x000000000801bf0c                twiddleCoef_rfft_128
 .rodata.armBitRevIndexTable128
                0x000000000801c10c      0x1a0 C:\Users\ripst\Desktop\stm32_f746_spectrum_analyzer\STM32F7_Audio_Spectrum_Analyser\Lib\libarm_cortexM7lfsp_math.a(arm_common_tables.o)
                0x000000000801c10c                armBitRevIndexTable128
 .rodata._global_impure_ptr
                0x000000000801c2ac        0x4 c:/st/stm32cubeide_1.12.0/stm32cubeide/plugins/com.st.stm32cube.ide.mcu.externaltools.gnu-tools-for-stm32.10.3-2021.10.win32_1.0.200.202301161003/tools/bin/../lib/gcc/arm-none-eabi/10.3.1/../../../../arm-none-eabi/lib/thumb/v7e-m+fp/hard\libc_nano.a(lib_a-impure.o)
                0x000000000801c2ac                _global_impure_ptr
 .rodata._printf_float.str1.1
                0x000000000801c2b0       0x12 c:/st/stm32cubeide_1.12.0/stm32cubeide/plugins/com.st.stm32cube.ide.mcu.externaltools.gnu-tools-for-stm32.10.3-2021.10.win32_1.0.200.202301161003/tools/bin/../lib/gcc/arm-none-eabi/10.3.1/../../../../arm-none-eabi/lib/thumb/v7e-m+fp/hard\libc_nano.a(lib_a-nano-vfprintf_float.o)
 .rodata._printf_i.str1.1
                0x000000000801c2c2       0x22 c:/st/stm32cubeide_1.12.0/stm32cubeide/plugins/com.st.stm32cube.ide.mcu.externaltools.gnu-tools-for-stm32.10.3-2021.10.win32_1.0.200.202301161003/tools/bin/../lib/gcc/arm-none-eabi/10.3.1/../../../../arm-none-eabi/lib/thumb/v7e-m+fp/hard\libc_nano.a(lib_a-nano-vfprintf_i.o)
 .rodata._dtoa_r.str1.1
                0x000000000801c2e4       0x90 c:/st/stm32cubeide_1.12.0/stm32cubeide/plugins/com.st.stm32cube.ide.mcu.externaltools.gnu-tools-for-stm32.10.3-2021.10.win32_1.0.200.202301161003/tools/bin/../lib/gcc/arm-none-eabi/10.3.1/../../../../arm-none-eabi/lib/thumb/v7e-m+fp/hard\libc_nano.a(lib_a-dtoa.o)
                                         0x92 (size before relaxing)
 .rodata.__sf_fake_stderr
                0x000000000801c374       0x20 c:/st/stm32cubeide_1.12.0/stm32cubeide/plugins/com.st.stm32cube.ide.mcu.externaltools.gnu-tools-for-stm32.10.3-2021.10.win32_1.0.200.202301161003/tools/bin/../lib/gcc/arm-none-eabi/10.3.1/../../../../arm-none-eabi/lib/thumb/v7e-m+fp/hard\libc_nano.a(lib_a-findfp.o)
                0x000000000801c374                __sf_fake_stderr
 .rodata.__sf_fake_stdin
                0x000000000801c394       0x20 c:/st/stm32cubeide_1.12.0/stm32cubeide/plugins/com.st.stm32cube.ide.mcu.externaltools.gnu-tools-for-stm32.10.3-2021.10.win32_1.0.200.202301161003/tools/bin/../lib/gcc/arm-none-eabi/10.3.1/../../../../arm-none-eabi/lib/thumb/v7e-m+fp/hard\libc_nano.a(lib_a-findfp.o)
                0x000000000801c394                __sf_fake_stdin
 .rodata.__sf_fake_stdout
                0x000000000801c3b4       0x20 c:/st/stm32cubeide_1.12.0/stm32cubeide/plugins/com.st.stm32cube.ide.mcu.externaltools.gnu-tools-for-stm32.10.3-2021.10.win32_1.0.200.202301161003/tools/bin/../lib/gcc/arm-none-eabi/10.3.1/../../../../arm-none-eabi/lib/thumb/v7e-m+fp/hard\libc_nano.a(lib_a-findfp.o)
                0x000000000801c3b4                __sf_fake_stdout
 .rodata._Balloc.str1.1
                0x000000000801c3d4       0x5c c:/st/stm32cubeide_1.12.0/stm32cubeide/plugins/com.st.stm32cube.ide.mcu.externaltools.gnu-tools-for-stm32.10.3-2021.10.win32_1.0.200.202301161003/tools/bin/../lib/gcc/arm-none-eabi/10.3.1/../../../../arm-none-eabi/lib/thumb/v7e-m+fp/hard\libc_nano.a(lib_a-mprec.o)
                                         0x73 (size before relaxing)
 .rodata.__multadd.str1.1
                0x000000000801c430       0x11 c:/st/stm32cubeide_1.12.0/stm32cubeide/plugins/com.st.stm32cube.ide.mcu.externaltools.gnu-tools-for-stm32.10.3-2021.10.win32_1.0.200.202301161003/tools/bin/../lib/gcc/arm-none-eabi/10.3.1/../../../../arm-none-eabi/lib/thumb/v7e-m+fp/hard\libc_nano.a(lib_a-mprec.o)
 .rodata.__mprec_bigtens
                0x000000000801c430       0x28 c:/st/stm32cubeide_1.12.0/stm32cubeide/plugins/com.st.stm32cube.ide.mcu.externaltools.gnu-tools-for-stm32.10.3-2021.10.win32_1.0.200.202301161003/tools/bin/../lib/gcc/arm-none-eabi/10.3.1/../../../../arm-none-eabi/lib/thumb/v7e-m+fp/hard\libc_nano.a(lib_a-mprec.o)
                0x000000000801c430                __mprec_bigtens
 .rodata.__mprec_tens
                0x000000000801c458       0xc8 c:/st/stm32cubeide_1.12.0/stm32cubeide/plugins/com.st.stm32cube.ide.mcu.externaltools.gnu-tools-for-stm32.10.3-2021.10.win32_1.0.200.202301161003/tools/bin/../lib/gcc/arm-none-eabi/10.3.1/../../../../arm-none-eabi/lib/thumb/v7e-m+fp/hard\libc_nano.a(lib_a-mprec.o)
                0x000000000801c458                __mprec_tens
 .rodata.p05.0  0x000000000801c520        0xc c:/st/stm32cubeide_1.12.0/stm32cubeide/plugins/com.st.stm32cube.ide.mcu.externaltools.gnu-tools-for-stm32.10.3-2021.10.win32_1.0.200.202301161003/tools/bin/../lib/gcc/arm-none-eabi/10.3.1/../../../../arm-none-eabi/lib/thumb/v7e-m+fp/hard\libc_nano.a(lib_a-mprec.o)
 .rodata._svfprintf_r.str1.1
                0x000000000801c52c       0x11 c:/st/stm32cubeide_1.12.0/stm32cubeide/plugins/com.st.stm32cube.ide.mcu.externaltools.gnu-tools-for-stm32.10.3-2021.10.win32_1.0.200.202301161003/tools/bin/../lib/gcc/arm-none-eabi/10.3.1/../../../../arm-none-eabi/lib/thumb/v7e-m+fp/hard\libc_nano.a(lib_a-nano-svfprintf.o)
 .rodata._vfprintf_r.str1.1
                0x000000000801c53d       0x11 c:/st/stm32cubeide_1.12.0/stm32cubeide/plugins/com.st.stm32cube.ide.mcu.externaltools.gnu-tools-for-stm32.10.3-2021.10.win32_1.0.200.202301161003/tools/bin/../lib/gcc/arm-none-eabi/10.3.1/../../../../arm-none-eabi/lib/thumb/v7e-m+fp/hard\libc_nano.a(lib_a-nano-vfprintf.o)
 .rodata.__assert_func.str1.1
                0x000000000801c53d       0x3c c:/st/stm32cubeide_1.12.0/stm32cubeide/plugins/com.st.stm32cube.ide.mcu.externaltools.gnu-tools-for-stm32.10.3-2021.10.win32_1.0.200.202301161003/tools/bin/../lib/gcc/arm-none-eabi/10.3.1/../../../../arm-none-eabi/lib/thumb/v7e-m+fp/hard\libc_nano.a(lib_a-assert.o)
                                         0x3d (size before relaxing)
 .rodata._setlocale_r.str1.1
                0x000000000801c579        0x8 c:/st/stm32cubeide_1.12.0/stm32cubeide/plugins/com.st.stm32cube.ide.mcu.externaltools.gnu-tools-for-stm32.10.3-2021.10.win32_1.0.200.202301161003/tools/bin/../lib/gcc/arm-none-eabi/10.3.1/../../../../arm-none-eabi/lib/thumb/v7e-m+fp/hard\libc_nano.a(lib_a-locale.o)
                                          0x9 (size before relaxing)
 .rodata.str1.1
                0x000000000801c581        0x2 c:/st/stm32cubeide_1.12.0/stm32cubeide/plugins/com.st.stm32cube.ide.mcu.externaltools.gnu-tools-for-stm32.10.3-2021.10.win32_1.0.200.202301161003/tools/bin/../lib/gcc/arm-none-eabi/10.3.1/../../../../arm-none-eabi/lib/thumb/v7e-m+fp/hard\libc_nano.a(lib_a-locale.o)
 .rodata._ctype_
                0x000000000801c583      0x101 c:/st/stm32cubeide_1.12.0/stm32cubeide/plugins/com.st.stm32cube.ide.mcu.externaltools.gnu-tools-for-stm32.10.3-2021.10.win32_1.0.200.202301161003/tools/bin/../lib/gcc/arm-none-eabi/10.3.1/../../../../arm-none-eabi/lib/thumb/v7e-m+fp/hard\libc_nano.a(lib_a-ctype_.o)
                0x000000000801c583                _ctype_
 .rodata.log.str1.1
                0x000000000801c684        0x1 c:/st/stm32cubeide_1.12.0/stm32cubeide/plugins/com.st.stm32cube.ide.mcu.externaltools.gnu-tools-for-stm32.10.3-2021.10.win32_1.0.200.202301161003/tools/bin/../lib/gcc/arm-none-eabi/10.3.1/../../../../arm-none-eabi/lib/thumb/v7e-m+fp/hard\libm.a(lib_a-w_log.o)
                0x000000000801c688                . = ALIGN (0x4)

.ARM.extab      0x000000000801c684        0x0
                0x000000000801c684                . = ALIGN (0x4)
 *(.ARM.extab* .gnu.linkonce.armextab.*)
                0x000000000801c684                . = ALIGN (0x4)

.ARM            0x000000000801c684        0x8
                0x000000000801c684                . = ALIGN (0x4)
                0x000000000801c684                __exidx_start = .
 *(.ARM.exidx*)
 .ARM.exidx     0x000000000801c684        0x8 c:/st/stm32cubeide_1.12.0/stm32cubeide/plugins/com.st.stm32cube.ide.mcu.externaltools.gnu-tools-for-stm32.10.3-2021.10.win32_1.0.200.202301161003/tools/bin/../lib/gcc/arm-none-eabi/10.3.1/thumb/v7e-m+fp/hard\libgcc.a(_udivmoddi4.o)
                0x000000000801c68c                __exidx_end = .
                0x000000000801c68c                . = ALIGN (0x4)

.rel.dyn        0x000000000801c68c        0x0
 .rel.iplt      0x000000000801c68c        0x0 c:/st/stm32cubeide_1.12.0/stm32cubeide/plugins/com.st.stm32cube.ide.mcu.externaltools.gnu-tools-for-stm32.10.3-2021.10.win32_1.0.200.202301161003/tools/bin/../lib/gcc/arm-none-eabi/10.3.1/thumb/v7e-m+fp/hard/crtbegin.o

.preinit_array  0x000000000801c68c        0x0
                0x000000000801c68c                . = ALIGN (0x4)
                0x000000000801c68c                PROVIDE (__preinit_array_start = .)
 *(.preinit_array*)
                0x000000000801c68c                PROVIDE (__preinit_array_end = .)
                0x000000000801c68c                . = ALIGN (0x4)

.init_array     0x000000000801c68c        0x4
                0x000000000801c68c                . = ALIGN (0x4)
                0x000000000801c68c                PROVIDE (__init_array_start = .)
 *(SORT_BY_NAME(.init_array.*))
 *(.init_array*)
 .init_array    0x000000000801c68c        0x4 c:/st/stm32cubeide_1.12.0/stm32cubeide/plugins/com.st.stm32cube.ide.mcu.externaltools.gnu-tools-for-stm32.10.3-2021.10.win32_1.0.200.202301161003/tools/bin/../lib/gcc/arm-none-eabi/10.3.1/thumb/v7e-m+fp/hard/crtbegin.o
                0x000000000801c690                PROVIDE (__init_array_end = .)
                0x000000000801c690                . = ALIGN (0x4)

.fini_array     0x000000000801c690        0x4
                0x000000000801c690                . = ALIGN (0x4)
                [!provide]                        PROVIDE (__fini_array_start = .)
 *(SORT_BY_NAME(.fini_array.*))
 *(.fini_array*)
 .fini_array    0x000000000801c690        0x4 c:/st/stm32cubeide_1.12.0/stm32cubeide/plugins/com.st.stm32cube.ide.mcu.externaltools.gnu-tools-for-stm32.10.3-2021.10.win32_1.0.200.202301161003/tools/bin/../lib/gcc/arm-none-eabi/10.3.1/thumb/v7e-m+fp/hard/crtbegin.o
                [!provide]                        PROVIDE (__fini_array_end = .)
                0x000000000801c694                . = ALIGN (0x4)
                0x000000000801c694                _sidata = LOADADDR (.data)

.data           0x0000000020000000      0x1e4 load address 0x000000000801c694
                0x0000000020000000                . = ALIGN (0x4)
                0x0000000020000000                _sdata = .
 *(.data)
 *(.data*)
 .data.LCD_HEIGHT
                0x0000000020000000        0x2 ./Core/Src/ILI9341/ILI9341_STM32_Driver.o
                0x0000000020000000                LCD_HEIGHT
 .data.LCD_WIDTH
                0x0000000020000002        0x2 ./Core/Src/ILI9341/ILI9341_STM32_Driver.o
                0x0000000020000002                LCD_WIDTH
 .data.real_fsample
                0x0000000020000004        0x4 ./Core/Src/main.o
                0x0000000020000004                real_fsample
 .data.SystemCoreClock
                0x0000000020000008        0x4 ./Core/Src/system_stm32f7xx.o
                0x0000000020000008                SystemCoreClock
 .data.uwTickFreq
                0x000000002000000c        0x1 ./Drivers/STM32F7xx_HAL_Driver/Src/stm32f7xx_hal.o
                0x000000002000000c                uwTickFreq
 *fill*         0x000000002000000d        0x3 
 .data.uwTickPrio
                0x0000000020000010        0x4 ./Drivers/STM32F7xx_HAL_Driver/Src/stm32f7xx_hal.o
                0x0000000020000010                uwTickPrio
 .data._impure_ptr
                0x0000000020000014        0x4 c:/st/stm32cubeide_1.12.0/stm32cubeide/plugins/com.st.stm32cube.ide.mcu.externaltools.gnu-tools-for-stm32.10.3-2021.10.win32_1.0.200.202301161003/tools/bin/../lib/gcc/arm-none-eabi/10.3.1/../../../../arm-none-eabi/lib/thumb/v7e-m+fp/hard\libc_nano.a(lib_a-impure.o)
                0x0000000020000014                _impure_ptr
 .data.impure_data
                0x0000000020000018       0x60 c:/st/stm32cubeide_1.12.0/stm32cubeide/plugins/com.st.stm32cube.ide.mcu.externaltools.gnu-tools-for-stm32.10.3-2021.10.win32_1.0.200.202301161003/tools/bin/../lib/gcc/arm-none-eabi/10.3.1/../../../../arm-none-eabi/lib/thumb/v7e-m+fp/hard\libc_nano.a(lib_a-impure.o)
 .data.__global_locale
                0x0000000020000078      0x16c c:/st/stm32cubeide_1.12.0/stm32cubeide/plugins/com.st.stm32cube.ide.mcu.externaltools.gnu-tools-for-stm32.10.3-2021.10.win32_1.0.200.202301161003/tools/bin/../lib/gcc/arm-none-eabi/10.3.1/../../../../arm-none-eabi/lib/thumb/v7e-m+fp/hard\libc_nano.a(lib_a-locale.o)
                0x0000000020000078                __global_locale
 *(.RamFunc)
 *(.RamFunc*)
                0x00000000200001e4                . = ALIGN (0x4)
                0x00000000200001e4                _edata = .

.igot.plt       0x00000000200001e4        0x0 load address 0x000000000801c878
 .igot.plt      0x00000000200001e4        0x0 c:/st/stm32cubeide_1.12.0/stm32cubeide/plugins/com.st.stm32cube.ide.mcu.externaltools.gnu-tools-for-stm32.10.3-2021.10.win32_1.0.200.202301161003/tools/bin/../lib/gcc/arm-none-eabi/10.3.1/thumb/v7e-m+fp/hard/crtbegin.o
                0x00000000200001e4                . = ALIGN (0x4)

.bss            0x00000000200001e4    0x1922c load address 0x000000000801c878
                0x00000000200001e4                _sbss = .